Archive member included to satisfy reference by file (symbol)

app/libapp.a(main.c.obj)      (--whole-archive)
zephyr/libzephyr.a(heap.c.obj)
                              (--whole-archive)
zephyr/libzephyr.a(cbprintf_packaged.c.obj)
                              (--whole-archive)
zephyr/libzephyr.a(clock.c.obj)
                              (--whole-archive)
zephyr/libzephyr.a(printk.c.obj)
                              (--whole-archive)
zephyr/libzephyr.a(sem.c.obj)
                              (--whole-archive)
zephyr/libzephyr.a(thread_entry.c.obj)
                              (--whole-archive)
zephyr/libzephyr.a(cbprintf_complete.c.obj)
                              (--whole-archive)
zephyr/libzephyr.a(assert.c.obj)
                              (--whole-archive)
zephyr/libzephyr.a(mpsc_pbuf.c.obj)
                              (--whole-archive)
zephyr/libzephyr.a(dec.c.obj)
                              (--whole-archive)
zephyr/libzephyr.a(hex.c.obj)
                              (--whole-archive)
zephyr/libzephyr.a(rb.c.obj)  (--whole-archive)
zephyr/libzephyr.a(timeutil.c.obj)
                              (--whole-archive)
zephyr/libzephyr.a(bitarray.c.obj)
                              (--whole-archive)
zephyr/libzephyr.a(ring_buffer.c.obj)
                              (--whole-archive)
zephyr/libzephyr.a(configs.c.obj)
                              (--whole-archive)
zephyr/libzephyr.a(soc_appcpu.c.obj)
                              (--whole-archive)
zephyr/libzephyr.a(thread_info.c.obj)
                              (--whole-archive)
zephyr/libzephyr.a(log_core.c.obj)
                              (--whole-archive)
zephyr/libzephyr.a(log_mgmt.c.obj)
                              (--whole-archive)
zephyr/libzephyr.a(log_cache.c.obj)
                              (--whole-archive)
zephyr/libzephyr.a(log_msg.c.obj)
                              (--whole-archive)
zephyr/libzephyr.a(tracing_none.c.obj)
                              (--whole-archive)
zephyr/libzephyr.a(windowspill_asm.S.obj)
                              (--whole-archive)
zephyr/libzephyr.a(esp_efuse_api.c.obj)
                              (--whole-archive)
zephyr/libzephyr.a(esp_efuse_utility.c.obj)
                              (--whole-archive)
zephyr/libzephyr.a(esp_efuse_table.c.obj)
                              (--whole-archive)
zephyr/libzephyr.a(esp_efuse_utility.c.obj)
                              (--whole-archive)
zephyr/libzephyr.a(esp_efuse_api_key.c.obj)
                              (--whole-archive)
zephyr/libzephyr.a(flash_encrypt.c.obj)
                              (--whole-archive)
zephyr/libzephyr.a(esp_gpio_reserve.c.obj)
                              (--whole-archive)
zephyr/libzephyr.a(cache_esp32.c.obj)
                              (--whole-archive)
zephyr/libzephyr.a(mmu_hal.c.obj)
                              (--whole-archive)
zephyr/libzephyr.a(spi_flash_encrypt_hal_iram.c.obj)
                              (--whole-archive)
zephyr/libzephyr.a(spi_flash_hal.c.obj)
                              (--whole-archive)
zephyr/libzephyr.a(spi_flash_hal_iram.c.obj)
                              (--whole-archive)
zephyr/libzephyr.a(cache_hal_esp32.c.obj)
                              (--whole-archive)
zephyr/libzephyr.a(esp_flash_api.c.obj)
                              (--whole-archive)
zephyr/libzephyr.a(esp_flash_spi_init.c.obj)
                              (--whole-archive)
zephyr/libzephyr.a(flash_mmap.c.obj)
                              (--whole-archive)
zephyr/libzephyr.a(flash_ops.c.obj)
                              (--whole-archive)
zephyr/libzephyr.a(memspi_host_driver.c.obj)
                              (--whole-archive)
zephyr/libzephyr.a(spi_flash_chip_boya.c.obj)
                              (--whole-archive)
zephyr/libzephyr.a(spi_flash_chip_drivers.c.obj)
                              (--whole-archive)
zephyr/libzephyr.a(spi_flash_chip_gd.c.obj)
                              (--whole-archive)
zephyr/libzephyr.a(spi_flash_chip_generic.c.obj)
                              (--whole-archive)
zephyr/libzephyr.a(spi_flash_chip_issi.c.obj)
                              (--whole-archive)
zephyr/libzephyr.a(spi_flash_chip_mxic.c.obj)
                              (--whole-archive)
zephyr/libzephyr.a(spi_flash_chip_mxic_opi.c.obj)
                              (--whole-archive)
zephyr/libzephyr.a(spi_flash_chip_th.c.obj)
                              (--whole-archive)
zephyr/libzephyr.a(spi_flash_chip_winbond.c.obj)
                              (--whole-archive)
zephyr/libzephyr.a(spi_flash_os_func_noos.c.obj)
                              (--whole-archive)
zephyr/libzephyr.a(spi_flash_os_func_app.c.obj)
                              (--whole-archive)
zephyr/libzephyr.a(clk.c.obj)
                              (--whole-archive)
zephyr/libzephyr.a(gpio_periph.c.obj)
                              (--whole-archive)
zephyr/libzephyr.a(rtc_io_periph.c.obj)
                              (--whole-archive)
[...]
Memory Configuration

Name             Origin             Length             Attributes
mcuboot_hdr      0x0000000000000000 0x0000000000000020 r
metadata         0x0000000000000020 0x0000000000000020 r
FLASH            0x0000000000000040 0x00000000003fffc0 r
iram0_1_seg      0x0000000040096800 0x0000000000010000 xr
dram0_1_seg      0x000000003ffe8000 0x0000000000010000 rw
IDT_LIST         0x000000003ebfe010 0x0000000000002000 rw
*default*        0x0000000000000000 0xffffffffffffffff

Linker script and memory map

                0x000000004009f0b0                vfprintf = __l_vfprintf
                0x0000000000000000                vfscanf = __l_vfscanf
LOAD zephyr/CMakeFiles/zephyr_final.dir/misc/empty_file.c.obj
LOAD zephyr/CMakeFiles/zephyr_final.dir/isr_tables.c.obj
LOAD zephyr/CMakeFiles/offsets.dir/./arch/xtensa/core/offsets/offsets.c.obj
LOAD app/libapp.a
LOAD zephyr/libzephyr.a
LOAD zephyr/arch/common/libarch__common.a
LOAD zephyr/arch/arch/xtensa/core/libarch__xtensa__core.a
LOAD zephyr/lib/libc/picolibc/liblib__libc__picolibc.a
LOAD zephyr/lib/libc/common/liblib__libc__common.a
LOAD zephyr/drivers/interrupt_controller/libdrivers__interrupt_controller.a
LOAD zephyr/drivers/clock_control/libdrivers__clock_control.a
LOAD zephyr/drivers/gpio/libdrivers__gpio.a
LOAD zephyr/drivers/pinctrl/libdrivers__pinctrl.a
LOAD zephyr/drivers/timer/libdrivers__timer.a
LOAD zephyr/kernel/libkernel.a
LOAD zephyr/arch/common/libisr_tables.a
LOAD c:/users/rene_/.zephyr_ide/toolchains/zephyr-sdk-0.17.2/xtensa-espressif_esp32_zephyr-elf/bin/../lib/gcc/xtensa-espressif_esp32_zephyr-elf/12.2.0\libgcc.a
LOAD c:\users\rene_\.zephyr_ide\toolchains\zephyr-sdk-0.17.2\xtensa-espressif_esp32_zephyr-elf\bin\../lib/gcc/../../picolibc/xtensa-espressif_esp32_zephyr-elf/lib\libc.a
LOAD c:/users/rene_/.zephyr_ide/toolchains/zephyr-sdk-0.17.2/xtensa-espressif_esp32_zephyr-elf/bin/../lib/gcc/xtensa-espressif_esp32_zephyr-elf/12.2.0\libgcc.a
                0x00000000400a6800                appcpu_iram_end = 0x400a6800
                0x0000000040096800                appcpu_iram_org = (appcpu_iram_end - 0x10000)
                0x0000000000010000                appcpu_iram_len = 0x10000
                0x000000003ffe8000                appcpu_dram_org = 0x3ffe8000
                0x0000000000010000                appcpu_dram_len = 0x10000
                [!provide]                        PROVIDE (_ResetVector = 0x40000400)
                0x0000000000000000                _rom_store_table = 0x0
                [!provide]                        PROVIDE (_memmap_vecbase_reset = 0x40000450)
                [!provide]                        PROVIDE (_memmap_reset_vector = 0x40000400)
                0x000000003fff8000                _heap_sentry = 0x3fff8000
                0x000000000000c508                _libc_heap_size = (_heap_sentry - _end)

.mcuboot_header
                0x0000000000000000       0x20
                0x0000000000000000        0x8 QUAD 0x0
                0x0000000000000008        0x8 QUAD 0x0
                0x0000000000000010        0x8 QUAD 0x0
                0x0000000000000018        0x8 QUAD 0x0

.metadata       0x0000000000000020       0x20
                0x0000000000000020        0x4 LONG 0xace637d3
 *(SORT_BY_ALIGNMENT(.entry_addr))
 .entry_addr    0x0000000000000024        0x4 zephyr/libzephyr.a(soc_appcpu.c.obj)
                0x0000000000000028        0x4 LONG 0x40096800 ADDR (.iram0.vectors)
                0x000000000000002c        0x4 LONG 0x40 LOADADDR (.iram0.vectors)
                0x0000000000000030        0x4 LONG 0x94dc (_iram_end - _init_start)
                0x0000000000000034        0x4 LONG 0x3ffe8000 ADDR (.dram0.data)
                0x0000000000000038        0x4 LONG 0x951c LOADADDR (.dram0.data)
                0x000000000000003c        0x4 LONG 0x196c (_data_end - _data_start)

.rel.plt        0x0000000000000000        0x0
 *(SORT_BY_ALIGNMENT(.rel.plt))
                [!provide]                        PROVIDE (__rel_iplt_start = .)
 *(SORT_BY_ALIGNMENT(.rel.iplt))
                [!provide]                        PROVIDE (__rel_iplt_end = .)

.rela.plt       0x0000000000000000        0x0
 *(SORT_BY_ALIGNMENT(.rela.plt))
                [!provide]                        PROVIDE (__rela_iplt_start = .)
 *(SORT_BY_ALIGNMENT(.rela.iplt))
                [!provide]                        PROVIDE (__rela_iplt_end = .)

.rel.dyn
 *(SORT_BY_ALIGNMENT(.rel.*))

.rela.dyn
 *(SORT_BY_ALIGNMENT(.rela.*))

.iram0.vectors  0x0000000040096800      0x400 load address 0x0000000000000040
                0x0000000040096800                _init_start = ABSOLUTE (.)
                0x0000000000000000                . = 0x0
 *(SORT_BY_ALIGNMENT(.WindowVectors.text))
 .WindowVectors.text
                0x0000000040096800      0x16a zephyr/arch/arch/xtensa/core/libarch__xtensa__core.a(window_vectors.S.obj)
                0x0000000040096800                _WindowOverflow4
                0x0000000040096840                _WindowUnderflow4
                0x0000000040096850                _xt_alloca_exc
                0x0000000040096880                _WindowOverflow8
                0x00000000400968c0                _WindowUnderflow8
                0x0000000040096900                _WindowOverflow12
                0x0000000040096940                _WindowUnderflow12
                0x0000000000000180                . = 0x180
 *fill*         0x000000004009696a       0x16 
 *(SORT_BY_ALIGNMENT(.Level2InterruptVector.text))
 .Level2InterruptVector.text
                0x0000000040096980       0x29 zephyr/arch/arch/xtensa/core/libarch__xtensa__core.a(xtensa_asm2_util.S.obj)
                0x0000000040096980                _Level2Vector
                0x00000000000001c0                . = 0x1c0
 *fill*         0x00000000400969a9       0x17 
 *(SORT_BY_ALIGNMENT(.Level3InterruptVector.text))
 .Level3InterruptVector.text
                0x00000000400969c0       0x25 zephyr/arch/arch/xtensa/core/libarch__xtensa__core.a(xtensa_asm2_util.S.obj)
                                         0x29 (size before relaxing)
                0x00000000400969c0                _Level3Vector
                0x0000000000000200                . = 0x200
 *fill*         0x00000000400969e5       0x1b 
 *(SORT_BY_ALIGNMENT(.Level4InterruptVector.text))
 .Level4InterruptVector.text
                0x0000000040096a00       0x25 zephyr/arch/arch/xtensa/core/libarch__xtensa__core.a(xtensa_asm2_util.S.obj)
                                         0x29 (size before relaxing)
                0x0000000040096a00                _Level4Vector
                0x0000000000000240                . = 0x240
 *fill*         0x0000000040096a25       0x1b 
 *(SORT_BY_ALIGNMENT(.Level5InterruptVector.text))
 .Level5InterruptVector.text
                0x0000000040096a40       0x25 zephyr/arch/arch/xtensa/core/libarch__xtensa__core.a(xtensa_asm2_util.S.obj)
                                         0x29 (size before relaxing)
                0x0000000040096a40                _Level5Vector
                0x0000000000000280                . = 0x280
 *fill*         0x0000000040096a65       0x1b 
 *(SORT_BY_ALIGNMENT(.DebugExceptionVector.text))
 .DebugExceptionVector.text
                0x0000000040096a80       0x25 zephyr/arch/arch/xtensa/core/libarch__xtensa__core.a(xtensa_asm2_util.S.obj)
                                         0x29 (size before relaxing)
                0x0000000040096a80                _Level6Vector
                0x00000000000002c0                . = 0x2c0
 *fill*         0x0000000040096aa5       0x1b 
 *(SORT_BY_ALIGNMENT(.NMIExceptionVector.text))
 .NMIExceptionVector.text
                0x0000000040096ac0       0x25 zephyr/arch/arch/xtensa/core/libarch__xtensa__core.a(xtensa_asm2_util.S.obj)
                                         0x29 (size before relaxing)
                0x0000000040096ac0                _Level7Vector
                0x0000000000000300                . = 0x300
 *fill*         0x0000000040096ae5       0x1b 
 *(SORT_BY_ALIGNMENT(.KernelExceptionVector.text))
 .KernelExceptionVector.text
                0x0000000040096b00        0x3 zephyr/arch/arch/xtensa/core/libarch__xtensa__core.a(xtensa_asm2_util.S.obj)
                0x0000000040096b00                _KernelExceptionVector
                0x0000000000000340                . = 0x340
 *fill*         0x0000000040096b03       0x3d 
 *(SORT_BY_ALIGNMENT(.UserExceptionVector.text))
 .UserExceptionVector.text
                0x0000000040096b40       0x16 zephyr/arch/arch/xtensa/core/libarch__xtensa__core.a(xtensa_asm2_util.S.obj)
                0x0000000040096b40                _Level1RealVector
                0x00000000000003c0                . = 0x3c0
 *fill*         0x0000000040096b56       0x6a 
 *(SORT_BY_ALIGNMENT(.DoubleExceptionVector.text))
 .DoubleExceptionVector.text
                0x0000000040096bc0        0x3 zephyr/arch/arch/xtensa/core/libarch__xtensa__core.a(xtensa_asm2_util.S.obj)
                0x0000000040096bc0                _DoubleExceptionVector
                0x0000000000000400                . = 0x400
 *fill*         0x0000000040096bc3       0x3d 
 *(SORT_BY_ALIGNMENT(.*Vector.literal))
 *(SORT_BY_ALIGNMENT(.UserEnter.literal))
 *(SORT_BY_ALIGNMENT(.UserEnter.text))
                0x0000000040096c00                . = ALIGN (0x10)
 *(SORT_BY_ALIGNMENT(.entry.text))
 *(SORT_BY_ALIGNMENT(.init.literal))
 *(.init)
                0x0000000040096c00                _init_end = ABSOLUTE (.)
                0x0000000040096c00                _iram_start = ABSOLUTE (.)

.iram0.text     0x0000000040096c00     0x4640 load address 0x0000000000000440
                0x0000000040096c00                _iram_text_start = ABSOLUTE (.)
 *(SORT_BY_ALIGNMENT(.iram1) SORT_BY_ALIGNMENT(.iram1.*))
 .iram1.0.literal
                0x0000000040096c00        0xc zephyr/libzephyr.a(soc_appcpu.c.obj)
                                         0x18 (size before relaxing)
 .iram1.2.literal
                0x0000000040096c0c        0x4 zephyr/libzephyr.a(regi2c_ctrl.c.obj)
 .iram1.3.literal
                0x0000000040096c10        0x4 zephyr/libzephyr.a(regi2c_ctrl.c.obj)
 .iram1.1.literal
                0x0000000040096c14        0x4 zephyr/libzephyr.a(rtc_clk.c.obj)
 .iram1.1.literal
                0x0000000040096c18        0x4 zephyr/libzephyr.a(esp_rom_sys.c.obj)
 .iram1.2.literal
                0x0000000040096c1c        0xc zephyr/libzephyr.a(esp_rom_uart.c.obj)
 .iram1.literal
                0x0000000040096c28        0x0 zephyr/arch/arch/xtensa/core/libarch__xtensa__core.a(debug_helpers_asm.S.obj)
                                          0x4 (size before relaxing)
 .iram1.0.literal
                0x0000000040096c28        0x4 zephyr/drivers/interrupt_controller/libdrivers__interrupt_controller.a(intc_esp32.c.obj)
 .iram1.3.literal
                0x0000000040096c2c        0x4 zephyr/drivers/interrupt_controller/libdrivers__interrupt_controller.a(intc_esp32.c.obj)
                                          0xc (size before relaxing)
 .iram1.1.literal
                0x0000000040096c30        0x0 zephyr/drivers/gpio/libdrivers__gpio.a(gpio_esp32.c.obj)
                                          0x4 (size before relaxing)
 .iram1.2.literal
                0x0000000040096c30        0x8 zephyr/drivers/gpio/libdrivers__gpio.a(gpio_esp32.c.obj)
                                         0x10 (size before relaxing)
 .iram1.0.literal
                0x0000000040096c38       0x48 zephyr/drivers/gpio/libdrivers__gpio.a(gpio_esp32.c.obj)
                                         0x70 (size before relaxing)
 .literal.arch_cpu_idle
                0x0000000040096c80        0x0 zephyr/arch/arch/xtensa/core/libarch__xtensa__core.a(cpu_idle.c.obj)
                                          0x4 (size before relaxing)
 .literal.xtensa_exccause
                0x0000000040096c80       0x6c zephyr/arch/arch/xtensa/core/libarch__xtensa__core.a(fatal.c.obj)
 .literal.xtensa_fatal_error
                0x0000000040096cec        0x0 zephyr/arch/arch/xtensa/core/libarch__xtensa__core.a(fatal.c.obj)
                                          0xc (size before relaxing)
 .literal       0x0000000040096cec        0x4 zephyr/arch/arch/xtensa/core/libarch__xtensa__core.a(xtensa_asm2_util.S.obj)
                                          0x8 (size before relaxing)
 .literal.z_irq_spurious
                0x0000000040096cf0        0xc zephyr/arch/arch/xtensa/core/libarch__xtensa__core.a(irq_manage.c.obj)
                                         0x14 (size before relaxing)
 .literal.init_stack
                0x0000000040096cfc        0xc zephyr/arch/arch/xtensa/core/libarch__xtensa__core.a(thread.c.obj)
 .literal.arch_new_thread
                0x0000000040096d08        0x0 zephyr/arch/arch/xtensa/core/libarch__xtensa__core.a(thread.c.obj)
                                          0x4 (size before relaxing)
 .literal._xtensa_handle_one_int1
                0x0000000040096d08       0x14 zephyr/arch/arch/xtensa/core/libarch__xtensa__core.a(vector_handlers.c.obj)
                                         0x18 (size before relaxing)
 .literal._xtensa_handle_one_int3
                0x0000000040096d1c       0x1c zephyr/arch/arch/xtensa/core/libarch__xtensa__core.a(vector_handlers.c.obj)
                                         0x20 (size before relaxing)
 .literal._xtensa_handle_one_int5
                0x0000000040096d38        0xc zephyr/arch/arch/xtensa/core/libarch__xtensa__core.a(vector_handlers.c.obj)
                                         0x10 (size before relaxing)
 .literal._xtensa_handle_one_int2
                0x0000000040096d44        0xc zephyr/arch/arch/xtensa/core/libarch__xtensa__core.a(vector_handlers.c.obj)
                                         0x10 (size before relaxing)
 .literal._xtensa_handle_one_int4
                0x0000000040096d50       0x14 zephyr/arch/arch/xtensa/core/libarch__xtensa__core.a(vector_handlers.c.obj)
                                         0x18 (size before relaxing)
 .literal.xtensa_int1_c
                0x0000000040096d64        0x4 zephyr/arch/arch/xtensa/core/libarch__xtensa__core.a(vector_handlers.c.obj)
                                          0xc (size before relaxing)
 .literal.xtensa_is_outside_stack_bounds
                0x0000000040096d68        0x4 zephyr/arch/arch/xtensa/core/libarch__xtensa__core.a(vector_handlers.c.obj)
                                          0x8 (size before relaxing)
 .literal.print_fatal_exception
                0x0000000040096d6c       0x20 zephyr/arch/arch/xtensa/core/libarch__xtensa__core.a(vector_handlers.c.obj)
                                         0x50 (size before relaxing)
 .literal.xtensa_is_frame_pointer_valid
                0x0000000040096d8c        0x0 zephyr/arch/arch/xtensa/core/libarch__xtensa__core.a(vector_handlers.c.obj)
                                          0x8 (size before relaxing)
 .literal.xtensa_dump_stack
                0x0000000040096d8c       0x1c zephyr/arch/arch/xtensa/core/libarch__xtensa__core.a(vector_handlers.c.obj)
                                         0x44 (size before relaxing)
 .literal.xtensa_int2_c
                0x0000000040096da8        0x0 zephyr/arch/arch/xtensa/core/libarch__xtensa__core.a(vector_handlers.c.obj)
                                          0xc (size before relaxing)
 .literal.xtensa_int3_c
                0x0000000040096da8        0x0 zephyr/arch/arch/xtensa/core/libarch__xtensa__core.a(vector_handlers.c.obj)
                                          0xc (size before relaxing)
 .literal.xtensa_int4_c
                0x0000000040096da8        0x0 zephyr/arch/arch/xtensa/core/libarch__xtensa__core.a(vector_handlers.c.obj)
                                          0xc (size before relaxing)
 .literal.xtensa_int5_c
                0x0000000040096da8        0x0 zephyr/arch/arch/xtensa/core/libarch__xtensa__core.a(vector_handlers.c.obj)
                                          0xc (size before relaxing)
 .literal.xtensa_int6_c
                0x0000000040096da8        0x0 zephyr/arch/arch/xtensa/core/libarch__xtensa__core.a(vector_handlers.c.obj)
                                          0x8 (size before relaxing)
 .literal.xtensa_int7_c
                0x0000000040096da8        0x4 zephyr/arch/arch/xtensa/core/libarch__xtensa__core.a(vector_handlers.c.obj)
                                         0x10 (size before relaxing)
 .literal.xtensa_excint1_c
                0x0000000040096dac        0xc zephyr/arch/arch/xtensa/core/libarch__xtensa__core.a(vector_handlers.c.obj)
                                         0x34 (size before relaxing)
 .literal.z_prep_c
                0x0000000040096db8        0x0 zephyr/arch/arch/xtensa/core/libarch__xtensa__core.a(prep_c.c.obj)
                                          0x8 (size before relaxing)
 .literal.xtensa_cpu_process_stack_pc
                0x0000000040096db8        0xc zephyr/arch/arch/xtensa/core/libarch__xtensa__core.a(xtensa_backtrace.c.obj)
                                         0x10 (size before relaxing)
 .literal.xtensa_ptr_executable
                0x0000000040096dc4       0x28 zephyr/arch/arch/xtensa/core/libarch__xtensa__core.a(xtensa_backtrace.c.obj)
 .literal.xtensa_stack_ptr_is_sane
                0x0000000040096dec        0x8 zephyr/arch/arch/xtensa/core/libarch__xtensa__core.a(xtensa_backtrace.c.obj)
                                          0xc (size before relaxing)
 .literal.xtensa_backtrace_get_next_frame
                0x0000000040096df4        0x0 zephyr/arch/arch/xtensa/core/libarch__xtensa__core.a(xtensa_backtrace.c.obj)
                                         0x10 (size before relaxing)
 .literal.xtensa_backtrace_print
                0x0000000040096df4       0x14 zephyr/arch/arch/xtensa/core/libarch__xtensa__core.a(xtensa_backtrace.c.obj)
                                         0x58 (size before relaxing)
 .literal.z_device_state_init
                0x0000000040096e08        0x8 zephyr/kernel/libkernel.a(device.c.obj)
 .literal.reason_to_str
                0x0000000040096e10       0x1c zephyr/kernel/libkernel.a(fatal.c.obj)
 .literal.thread_name_get
                0x0000000040096e2c        0x4 zephyr/kernel/libkernel.a(fatal.c.obj)
                                          0x8 (size before relaxing)
 .literal.k_sys_fatal_error_handler
                0x0000000040096e30        0x4 zephyr/kernel/libkernel.a(fatal.c.obj)
                                         0x14 (size before relaxing)
 .literal.z_fatal_error
                0x0000000040096e34        0x8 zephyr/kernel/libkernel.a(fatal.c.obj)
                                         0x2c (size before relaxing)
 .literal.z_sys_init_run_level
                0x0000000040096e3c        0x4 zephyr/kernel/libkernel.a(init.c.obj)
                                          0x8 (size before relaxing)
 .literal.init_idle_thread
                0x0000000040096e40       0x10 zephyr/kernel/libkernel.a(init.c.obj)
                                         0x18 (size before relaxing)
 .literal.thread_schedule_new
                0x0000000040096e50        0x4 zephyr/kernel/libkernel.a(init.c.obj)
                                          0xc (size before relaxing)
 .literal.z_init_static_threads
                0x0000000040096e54        0x4 zephyr/kernel/libkernel.a(init.c.obj)
                                         0x18 (size before relaxing)
 .literal.bg_thread_main
                0x0000000040096e58        0x8 zephyr/kernel/libkernel.a(init.c.obj)
                                         0x1c (size before relaxing)
 .literal.z_swap_unlocked
                0x0000000040096e60        0x0 zephyr/kernel/libkernel.a(init.c.obj)
                                         0x10 (size before relaxing)
 .literal.switch_to_main_thread
                0x0000000040096e60        0x0 zephyr/kernel/libkernel.a(init.c.obj)
                                          0x4 (size before relaxing)
 .literal.z_early_memset
                0x0000000040096e60        0x0 zephyr/kernel/libkernel.a(init.c.obj)
                                          0x4 (size before relaxing)
 .literal.z_bss_zero
                0x0000000040096e60        0x8 zephyr/kernel/libkernel.a(init.c.obj)
                                          0xc (size before relaxing)
 .literal.z_init_cpu
                0x0000000040096e68        0x0 zephyr/kernel/libkernel.a(init.c.obj)
                                         0x10 (size before relaxing)
 .literal.prepare_multithreading
                0x0000000040096e68        0xc zephyr/kernel/libkernel.a(init.c.obj)
                                         0x28 (size before relaxing)
 .literal.z_cstart
                0x0000000040096e74        0x4 zephyr/kernel/libkernel.a(init.c.obj)
                                         0x24 (size before relaxing)
 .literal.idle  0x0000000040096e78        0x0 zephyr/kernel/libkernel.a(idle.c.obj)
                                          0x4 (size before relaxing)
 .literal.z_impl_k_sem_give
                0x0000000040096e78        0x4 zephyr/kernel/libkernel.a(sem.c.obj)
                                         0x10 (size before relaxing)
 .literal.z_impl_k_sem_take
                0x0000000040096e7c        0x0 zephyr/kernel/libkernel.a(sem.c.obj)
                                          0x8 (size before relaxing)
 .literal.thread_schedule_new
                0x0000000040096e7c        0x0 zephyr/kernel/libkernel.a(thread.c.obj)
                                          0xc (size before relaxing)
 .literal.z_impl_k_thread_name_set
                0x0000000040096e7c        0x4 zephyr/kernel/libkernel.a(thread.c.obj)
                                          0x8 (size before relaxing)
 .literal.z_setup_new_thread
                0x0000000040096e80        0x0 zephyr/kernel/libkernel.a(thread.c.obj)
                                         0x14 (size before relaxing)
 .literal.z_impl_k_thread_create
                0x0000000040096e80        0x0 zephyr/kernel/libkernel.a(thread.c.obj)
                                          0x8 (size before relaxing)
 .literal.z_dummy_thread_init
                0x0000000040096e80        0x0 zephyr/kernel/libkernel.a(thread.c.obj)
                                          0x8 (size before relaxing)
 .literal.ready_thread
                0x0000000040096e80        0x4 zephyr/kernel/libkernel.a(sched.c.obj)
                                          0xc (size before relaxing)
 .literal.unready_thread
                0x0000000040096e84        0x0 zephyr/kernel/libkernel.a(sched.c.obj)
                                          0xc (size before relaxing)
 .literal.add_to_waitq_locked
                0x0000000040096e84        0x0 zephyr/kernel/libkernel.a(sched.c.obj)
                                          0x4 (size before relaxing)
 .literal.z_abort_thread_timeout
                0x0000000040096e84        0x0 zephyr/kernel/libkernel.a(sched.c.obj)
                                          0x4 (size before relaxing)
 .literal.unpend_all
                0x0000000040096e84        0x0 zephyr/kernel/libkernel.a(sched.c.obj)
                                          0x8 (size before relaxing)
 .literal.thread_halt_spin
                0x0000000040096e84        0x0 zephyr/kernel/libkernel.a(sched.c.obj)
                                         0x24 (size before relaxing)
 .literal.add_thread_timeout
                0x0000000040096e84        0x0 zephyr/kernel/libkernel.a(sched.c.obj)
                                          0x8 (size before relaxing)
 .literal.pend_locked
                0x0000000040096e84        0x0 zephyr/kernel/libkernel.a(sched.c.obj)
                                          0x8 (size before relaxing)
 .literal.move_thread_to_end_of_prio_q
                0x0000000040096e84        0x0 zephyr/kernel/libkernel.a(sched.c.obj)
                                          0xc (size before relaxing)
 .literal.z_ready_thread
                0x0000000040096e84        0x0 zephyr/kernel/libkernel.a(sched.c.obj)
                                          0x8 (size before relaxing)
 .literal.z_sched_wake_thread
                0x0000000040096e84        0x0 zephyr/kernel/libkernel.a(sched.c.obj)
                                          0x4 (size before relaxing)
 .literal.z_thread_timeout
                0x0000000040096e84        0x0 zephyr/kernel/libkernel.a(sched.c.obj)
                                          0x4 (size before relaxing)
 .literal.z_unpend_thread
                0x0000000040096e84        0x0 zephyr/kernel/libkernel.a(sched.c.obj)
                                          0x8 (size before relaxing)
 .literal.k_sched_lock
                0x0000000040096e84        0x0 zephyr/kernel/libkernel.a(sched.c.obj)
                                          0x4 (size before relaxing)
 .literal.z_swap_next_thread
                0x0000000040096e84        0x0 zephyr/kernel/libkernel.a(sched.c.obj)
                                          0x4 (size before relaxing)
 .literal.z_swap_irqlock
                0x0000000040096e84        0x0 zephyr/kernel/libkernel.a(sched.c.obj)
                                         0x10 (size before relaxing)
 .literal.z_reschedule_irqlock
                0x0000000040096e84        0x0 zephyr/kernel/libkernel.a(sched.c.obj)
                                          0x8 (size before relaxing)
 .literal.k_sched_unlock
                0x0000000040096e84        0x0 zephyr/kernel/libkernel.a(sched.c.obj)
                                         0x10 (size before relaxing)
 .literal.z_swap
                0x0000000040096e84        0x4 zephyr/kernel/libkernel.a(sched.c.obj)
                                         0x14 (size before relaxing)
 .literal.z_pend_curr
                0x0000000040096e88        0x0 zephyr/kernel/libkernel.a(sched.c.obj)
                                         0x10 (size before relaxing)
 .literal.z_reschedule
                0x0000000040096e88        0x0 zephyr/kernel/libkernel.a(sched.c.obj)
                                          0x8 (size before relaxing)
 .literal.z_get_next_switch_handle
                0x0000000040096e88        0x0 zephyr/kernel/libkernel.a(sched.c.obj)
                                          0x4 (size before relaxing)
 .literal.z_unpend_all
                0x0000000040096e88        0x0 zephyr/kernel/libkernel.a(sched.c.obj)
                                          0x8 (size before relaxing)
 .literal.z_sched_init
                0x0000000040096e88        0x0 zephyr/kernel/libkernel.a(sched.c.obj)
                                          0x8 (size before relaxing)
 .literal.z_impl_k_yield
                0x0000000040096e88        0x0 zephyr/kernel/libkernel.a(sched.c.obj)
                                         0x14 (size before relaxing)
 .literal.z_tick_sleep
                0x0000000040096e88        0x0 zephyr/kernel/libkernel.a(sched.c.obj)
                                         0x24 (size before relaxing)
 .literal.z_impl_k_sleep
                0x0000000040096e88        0xc zephyr/kernel/libkernel.a(sched.c.obj)
                                         0x14 (size before relaxing)
 .literal.z_impl_k_wakeup
                0x0000000040096e94        0x0 zephyr/kernel/libkernel.a(sched.c.obj)
                                         0x10 (size before relaxing)
 .literal.z_impl_k_sched_current_thread_query
                0x0000000040096e94        0x0 zephyr/kernel/libkernel.a(sched.c.obj)
                                          0x4 (size before relaxing)
 .literal.z_thread_abort
                0x0000000040096e94        0x0 zephyr/kernel/libkernel.a(sched.c.obj)
                                         0x40 (size before relaxing)
 .literal.z_impl_k_thread_abort
                0x0000000040096e94        0x0 zephyr/kernel/libkernel.a(sched.c.obj)
                                          0x4 (size before relaxing)
 .literal.slice_timeout
                0x0000000040096e94        0xc zephyr/kernel/libkernel.a(timeslicing.c.obj)
 .literal.thread_is_sliceable
                0x0000000040096ea0        0x8 zephyr/kernel/libkernel.a(timeslicing.c.obj)
                                          0xc (size before relaxing)
 .literal.z_reset_time_slice
                0x0000000040096ea8        0x4 zephyr/kernel/libkernel.a(timeslicing.c.obj)
                                         0x20 (size before relaxing)
 .literal.z_time_slice
                0x0000000040096eac        0x0 zephyr/kernel/libkernel.a(timeslicing.c.obj)
                                         0x14 (size before relaxing)
 .literal.z_thread_monitor_exit
                0x0000000040096eac        0x0 zephyr/kernel/libkernel.a(thread_monitor.c.obj)
                                          0x4 (size before relaxing)
 .literal.first
                0x0000000040096eac        0x4 zephyr/kernel/libkernel.a(timeout.c.obj)
 .literal.next  0x0000000040096eb0        0x0 zephyr/kernel/libkernel.a(timeout.c.obj)
                                          0x4 (size before relaxing)
 .literal.remove_timeout
                0x0000000040096eb0        0x0 zephyr/kernel/libkernel.a(timeout.c.obj)
                                          0x4 (size before relaxing)
 .literal.next_timeout
                0x0000000040096eb0        0x0 zephyr/kernel/libkernel.a(timeout.c.obj)
                                          0x8 (size before relaxing)
 .literal.elapsed
                0x0000000040096eb0        0x4 zephyr/kernel/libkernel.a(timeout.c.obj)
                                          0x8 (size before relaxing)
 .literal.z_add_timeout
                0x0000000040096eb4        0x4 zephyr/kernel/libkernel.a(timeout.c.obj)
                                         0x28 (size before relaxing)
 .literal.z_abort_timeout
                0x0000000040096eb8        0x4 zephyr/kernel/libkernel.a(timeout.c.obj)
                                         0x1c (size before relaxing)
 .literal.sys_clock_announce
                0x0000000040096ebc        0x0 zephyr/kernel/libkernel.a(timeout.c.obj)
                                         0x20 (size before relaxing)
 .literal.sys_clock_tick_get
                0x0000000040096ebc        0x0 zephyr/kernel/libkernel.a(timeout.c.obj)
                                          0x8 (size before relaxing)
 .literal.sys_clock_tick_get_32
                0x0000000040096ebc        0x0 zephyr/kernel/libkernel.a(timeout.c.obj)
                                          0x4 (size before relaxing)
 .literal.z_impl_k_uptime_ticks
                0x0000000040096ebc        0x0 zephyr/kernel/libkernel.a(timeout.c.obj)
                                          0x4 (size before relaxing)
 .literal.z_timer_expiration_handler
                0x0000000040096ebc        0x4 zephyr/kernel/libkernel.a(timer.c.obj)
                                         0x24 (size before relaxing)
 .literal.z_impl_k_timer_start
                0x0000000040096ec0        0x0 zephyr/kernel/libkernel.a(timer.c.obj)
                                          0xc (size before relaxing)
 .literal.z_impl_k_timer_stop
                0x0000000040096ec0        0x0 zephyr/kernel/libkernel.a(timer.c.obj)
                                         0x10 (size before relaxing)
 .literal.k_free
                0x0000000040096ec0        0x0 zephyr/kernel/libkernel.a(mempool.c.obj)
                                          0x4 (size before relaxing)
 .literal.k_malloc
                0x0000000040096ec0        0x8 zephyr/kernel/libkernel.a(mempool.c.obj)
                                          0xc (size before relaxing)
 .literal.k_thread_system_pool_assign
                0x0000000040096ec8        0x0 zephyr/kernel/libkernel.a(mempool.c.obj)
                                          0x4 (size before relaxing)
 .literal.boot_banner
                0x0000000040096ec8        0x4 zephyr/kernel/libkernel.a(banner.c.obj)
                                          0x8 (size before relaxing)
 .literal.k_heap_init
                0x0000000040096ecc        0x0 zephyr/kernel/libkernel.a(kheap.c.obj)
                                          0x4 (size before relaxing)
 .literal.statics_init
                0x0000000040096ecc        0x8 zephyr/kernel/libkernel.a(kheap.c.obj)
                                          0xc (size before relaxing)
 .literal.k_heap_free
                0x0000000040096ed4        0x0 zephyr/kernel/libkernel.a(kheap.c.obj)
                                          0xc (size before relaxing)
 .literal       0x0000000040096ed4        0x4 zephyr/libzephyr.a(windowspill_asm.S.obj)
 .literal.esp_log_impl_lock
                0x0000000040096ed8        0x4 zephyr/libzephyr.a(log_noos.c.obj)
                                          0x8 (size before relaxing)
 .literal.esp_log_impl_lock_timeout
                0x0000000040096edc        0x0 zephyr/libzephyr.a(log_noos.c.obj)
                                          0x4 (size before relaxing)
 .literal.esp_log_impl_unlock
                0x0000000040096edc        0x0 zephyr/libzephyr.a(log_noos.c.obj)
                                          0x8 (size before relaxing)
 .literal.esp_log_early_timestamp
                0x0000000040096edc        0x4 zephyr/libzephyr.a(log_noos.c.obj)
 .literal.sys_clock_driver_init
                0x0000000040096ee0        0x4 zephyr/drivers/timer/libdrivers__timer.a(xtensa_sys_timer.c.obj)
                                          0xc (size before relaxing)
 .literal.ccompare_isr
                0x0000000040096ee4        0x8 zephyr/drivers/timer/libdrivers__timer.a(xtensa_sys_timer.c.obj)
                                         0x14 (size before relaxing)
 .literal.sys_clock_set_timeout
                0x0000000040096eec        0xc zephyr/drivers/timer/libdrivers__timer.a(xtensa_sys_timer.c.obj)
                                         0x20 (size before relaxing)
 .literal.sys_clock_elapsed
                0x0000000040096ef8        0x0 zephyr/drivers/timer/libdrivers__timer.a(xtensa_sys_timer.c.obj)
                                          0xc (size before relaxing)
 .literal.msg_process
                0x0000000040096ef8        0x4 zephyr/libzephyr.a(log_core.c.obj)
                                          0xc (size before relaxing)
 .literal.log_backend_notify_all
                0x0000000040096efc        0x0 zephyr/libzephyr.a(log_core.c.obj)
                                          0x8 (size before relaxing)
 .literal.default_lf_get_timestamp
                0x0000000040096efc        0x0 zephyr/libzephyr.a(log_core.c.obj)
                                         0x10 (size before relaxing)
 .literal.activate_foreach_backend
                0x0000000040096efc        0x0 zephyr/libzephyr.a(log_core.c.obj)
                                          0x8 (size before relaxing)
 .literal.k_msleep
                0x0000000040096efc        0x0 zephyr/libzephyr.a(log_core.c.obj)
                                          0x4 (size before relaxing)
 .literal.z_log_init
                0x0000000040096efc        0x4 zephyr/libzephyr.a(log_core.c.obj)
                                         0x1c (size before relaxing)
 .literal.thread_set
                0x0000000040096f00        0xc zephyr/libzephyr.a(log_core.c.obj)
                                         0x10 (size before relaxing)
 .literal.log_process_thread_timer_expiry_fn
                0x0000000040096f0c        0x0 zephyr/libzephyr.a(log_core.c.obj)
                                          0x8 (size before relaxing)
 .literal.msg_alloc
                0x0000000040096f0c        0x0 zephyr/libzephyr.a(log_core.c.obj)
                                          0x4 (size before relaxing)
 .literal.msg_free
                0x0000000040096f0c        0x0 zephyr/libzephyr.a(log_core.c.obj)
                                          0x4 (size before relaxing)
 .literal.msg_pending
                0x0000000040096f0c        0x0 zephyr/libzephyr.a(log_core.c.obj)
                                          0x4 (size before relaxing)
 .literal.enable_logger
                0x0000000040096f0c       0x18 zephyr/libzephyr.a(log_core.c.obj)
                                         0x24 (size before relaxing)
 .literal.z_log_vprintk
                0x0000000040096f24        0x0 zephyr/libzephyr.a(log_core.c.obj)
                                          0x4 (size before relaxing)
 .literal.log_set_timestamp_func
                0x0000000040096f24        0x8 zephyr/libzephyr.a(log_core.c.obj)
 .literal.z_log_notify_backend_enabled
                0x0000000040096f2c        0x4 zephyr/libzephyr.a(log_core.c.obj)
                                          0xc (size before relaxing)
 .literal.z_log_dropped
                0x0000000040096f30        0x4 zephyr/libzephyr.a(log_core.c.obj)
                                         0x18 (size before relaxing)
 .literal.z_log_notify_drop
                0x0000000040096f34        0x0 zephyr/libzephyr.a(log_core.c.obj)
                                          0x4 (size before relaxing)
 .literal.z_log_dropped_read_and_clear
                0x0000000040096f34        0x0 zephyr/libzephyr.a(log_core.c.obj)
                                          0x4 (size before relaxing)
 .literal.dropped_notify
                0x0000000040096f34        0x0 zephyr/libzephyr.a(log_core.c.obj)
                                          0xc (size before relaxing)
 .literal.z_log_dropped_pending
                0x0000000040096f34        0x0 zephyr/libzephyr.a(log_core.c.obj)
                                          0x4 (size before relaxing)
 .literal.z_log_msg_init
                0x0000000040096f34        0xc zephyr/libzephyr.a(log_core.c.obj)
                                         0x10 (size before relaxing)
 .literal.log_core_init
                0x0000000040096f40        0x8 zephyr/libzephyr.a(log_core.c.obj)
                                         0x20 (size before relaxing)
 .literal.z_log_msg_alloc
                0x0000000040096f48        0x0 zephyr/libzephyr.a(log_core.c.obj)
                                          0x8 (size before relaxing)
 .literal.z_log_msg_local_claim
                0x0000000040096f48        0x0 zephyr/libzephyr.a(log_core.c.obj)
                                          0x8 (size before relaxing)
 .literal.z_log_msg_claim
                0x0000000040096f48        0x0 zephyr/libzephyr.a(log_core.c.obj)
                                          0x4 (size before relaxing)
 .literal.z_log_msg_free
                0x0000000040096f48        0x0 zephyr/libzephyr.a(log_core.c.obj)
                                          0x8 (size before relaxing)
 .literal.z_log_msg_pending
                0x0000000040096f48        0x0 zephyr/libzephyr.a(log_core.c.obj)
                                          0x8 (size before relaxing)
 .literal.z_impl_log_process
                0x0000000040096f48        0x4 zephyr/libzephyr.a(log_core.c.obj)
                                         0x34 (size before relaxing)
 .literal.z_impl_log_panic
                0x0000000040096f4c        0x0 zephyr/libzephyr.a(log_core.c.obj)
                                         0x14 (size before relaxing)
 .literal.z_log_msg_post_finalize
                0x0000000040096f4c        0x4 zephyr/libzephyr.a(log_core.c.obj)
                                         0x28 (size before relaxing)
 .literal.msg_commit
                0x0000000040096f50        0x0 zephyr/libzephyr.a(log_core.c.obj)
                                          0x8 (size before relaxing)
 .literal.z_log_msg_commit
                0x0000000040096f50        0x0 zephyr/libzephyr.a(log_core.c.obj)
                                          0xc (size before relaxing)
 .literal.log_process_thread_func
                0x0000000040096f50        0x0 zephyr/libzephyr.a(log_core.c.obj)
                                         0x20 (size before relaxing)
 .literal.vprintk
                0x0000000040096f50        0x0 zephyr/libzephyr.a(printk.c.obj)
                                          0x4 (size before relaxing)
 .literal.printk
                0x0000000040096f50        0x0 zephyr/libzephyr.a(printk.c.obj)
                                          0x4 (size before relaxing)
 .literal.z_cbprintf_cpy
                0x0000000040096f50        0x4 zephyr/libzephyr.a(log_msg.c.obj)
 .literal.cbprintf_package_copy
                0x0000000040096f54        0x4 zephyr/libzephyr.a(log_msg.c.obj)
                                          0x8 (size before relaxing)
 .literal.z_log_msg_finalize
                0x0000000040096f58        0x0 zephyr/libzephyr.a(log_msg.c.obj)
                                          0xc (size before relaxing)
 .literal.z_log_msg_simple_create
                0x0000000040096f58        0x0 zephyr/libzephyr.a(log_msg.c.obj)
                                          0x8 (size before relaxing)
 .literal.z_impl_z_log_msg_simple_create_0
                0x0000000040096f58        0x0 zephyr/libzephyr.a(log_msg.c.obj)
                                          0x4 (size before relaxing)
 .literal.z_impl_z_log_msg_simple_create_1
                0x0000000040096f58        0x0 zephyr/libzephyr.a(log_msg.c.obj)
                                          0x4 (size before relaxing)
 .literal.z_impl_z_log_msg_static_create
                0x0000000040096f58        0xc zephyr/libzephyr.a(log_msg.c.obj)
                                         0x28 (size before relaxing)
 .literal.z_log_msg_static_create
                0x0000000040096f64        0x0 zephyr/libzephyr.a(log_msg.c.obj)
                                          0x4 (size before relaxing)
 .literal.z_log_msg_runtime_vcreate
                0x0000000040096f64        0x4 zephyr/libzephyr.a(log_msg.c.obj)
                                         0x1c (size before relaxing)
 .iram1.0       0x0000000040096f68       0x21 zephyr/libzephyr.a(soc_appcpu.c.obj)
                                         0x2a (size before relaxing)
                0x0000000040096f68                __appcpu_start
 *fill*         0x0000000040096f89        0x3 
 .iram1.2       0x0000000040096f8c       0x25 zephyr/libzephyr.a(regi2c_ctrl.c.obj)
                0x0000000040096f8c                regi2c_ctrl_read_reg_mask
 *fill*         0x0000000040096fb1        0x3 
 .iram1.3       0x0000000040096fb4       0x20 zephyr/libzephyr.a(regi2c_ctrl.c.obj)
                0x0000000040096fb4                regi2c_ctrl_write_reg
 .iram1.1       0x0000000040096fd4       0x3f zephyr/libzephyr.a(rtc_clk.c.obj)
                0x0000000040096fd4                rtc_clk_get_lact_compensation_delay
 *fill*         0x0000000040097013        0x1 
 .iram1.1       0x0000000040097014        0xa zephyr/libzephyr.a(esp_rom_sys.c.obj)
                0x0000000040097014                esp_rom_set_cpu_ticks_per_us
 *fill*         0x000000004009701e        0x2 
 .iram1.2       0x0000000040097020       0x4b zephyr/libzephyr.a(esp_rom_uart.c.obj)
                0x0000000040097020                esp_rom_uart_tx_wait_idle
 *fill*         0x000000004009706b        0x1 
 .iram1         0x000000004009706c       0x1a zephyr/arch/arch/xtensa/core/libarch__xtensa__core.a(debug_helpers_asm.S.obj)
                0x000000004009706c                xtensa_backtrace_get_start
 *fill*         0x0000000040097086        0x2 
 .iram1.0       0x0000000040097088       0x3e zephyr/drivers/interrupt_controller/libdrivers__interrupt_controller.a(intc_esp32.c.obj)
 *fill*         0x00000000400970c6        0x2 
 .iram1.3       0x00000000400970c8       0xd0 zephyr/drivers/interrupt_controller/libdrivers__interrupt_controller.a(intc_esp32.c.obj)
                0x00000000400970c8                esp_intr_disable
 .iram1.1       0x0000000040097198       0x9a zephyr/drivers/gpio/libdrivers__gpio.a(gpio_esp32.c.obj)
 *fill*         0x0000000040097232        0x2 
 .iram1.2       0x0000000040097234       0x11 zephyr/drivers/gpio/libdrivers__gpio.a(gpio_esp32.c.obj)
                                         0x17 (size before relaxing)
 *fill*         0x0000000040097245        0x3 
 .iram1.0       0x0000000040097248      0x48c zephyr/drivers/gpio/libdrivers__gpio.a(gpio_esp32.c.obj)
                                        0x494 (size before relaxing)
 *fill*         0x00000000400976d4        0x0 
 *fill*         0x00000000400976d4        0x0 
 *fill*         0x00000000400976d4        0x0 
 *fill*         0x00000000400976d4        0x0 
 *fill*         0x00000000400976d4        0x0 
 *fill*         0x00000000400976d4        0x0 
 *fill*         0x00000000400976d4        0x0 
 *fill*         0x00000000400976d4        0x0 
 *fill*         0x00000000400976d4        0x0 
 *(SORT_BY_ALIGNMENT(.iram0.literal) SORT_BY_ALIGNMENT(.iram.literal) SORT_BY_ALIGNMENT(.iram.text.literal) SORT_BY_ALIGNMENT(.iram0.text) SORT_BY_ALIGNMENT(.iram.text))
 .iram0.text    0x00000000400976d4       0x2d zephyr/arch/arch/xtensa/core/libarch__xtensa__core.a(xtensa_asm2_util.S.obj)
                0x00000000400976d4                _Level1Vector
 *libesp32.a:panic.*(SORT_BY_ALIGNMENT(.literal) SORT_BY_ALIGNMENT(.text) SORT_BY_ALIGNMENT(.literal.*) SORT_BY_ALIGNMENT(.text.*))
 *librtc.a:(SORT_BY_ALIGNMENT(.literal) SORT_BY_ALIGNMENT(.text) SORT_BY_ALIGNMENT(.literal.*) SORT_BY_ALIGNMENT(.text.*))
 *libsubsys__net__l2__ethernet.a:(SORT_BY_ALIGNMENT(.literal) SORT_BY_ALIGNMENT(.text) SORT_BY_ALIGNMENT(.literal.*) SORT_BY_ALIGNMENT(.text.*))
 *libsubsys__net__lib__config.a:(SORT_BY_ALIGNMENT(.literal) SORT_BY_ALIGNMENT(.text) SORT_BY_ALIGNMENT(.literal.*) SORT_BY_ALIGNMENT(.text.*))
 *libsubsys__net__ip.a:(SORT_BY_ALIGNMENT(.literal) SORT_BY_ALIGNMENT(.text) SORT_BY_ALIGNMENT(.literal.*) SORT_BY_ALIGNMENT(.text.*))
 *libsubsys__net.a:(SORT_BY_ALIGNMENT(.literal) SORT_BY_ALIGNMENT(.text) SORT_BY_ALIGNMENT(.literal.*) SORT_BY_ALIGNMENT(.text.*))
 *libarch__xtensa__core.a:(SORT_BY_ALIGNMENT(.literal) SORT_BY_ALIGNMENT(.text) SORT_BY_ALIGNMENT(.literal.*) SORT_BY_ALIGNMENT(.text.*))
 *fill*         0x0000000040097701        0x3 
 .text.arch_cpu_idle
                0x0000000040097704        0xb zephyr/arch/arch/xtensa/core/libarch__xtensa__core.a(cpu_idle.c.obj)
                                          0xe (size before relaxing)
                0x0000000040097704                arch_cpu_idle
 *fill*         0x000000004009770f        0x1 
 .text.xtensa_exccause
                0x0000000040097710       0xb3 zephyr/arch/arch/xtensa/core/libarch__xtensa__core.a(fatal.c.obj)
                0x0000000040097710                xtensa_exccause
 *fill*         0x00000000400977c3        0x1 
 .text.xtensa_fatal_error
                0x00000000400977c4       0x26 zephyr/arch/arch/xtensa/core/libarch__xtensa__core.a(fatal.c.obj)
                                         0x2e (size before relaxing)
                0x00000000400977c4                xtensa_fatal_error
 *fill*         0x00000000400977ea        0x2 
 .text          0x00000000400977ec      0x21f zephyr/arch/arch/xtensa/core/libarch__xtensa__core.a(xtensa_asm2_util.S.obj)
                0x00000000400977ec                xtensa_spill_reg_windows
                0x000000004009780c                xtensa_save_high_regs
                0x0000000040097854                xtensa_restore_high_regs
                0x0000000040097889                _restore_context
                0x00000000400978c4                xtensa_arch_except
                0x00000000400978c7                xtensa_arch_except_epc
                0x00000000400978cc                xtensa_arch_kernel_oops
                0x00000000400978cf                xtensa_arch_kernel_oops_epc
                0x00000000400978d4                xtensa_switch
 *fill*         0x0000000040097a0b        0x1 
 .text.z_irq_spurious
                0x0000000040097a0c       0xa7 zephyr/arch/arch/xtensa/core/libarch__xtensa__core.a(irq_manage.c.obj)
                                         0xab (size before relaxing)
                0x0000000040097a0c                z_irq_spurious
 *fill*         0x0000000040097ab3        0x1 
 .text.init_stack
                0x0000000040097ab4       0x33 zephyr/arch/arch/xtensa/core/libarch__xtensa__core.a(thread.c.obj)
 *fill*         0x0000000040097ae7        0x1 
 .text.arch_new_thread
                0x0000000040097ae8       0x1a zephyr/arch/arch/xtensa/core/libarch__xtensa__core.a(thread.c.obj)
                0x0000000040097ae8                arch_new_thread
 *fill*         0x0000000040097b02        0x2 
 .text._xtensa_handle_one_int1
                0x0000000040097b04       0xfc zephyr/arch/arch/xtensa/core/libarch__xtensa__core.a(vector_handlers.c.obj)
 .text._xtensa_handle_one_int3
                0x0000000040097c00       0x64 zephyr/arch/arch/xtensa/core/libarch__xtensa__core.a(vector_handlers.c.obj)
 .text._xtensa_handle_one_int5
                0x0000000040097c64       0x37 zephyr/arch/arch/xtensa/core/libarch__xtensa__core.a(vector_handlers.c.obj)
 *fill*         0x0000000040097c9b        0x1 
 .text._xtensa_handle_one_int2
                0x0000000040097c9c       0x38 zephyr/arch/arch/xtensa/core/libarch__xtensa__core.a(vector_handlers.c.obj)
 .text._xtensa_handle_one_int4
                0x0000000040097cd4       0x4c zephyr/arch/arch/xtensa/core/libarch__xtensa__core.a(vector_handlers.c.obj)
 .text.xtensa_int1_c
                0x0000000040097d20       0x34 zephyr/arch/arch/xtensa/core/libarch__xtensa__core.a(vector_handlers.c.obj)
                                         0x38 (size before relaxing)
 .text.xtensa_is_outside_stack_bounds
                0x0000000040097d54       0x51 zephyr/arch/arch/xtensa/core/libarch__xtensa__core.a(vector_handlers.c.obj)
                0x0000000040097d54                xtensa_is_outside_stack_bounds
 *fill*         0x0000000040097da5        0x3 
 .text.print_fatal_exception
                0x0000000040097da8      0x46f zephyr/arch/arch/xtensa/core/libarch__xtensa__core.a(vector_handlers.c.obj)
                                        0x48f (size before relaxing)
 *fill*         0x0000000040098217        0x1 
 .text.xtensa_is_frame_pointer_valid
                0x0000000040098218       0x28 zephyr/arch/arch/xtensa/core/libarch__xtensa__core.a(vector_handlers.c.obj)
                                         0x2c (size before relaxing)
                0x0000000040098218                xtensa_is_frame_pointer_valid
 .text.xtensa_dump_stack
                0x0000000040098240      0x506 zephyr/arch/arch/xtensa/core/libarch__xtensa__core.a(vector_handlers.c.obj)
                                        0x51e (size before relaxing)
                0x0000000040098240                xtensa_dump_stack
 *fill*         0x0000000040098746        0x2 
 .text.xtensa_int2_c
                0x0000000040098748       0x34 zephyr/arch/arch/xtensa/core/libarch__xtensa__core.a(vector_handlers.c.obj)
                                         0x38 (size before relaxing)
                0x0000000040098748                xtensa_int2_c
 .text.xtensa_int3_c
                0x000000004009877c       0x34 zephyr/arch/arch/xtensa/core/libarch__xtensa__core.a(vector_handlers.c.obj)
                                         0x38 (size before relaxing)
                0x000000004009877c                xtensa_int3_c
 .text.xtensa_int4_c
                0x00000000400987b0       0x30 zephyr/arch/arch/xtensa/core/libarch__xtensa__core.a(vector_handlers.c.obj)
                                         0x38 (size before relaxing)
                0x00000000400987b0                xtensa_int4_c
 .text.xtensa_int5_c
                0x00000000400987e0       0x34 zephyr/arch/arch/xtensa/core/libarch__xtensa__core.a(vector_handlers.c.obj)
                                         0x38 (size before relaxing)
                0x00000000400987e0                xtensa_int5_c
 .text.xtensa_int6_c
                0x0000000040098814       0x1a zephyr/arch/arch/xtensa/core/libarch__xtensa__core.a(vector_handlers.c.obj)
                                         0x1e (size before relaxing)
                0x0000000040098814                xtensa_int6_c
 *fill*         0x000000004009882e        0x2 
 .text.xtensa_int7_c
                0x0000000040098830       0x40 zephyr/arch/arch/xtensa/core/libarch__xtensa__core.a(vector_handlers.c.obj)
                0x0000000040098830                xtensa_int7_c
 .text.xtensa_excint1_c
                0x0000000040098870      0x144 zephyr/arch/arch/xtensa/core/libarch__xtensa__core.a(vector_handlers.c.obj)
                                        0x158 (size before relaxing)
                0x0000000040098870                xtensa_excint1_c
 .text.z_prep_c
                0x00000000400989b4       0x10 zephyr/arch/arch/xtensa/core/libarch__xtensa__core.a(prep_c.c.obj)
                                         0x14 (size before relaxing)
                0x00000000400989b4                z_prep_c
 .text.xtensa_cpu_process_stack_pc
                0x00000000400989c4       0x32 zephyr/arch/arch/xtensa/core/libarch__xtensa__core.a(xtensa_backtrace.c.obj)
 *fill*         0x00000000400989f6        0x2 
 .text.xtensa_ptr_executable
                0x00000000400989f8       0x6a zephyr/arch/arch/xtensa/core/libarch__xtensa__core.a(xtensa_backtrace.c.obj)
 *fill*         0x0000000040098a62        0x2 
 .text.xtensa_stack_ptr_is_sane
                0x0000000040098a64       0x31 zephyr/arch/arch/xtensa/core/libarch__xtensa__core.a(xtensa_backtrace.c.obj)
                                         0x35 (size before relaxing)
 *fill*         0x0000000040098a95        0x3 
 .text.xtensa_backtrace_get_next_frame
                0x0000000040098a98       0x48 zephyr/arch/arch/xtensa/core/libarch__xtensa__core.a(xtensa_backtrace.c.obj)
                                         0x54 (size before relaxing)
                0x0000000040098a98                xtensa_backtrace_get_next_frame
 .text.xtensa_backtrace_print
                0x0000000040098ae0       0xe5 zephyr/arch/arch/xtensa/core/libarch__xtensa__core.a(xtensa_backtrace.c.obj)
                                        0x105 (size before relaxing)
                0x0000000040098ae0                xtensa_backtrace_print
 *fill*         0x0000000040098bc5        0x0 
 *fill*         0x0000000040098bc5        0x0 
 *fill*         0x0000000040098bc5        0x0 
 *fill*         0x0000000040098bc5        0x0 
 *fill*         0x0000000040098bc5        0x0 
 *fill*         0x0000000040098bc5        0x0 
 *fill*         0x0000000040098bc5        0x0 
 *fill*         0x0000000040098bc5        0x0 
 *fill*         0x0000000040098bc5        0x0 
 *fill*         0x0000000040098bc5        0x0 
 *fill*         0x0000000040098bc5        0x0 
 *fill*         0x0000000040098bc5        0x0 
 *fill*         0x0000000040098bc5        0x0 
 *fill*         0x0000000040098bc5        0x0 
 *fill*         0x0000000040098bc5        0x0 
 *fill*         0x0000000040098bc5        0x0 
 *libkernel.a:(SORT_BY_ALIGNMENT(.literal) SORT_BY_ALIGNMENT(.text) SORT_BY_ALIGNMENT(.literal.*) SORT_BY_ALIGNMENT(.text.*))
 *fill*         0x0000000040098bc5        0x3 
 .text.z_device_state_init
                0x0000000040098bc8       0x14 zephyr/kernel/libkernel.a(device.c.obj)
                0x0000000040098bc8                z_device_state_init
 .text.reason_to_str
                0x0000000040098bdc       0x34 zephyr/kernel/libkernel.a(fatal.c.obj)
 .text.thread_name_get
                0x0000000040098c10       0x2d zephyr/kernel/libkernel.a(fatal.c.obj)
 *fill*         0x0000000040098c3d        0x3 
 .text.k_sys_fatal_error_handler
                0x0000000040098c40       0x18 zephyr/kernel/libkernel.a(fatal.c.obj)
                                         0x20 (size before relaxing)
                0x0000000040098c40                k_sys_fatal_error_handler
 .text.z_fatal_error
                0x0000000040098c58      0x1d6 zephyr/kernel/libkernel.a(fatal.c.obj)
                                        0x1e6 (size before relaxing)
                0x0000000040098c58                z_fatal_error
 *fill*         0x0000000040098e2e        0x2 
 .text.z_sys_init_run_level
                0x0000000040098e30       0x37 zephyr/kernel/libkernel.a(init.c.obj)
 *fill*         0x0000000040098e67        0x1 
 .text.init_idle_thread
                0x0000000040098e68       0x53 zephyr/kernel/libkernel.a(init.c.obj)
 *fill*         0x0000000040098ebb        0x1 
 .text.thread_schedule_new
                0x0000000040098ebc       0x22 zephyr/kernel/libkernel.a(init.c.obj)
                                         0x26 (size before relaxing)
 *fill*         0x0000000040098ede        0x2 
 .text.z_init_static_threads
                0x0000000040098ee0       0x62 zephyr/kernel/libkernel.a(init.c.obj)
                                         0x6a (size before relaxing)
 *fill*         0x0000000040098f42        0x2 
 .text.bg_thread_main
                0x0000000040098f44       0x2e zephyr/kernel/libkernel.a(init.c.obj)
                                         0x3e (size before relaxing)
 *fill*         0x0000000040098f72        0x2 
 .text.z_swap_unlocked
                0x0000000040098f74       0x38 zephyr/kernel/libkernel.a(init.c.obj)
                                         0x40 (size before relaxing)
 .text.switch_to_main_thread
                0x0000000040098fac        0x6 zephyr/kernel/libkernel.a(init.c.obj)
                                          0x9 (size before relaxing)
 *fill*         0x0000000040098fb2        0x2 
 .text.z_early_memset
                0x0000000040098fb4       0x12 zephyr/kernel/libkernel.a(init.c.obj)
                0x0000000040098fb4                z_early_memset
 *fill*         0x0000000040098fc6        0x2 
 .text.z_bss_zero
                0x0000000040098fc8       0x13 zephyr/kernel/libkernel.a(init.c.obj)
                                         0x16 (size before relaxing)
                0x0000000040098fc8                z_bss_zero
 *fill*         0x0000000040098fdb        0x1 
 .text.z_init_cpu
                0x0000000040098fdc       0x37 zephyr/kernel/libkernel.a(init.c.obj)
                                         0x3b (size before relaxing)
                0x0000000040098fdc                z_init_cpu
 *fill*         0x0000000040099013        0x1 
 .text.prepare_multithreading
                0x0000000040099014       0x48 zephyr/kernel/libkernel.a(init.c.obj)
                                         0x54 (size before relaxing)
 .text.z_cstart
                0x000000004009905c       0x25 zephyr/kernel/libkernel.a(init.c.obj)
                                         0x3d (size before relaxing)
                0x000000004009905c                z_cstart
 *fill*         0x0000000040099081        0x3 
 .text.idle     0x0000000040099084        0xc zephyr/kernel/libkernel.a(idle.c.obj)
                                          0xf (size before relaxing)
                0x0000000040099084                idle
 *fill*         0x0000000040099090        0x0 
 .text.z_impl_k_sem_give
                0x0000000040099090       0x7c zephyr/kernel/libkernel.a(sem.c.obj)
                                         0x84 (size before relaxing)
                0x0000000040099090                z_impl_k_sem_give
 .text.z_impl_k_sem_take
                0x000000004009910c       0x48 zephyr/kernel/libkernel.a(sem.c.obj)
                0x000000004009910c                z_impl_k_sem_take
 .text.thread_schedule_new
                0x0000000040099154       0x22 zephyr/kernel/libkernel.a(thread.c.obj)
                                         0x26 (size before relaxing)
 *fill*         0x0000000040099176        0x2 
 .text.z_impl_k_thread_name_set
                0x0000000040099178       0x21 zephyr/kernel/libkernel.a(thread.c.obj)
                0x0000000040099178                z_impl_k_thread_name_set
 *fill*         0x0000000040099199        0x3 
 .text.z_setup_new_thread
                0x000000004009919c       0x86 zephyr/kernel/libkernel.a(thread.c.obj)
                                         0x8e (size before relaxing)
                0x000000004009919c                z_setup_new_thread
 *fill*         0x0000000040099222        0x2 
 .text.z_impl_k_thread_create
                0x0000000040099224       0x46 zephyr/kernel/libkernel.a(thread.c.obj)
                0x0000000040099224                z_impl_k_thread_create
 *fill*         0x000000004009926a        0x2 
 .text.z_dummy_thread_init
                0x000000004009926c       0x1f zephyr/kernel/libkernel.a(thread.c.obj)
                                         0x23 (size before relaxing)
                0x000000004009926c                z_dummy_thread_init
 *fill*         0x000000004009928b        0x1 
 .text.ready_thread
                0x000000004009928c       0xc0 zephyr/kernel/libkernel.a(sched.c.obj)
                                         0xc3 (size before relaxing)
 *fill*         0x000000004009934c        0x0 
 .text.unready_thread
                0x000000004009934c       0x60 zephyr/kernel/libkernel.a(sched.c.obj)
                                         0x63 (size before relaxing)
 *fill*         0x00000000400993ac        0x0 
 .text.add_to_waitq_locked
                0x00000000400993ac       0x6f zephyr/kernel/libkernel.a(sched.c.obj)
                                         0x73 (size before relaxing)
 *fill*         0x000000004009941b        0x1 
 .text.z_abort_thread_timeout
                0x000000004009941c        0xb zephyr/kernel/libkernel.a(sched.c.obj)
                                          0xe (size before relaxing)
 *fill*         0x0000000040099427        0x1 
 .text.unpend_all
                0x0000000040099428       0x45 zephyr/kernel/libkernel.a(sched.c.obj)
                                         0x4d (size before relaxing)
 *fill*         0x000000004009946d        0x3 
 .text.thread_halt_spin
                0x0000000040099470       0xfc zephyr/kernel/libkernel.a(sched.c.obj)
                                        0x107 (size before relaxing)
 *fill*         0x000000004009956c        0x0 
 .text.add_thread_timeout
                0x000000004009956c       0x1b zephyr/kernel/libkernel.a(sched.c.obj)
 *fill*         0x0000000040099587        0x1 
 .text.pend_locked
                0x0000000040099588       0x17 zephyr/kernel/libkernel.a(sched.c.obj)
                                         0x1b (size before relaxing)
 *fill*         0x000000004009959f        0x1 
 .text.move_thread_to_end_of_prio_q
                0x00000000400995a0       0xd4 zephyr/kernel/libkernel.a(sched.c.obj)
                                         0xd7 (size before relaxing)
                0x00000000400995a0                move_thread_to_end_of_prio_q
 *fill*         0x0000000040099674        0x0 
 .text.z_ready_thread
                0x0000000040099674       0x29 zephyr/kernel/libkernel.a(sched.c.obj)
                                         0x2d (size before relaxing)
                0x0000000040099674                z_ready_thread
 *fill*         0x000000004009969d        0x3 
 .text.z_sched_wake_thread
                0x00000000400996a0       0x51 zephyr/kernel/libkernel.a(sched.c.obj)
                                         0x55 (size before relaxing)
                0x00000000400996a0                z_sched_wake_thread
 *fill*         0x00000000400996f1        0x3 
 .text.z_thread_timeout
                0x00000000400996f4        0xd zephyr/kernel/libkernel.a(sched.c.obj)
                                         0x10 (size before relaxing)
                0x00000000400996f4                z_thread_timeout
 *fill*         0x0000000040099701        0x3 
 .text.z_unpend_thread
                0x0000000040099704       0x10 zephyr/kernel/libkernel.a(sched.c.obj)
                                         0x17 (size before relaxing)
                0x0000000040099704                z_unpend_thread
 *fill*         0x0000000040099714        0x0 
 .text.k_sched_lock
                0x0000000040099714       0x26 zephyr/kernel/libkernel.a(sched.c.obj)
                0x0000000040099714                k_sched_lock
 *fill*         0x000000004009973a        0x2 
 .text.z_swap_next_thread
                0x000000004009973c        0xa zephyr/kernel/libkernel.a(sched.c.obj)
                0x000000004009973c                z_swap_next_thread
 *fill*         0x0000000040099746        0x2 
 .text.z_swap_irqlock
                0x0000000040099748       0x3e zephyr/kernel/libkernel.a(sched.c.obj)
                                         0x46 (size before relaxing)
 *fill*         0x0000000040099786        0x2 
 .text.z_reschedule_irqlock
                0x0000000040099788       0x2c zephyr/kernel/libkernel.a(sched.c.obj)
                0x0000000040099788                z_reschedule_irqlock
 .text.k_sched_unlock
                0x00000000400997b4       0x68 zephyr/kernel/libkernel.a(sched.c.obj)
                0x00000000400997b4                k_sched_unlock
 .text.z_swap   0x000000004009981c       0x42 zephyr/kernel/libkernel.a(sched.c.obj)
                                         0x4e (size before relaxing)
 *fill*         0x000000004009985e        0x2 
 .text.z_pend_curr
                0x0000000040099860       0x20 zephyr/kernel/libkernel.a(sched.c.obj)
                                         0x28 (size before relaxing)
                0x0000000040099860                z_pend_curr
 .text.z_reschedule
                0x0000000040099880       0x30 zephyr/kernel/libkernel.a(sched.c.obj)
                0x0000000040099880                z_reschedule
 .text.z_get_next_switch_handle
                0x00000000400998b0       0x14 zephyr/kernel/libkernel.a(sched.c.obj)
                0x00000000400998b0                z_get_next_switch_handle
 .text.z_unpend_all
                0x00000000400998c4       0x2d zephyr/kernel/libkernel.a(sched.c.obj)
                                         0x31 (size before relaxing)
                0x00000000400998c4                z_unpend_all
 *fill*         0x00000000400998f1        0x3 
 .text.z_sched_init
                0x00000000400998f4        0xb zephyr/kernel/libkernel.a(sched.c.obj)
                                          0xe (size before relaxing)
                0x00000000400998f4                z_sched_init
 *fill*         0x00000000400998ff        0x1 
 .text.z_impl_k_yield
                0x0000000040099900       0xa2 zephyr/kernel/libkernel.a(sched.c.obj)
                                         0xa6 (size before relaxing)
                0x0000000040099900                z_impl_k_yield
 *fill*         0x00000000400999a2        0x2 
 .text.z_tick_sleep
                0x00000000400999a4       0x64 zephyr/kernel/libkernel.a(sched.c.obj)
                                         0x74 (size before relaxing)
 .text.z_impl_k_sleep
                0x0000000040099a08       0xa6 zephyr/kernel/libkernel.a(sched.c.obj)
                0x0000000040099a08                z_impl_k_sleep
 *fill*         0x0000000040099aae        0x2 
 .text.z_impl_k_wakeup
                0x0000000040099ab0       0x38 zephyr/kernel/libkernel.a(sched.c.obj)
                                         0x40 (size before relaxing)
                0x0000000040099ab0                z_impl_k_wakeup
 .text.z_impl_k_sched_current_thread_query
                0x0000000040099ae8        0xa zephyr/kernel/libkernel.a(sched.c.obj)
                0x0000000040099ae8                z_impl_k_sched_current_thread_query
 *fill*         0x0000000040099af2        0x2 
 .text.z_thread_abort
                0x0000000040099af4      0x13f zephyr/kernel/libkernel.a(sched.c.obj)
                                        0x15e (size before relaxing)
                0x0000000040099af4                z_thread_abort
 *fill*         0x0000000040099c33        0x1 
 .text.z_impl_k_thread_abort
                0x0000000040099c34        0xa zephyr/kernel/libkernel.a(sched.c.obj)
                                          0xe (size before relaxing)
                0x0000000040099c34                z_impl_k_thread_abort
 *fill*         0x0000000040099c3e        0x2 
 .text.slice_timeout
                0x0000000040099c40       0x1e zephyr/kernel/libkernel.a(timeslicing.c.obj)
 *fill*         0x0000000040099c5e        0x2 
 .text.thread_is_sliceable
                0x0000000040099c60       0x4d zephyr/kernel/libkernel.a(timeslicing.c.obj)
                0x0000000040099c60                thread_is_sliceable
 *fill*         0x0000000040099cad        0x3 
 .text.z_reset_time_slice
                0x0000000040099cb0       0x3f zephyr/kernel/libkernel.a(timeslicing.c.obj)
                                         0x47 (size before relaxing)
                0x0000000040099cb0                z_reset_time_slice
 *fill*         0x0000000040099cef        0x1 
 .text.z_time_slice
                0x0000000040099cf0       0x3b zephyr/kernel/libkernel.a(timeslicing.c.obj)
                                         0x42 (size before relaxing)
                0x0000000040099cf0                z_time_slice
 *fill*         0x0000000040099d2b        0x1 
 .text.z_thread_monitor_exit
                0x0000000040099d2c       0x34 zephyr/kernel/libkernel.a(thread_monitor.c.obj)
                0x0000000040099d2c                z_thread_monitor_exit
 .text.first    0x0000000040099d60        0xf zephyr/kernel/libkernel.a(timeout.c.obj)
 *fill*         0x0000000040099d6f        0x1 
 .text.next     0x0000000040099d70       0x16 zephyr/kernel/libkernel.a(timeout.c.obj)
 *fill*         0x0000000040099d86        0x2 
 .text.remove_timeout
                0x0000000040099d88       0x34 zephyr/kernel/libkernel.a(timeout.c.obj)
                                         0x38 (size before relaxing)
 .text.next_timeout
                0x0000000040099dbc       0x42 zephyr/kernel/libkernel.a(timeout.c.obj)
 *fill*         0x0000000040099dfe        0x2 
 .text.elapsed  0x0000000040099e00       0x19 zephyr/kernel/libkernel.a(timeout.c.obj)
 *fill*         0x0000000040099e19        0x3 
 .text.z_add_timeout
                0x0000000040099e1c      0x141 zephyr/kernel/libkernel.a(timeout.c.obj)
                                        0x151 (size before relaxing)
                0x0000000040099e1c                z_add_timeout
 *fill*         0x0000000040099f5d        0x3 
 .text.z_abort_timeout
                0x0000000040099f60       0x4f zephyr/kernel/libkernel.a(timeout.c.obj)
                                         0x5f (size before relaxing)
                0x0000000040099f60                z_abort_timeout
 *fill*         0x0000000040099faf        0x1 
 .text.sys_clock_announce
                0x0000000040099fb0       0xd6 zephyr/kernel/libkernel.a(timeout.c.obj)
                                         0xe6 (size before relaxing)
                0x0000000040099fb0                sys_clock_announce
 *fill*         0x000000004009a086        0x2 
 .text.sys_clock_tick_get
                0x000000004009a088       0x3a zephyr/kernel/libkernel.a(timeout.c.obj)
                0x000000004009a088                sys_clock_tick_get
 *fill*         0x000000004009a0c2        0x2 
 .text.sys_clock_tick_get_32
                0x000000004009a0c4        0xa zephyr/kernel/libkernel.a(timeout.c.obj)
                                          0xd (size before relaxing)
                0x000000004009a0c4                sys_clock_tick_get_32
 *fill*         0x000000004009a0ce        0x2 
 .text.z_impl_k_uptime_ticks
                0x000000004009a0d0        0xf zephyr/kernel/libkernel.a(timeout.c.obj)
                0x000000004009a0d0                z_impl_k_uptime_ticks
 *fill*         0x000000004009a0df        0x1 
 .text.z_timer_expiration_handler
                0x000000004009a0e0      0x12a zephyr/kernel/libkernel.a(timer.c.obj)
                                        0x136 (size before relaxing)
                0x000000004009a0e0                z_timer_expiration_handler
 *fill*         0x000000004009a20a        0x2 
 .text.z_impl_k_timer_start
                0x000000004009a20c       0x58 zephyr/kernel/libkernel.a(timer.c.obj)
                                         0x5c (size before relaxing)
                0x000000004009a20c                z_impl_k_timer_start
 .text.z_impl_k_timer_stop
                0x000000004009a264       0x28 zephyr/kernel/libkernel.a(timer.c.obj)
                                         0x34 (size before relaxing)
                0x000000004009a264                z_impl_k_timer_stop
 .text.k_free   0x000000004009a28c       0x14 zephyr/kernel/libkernel.a(mempool.c.obj)
                0x000000004009a28c                k_free
 .text.k_malloc
                0x000000004009a2a0       0x14 zephyr/kernel/libkernel.a(mempool.c.obj)
                                         0x18 (size before relaxing)
                0x000000004009a2a0                k_malloc
 .text.k_thread_system_pool_assign
                0x000000004009a2b4        0xb zephyr/kernel/libkernel.a(mempool.c.obj)
                0x000000004009a2b4                k_thread_system_pool_assign
 *fill*         0x000000004009a2bf        0x1 
 .text.boot_banner
                0x000000004009a2c0        0xb zephyr/kernel/libkernel.a(banner.c.obj)
                                          0xe (size before relaxing)
                0x000000004009a2c0                boot_banner
 *fill*         0x000000004009a2cb        0x1 
 .text.k_heap_init
                0x000000004009a2cc       0x17 zephyr/kernel/libkernel.a(kheap.c.obj)
                0x000000004009a2cc                k_heap_init
 *fill*         0x000000004009a2e3        0x1 
 .text.statics_init
                0x000000004009a2e4       0x22 zephyr/kernel/libkernel.a(kheap.c.obj)
 *fill*         0x000000004009a306        0x2 
 .text.k_heap_free
                0x000000004009a308       0x2c zephyr/kernel/libkernel.a(kheap.c.obj)
                                         0x34 (size before relaxing)
                0x000000004009a308                k_heap_free
 *fill*         0x000000004009a334        0x0 
 .text.z_impl_device_is_ready
                0x000000004009a334       0x26 zephyr/kernel/libkernel.a(device.c.obj)
                0x000000004009a334                z_impl_device_is_ready
 *fill*         0x000000004009a35a        0x0 
 *fill*         0x000000004009a35a        0x2 
 .text.arch_system_halt
                0x000000004009a35c        0x9 zephyr/kernel/libkernel.a(fatal.c.obj)
                0x000000004009a35c                arch_system_halt
 *fill*         0x000000004009a365        0x0 
 *fill*         0x000000004009a365        0x3 
 .text.do_device_init
                0x000000004009a368       0x37 zephyr/kernel/libkernel.a(init.c.obj)
 *fill*         0x000000004009a39f        0x0 
 *fill*         0x000000004009a39f        0x0 
 *fill*         0x000000004009a39f        0x0 
 *fill*         0x000000004009a39f        0x0 
 *fill*         0x000000004009a39f        0x0 
 *fill*         0x000000004009a39f        0x0 
 *fill*         0x000000004009a39f        0x0 
 *fill*         0x000000004009a39f        0x0 
 *fill*         0x000000004009a39f        0x0 
 *fill*         0x000000004009a39f        0x0 
 *fill*         0x000000004009a39f        0x0 
 *fill*         0x000000004009a39f        0x1 
 .text.arch_spin_relax
                0x000000004009a3a0        0x7 zephyr/kernel/libkernel.a(idle.c.obj)
                0x000000004009a3a0                arch_spin_relax
 *fill*         0x000000004009a3a7        0x1 
 .text.z_impl_k_sem_init
                0x000000004009a3a8       0x2d zephyr/kernel/libkernel.a(sem.c.obj)
                0x000000004009a3a8                z_impl_k_sem_init
 *fill*         0x000000004009a3d5        0x3 
 .text.setup_thread_stack
                0x000000004009a3d8       0x1e zephyr/kernel/libkernel.a(thread.c.obj)
 *fill*         0x000000004009a3f6        0x0 
 *fill*         0x000000004009a3f6        0x2 
 .text.k_is_in_isr
                0x000000004009a3f8       0x11 zephyr/kernel/libkernel.a(thread.c.obj)
                0x000000004009a3f8                k_is_in_isr
 *fill*         0x000000004009a409        0x0 
 *fill*         0x000000004009a409        0x3 
 .text.k_thread_name_get
                0x000000004009a40c        0x8 zephyr/kernel/libkernel.a(thread.c.obj)
                0x000000004009a40c                k_thread_name_get
 .text.z_init_thread_base
                0x000000004009a414       0x19 zephyr/kernel/libkernel.a(thread.c.obj)
                0x000000004009a414                z_init_thread_base
 *fill*         0x000000004009a42d        0x0 
 *fill*         0x000000004009a42d        0x0 
 *fill*         0x000000004009a42d        0x0 
 *fill*         0x000000004009a42d        0x3 
 .text.thread_active_elsewhere
                0x000000004009a430        0x7 zephyr/kernel/libkernel.a(sched.c.obj)
 *fill*         0x000000004009a437        0x0 
 *fill*         0x000000004009a437        0x0 
 *fill*         0x000000004009a437        0x0 
 *fill*         0x000000004009a437        0x0 
 *fill*         0x000000004009a437        0x0 
 *fill*         0x000000004009a437        0x0 
 *fill*         0x000000004009a437        0x0 
 *fill*         0x000000004009a437        0x0 
 *fill*         0x000000004009a437        0x0 
 *fill*         0x000000004009a437        0x0 
 *fill*         0x000000004009a437        0x1 
 .text.z_unpend_thread_no_timeout
                0x000000004009a438       0x39 zephyr/kernel/libkernel.a(sched.c.obj)
                0x000000004009a438                z_unpend_thread_no_timeout
 *fill*         0x000000004009a471        0x0 
 *fill*         0x000000004009a471        0x3 
 .text.z_unpend1_no_timeout
                0x000000004009a474       0x43 zephyr/kernel/libkernel.a(sched.c.obj)
                0x000000004009a474                z_unpend1_no_timeout
 *fill*         0x000000004009a4b7        0x0 
 *fill*         0x000000004009a4b7        0x0 
 *fill*         0x000000004009a4b7        0x0 
 *fill*         0x000000004009a4b7        0x0 
 *fill*         0x000000004009a4b7        0x0 
 *fill*         0x000000004009a4b7        0x0 
 *fill*         0x000000004009a4b7        0x1 
 .text.init_ready_q
                0x000000004009a4b8        0xb zephyr/kernel/libkernel.a(sched.c.obj)
                0x000000004009a4b8                init_ready_q
 *fill*         0x000000004009a4c3        0x0 
 *fill*         0x000000004009a4c3        0x0 
 *fill*         0x000000004009a4c3        0x0 
 *fill*         0x000000004009a4c3        0x0 
 *fill*         0x000000004009a4c3        0x0 
 *fill*         0x000000004009a4c3        0x0 
 *fill*         0x000000004009a4c3        0x0 
 *fill*         0x000000004009a4c3        0x0 
 *fill*         0x000000004009a4c3        0x0 
 *fill*         0x000000004009a4c3        0x0 
 *fill*         0x000000004009a4c3        0x0 
 *fill*         0x000000004009a4c3        0x0 
 *fill*         0x000000004009a4c3        0x0 
 *fill*         0x000000004009a4c3        0x0 
 *fill*         0x000000004009a4c3        0x0 
 *fill*         0x000000004009a4c3        0x0 
 *fill*         0x000000004009a4c3        0x0 
 *fill*         0x000000004009a4c3        0x0 
 *fill*         0x000000004009a4c3        0x0 
 *fill*         0x000000004009a4c3        0x0 
 *fill*         0x000000004009a4c3        0x0 
 *fill*         0x000000004009a4c3        0x1 
 .text.k_timer_init
                0x000000004009a4c4       0x1a zephyr/kernel/libkernel.a(timer.c.obj)
                0x000000004009a4c4                k_timer_init
 *fill*         0x000000004009a4de        0x2 
 .text.z_alloc_helper
                0x000000004009a4e0       0x32 zephyr/kernel/libkernel.a(mempool.c.obj)
 *fill*         0x000000004009a512        0x0 
 *fill*         0x000000004009a512        0x0 
 *fill*         0x000000004009a512        0x0 
 *fill*         0x000000004009a512        0x0 
 *fill*         0x000000004009a512        0x0 
 *libsoc.a:rtc_*.*(SORT_BY_ALIGNMENT(.literal) SORT_BY_ALIGNMENT(.text) SORT_BY_ALIGNMENT(.literal.*) SORT_BY_ALIGNMENT(.text.*))
 *libsoc.a:cpu_util.*(SORT_BY_ALIGNMENT(.literal) SORT_BY_ALIGNMENT(.text) SORT_BY_ALIGNMENT(.literal.*) SORT_BY_ALIGNMENT(.text.*))
 *libgcc.a:lib2funcs.*(SORT_BY_ALIGNMENT(.literal) SORT_BY_ALIGNMENT(.text) SORT_BY_ALIGNMENT(.literal.*) SORT_BY_ALIGNMENT(.text.*))
 *libdrivers__flash.a:flash_esp32.*(SORT_BY_ALIGNMENT(.literal) SORT_BY_ALIGNMENT(.text) SORT_BY_ALIGNMENT(.literal.*) SORT_BY_ALIGNMENT(.text.*))
 *libzephyr.a:spi_flash_rom_patch.*(SORT_BY_ALIGNMENT(.literal) SORT_BY_ALIGNMENT(.text) SORT_BY_ALIGNMENT(.literal.*) SORT_BY_ALIGNMENT(.text.*))
 *libzephyr.a:windowspill_asm.*(SORT_BY_ALIGNMENT(.literal) SORT_BY_ALIGNMENT(.text) SORT_BY_ALIGNMENT(.literal.*) SORT_BY_ALIGNMENT(.text.*))
 *fill*         0x000000004009a512        0x2 
 .text          0x000000004009a514      0x137 zephyr/libzephyr.a(windowspill_asm.S.obj)
                0x000000004009a514                xthal_spill_registers_into_stack_nw
                0x000000004009a514                xthal_window_spill_nw
                0x000000004009a628                xthal_window_spill
 *libzephyr.a:log_noos.*(SORT_BY_ALIGNMENT(.literal) SORT_BY_ALIGNMENT(.text) SORT_BY_ALIGNMENT(.literal.*) SORT_BY_ALIGNMENT(.text.*))
 *fill*         0x000000004009a64b        0x1 
 .text.esp_log_impl_lock
                0x000000004009a64c       0x16 zephyr/libzephyr.a(log_noos.c.obj)
                                         0x19 (size before relaxing)
                0x000000004009a64c                esp_log_impl_lock
 *fill*         0x000000004009a662        0x2 
 .text.esp_log_impl_lock_timeout
                0x000000004009a664        0xa zephyr/libzephyr.a(log_noos.c.obj)
                                          0xd (size before relaxing)
                0x000000004009a664                esp_log_impl_lock_timeout
 *fill*         0x000000004009a66e        0x2 
 .text.esp_log_impl_unlock
                0x000000004009a670       0x1a zephyr/libzephyr.a(log_noos.c.obj)
                0x000000004009a670                esp_log_impl_unlock
 *fill*         0x000000004009a68a        0x2 
 .text.esp_log_early_timestamp
                0x000000004009a68c       0x1d zephyr/libzephyr.a(log_noos.c.obj)
                0x000000004009a68c                esp_log_early_timestamp
                0x000000004009a68c                esp_log_timestamp
 *fill*         0x000000004009a6a9        0x0 
 *fill*         0x000000004009a6a9        0x0 
 *fill*         0x000000004009a6a9        0x0 
 *fill*         0x000000004009a6a9        0x0 
 *libdrivers__timer.a:xtensa_sys_timer.*(SORT_BY_ALIGNMENT(.literal) SORT_BY_ALIGNMENT(.text) SORT_BY_ALIGNMENT(.literal.*) SORT_BY_ALIGNMENT(.text.*))
 *fill*         0x000000004009a6a9        0x3 
 .text.sys_clock_driver_init
                0x000000004009a6ac       0x22 zephyr/drivers/timer/libdrivers__timer.a(xtensa_sys_timer.c.obj)
                                         0x26 (size before relaxing)
 *fill*         0x000000004009a6ce        0x2 
 .text.ccompare_isr
                0x000000004009a6d0       0x32 zephyr/drivers/timer/libdrivers__timer.a(xtensa_sys_timer.c.obj)
                                         0x36 (size before relaxing)
 *fill*         0x000000004009a702        0x2 
 .text.sys_clock_set_timeout
                0x000000004009a704       0x73 zephyr/drivers/timer/libdrivers__timer.a(xtensa_sys_timer.c.obj)
                                         0x76 (size before relaxing)
                0x000000004009a704                sys_clock_set_timeout
 *fill*         0x000000004009a777        0x1 
 .text.sys_clock_elapsed
                0x000000004009a778       0x22 zephyr/drivers/timer/libdrivers__timer.a(xtensa_sys_timer.c.obj)
                                         0x25 (size before relaxing)
                0x000000004009a778                sys_clock_elapsed
 *fill*         0x000000004009a79a        0x2 
 .text.set_ccompare
                0x000000004009a79c        0x8 zephyr/drivers/timer/libdrivers__timer.a(xtensa_sys_timer.c.obj)
 .text.ccount   0x000000004009a7a4        0x8 zephyr/drivers/timer/libdrivers__timer.a(xtensa_sys_timer.c.obj)
 *fill*         0x000000004009a7ac        0x0 
 *fill*         0x000000004009a7ac        0x0 
 *fill*         0x000000004009a7ac        0x0 
 *libzephyr.a:log_core.*(SORT_BY_ALIGNMENT(.literal) SORT_BY_ALIGNMENT(.text) SORT_BY_ALIGNMENT(.literal.*) SORT_BY_ALIGNMENT(.text.*))
 .text.msg_process
                0x000000004009a7ac       0x2f zephyr/libzephyr.a(log_core.c.obj)
                                         0x33 (size before relaxing)
 *fill*         0x000000004009a7db        0x1 
 .text.log_backend_notify_all
                0x000000004009a7dc       0x23 zephyr/libzephyr.a(log_core.c.obj)
 *fill*         0x000000004009a7ff        0x1 
 .text.default_lf_get_timestamp
                0x000000004009a800       0x61 zephyr/libzephyr.a(log_core.c.obj)
 *fill*         0x000000004009a861        0x3 
 .text.activate_foreach_backend
                0x000000004009a864       0x62 zephyr/libzephyr.a(log_core.c.obj)
 *fill*         0x000000004009a8c6        0x2 
 .text.k_msleep
                0x000000004009a8c8       0x22 zephyr/libzephyr.a(log_core.c.obj)
 *fill*         0x000000004009a8ea        0x2 
 .text.z_log_init
                0x000000004009a8ec       0x86 zephyr/libzephyr.a(log_core.c.obj)
                                         0x92 (size before relaxing)
 *fill*         0x000000004009a972        0x2 
 .text.thread_set
                0x000000004009a974       0x1f zephyr/libzephyr.a(log_core.c.obj)
 *fill*         0x000000004009a993        0x1 
 .text.log_process_thread_timer_expiry_fn
                0x000000004009a994        0xb zephyr/libzephyr.a(log_core.c.obj)
                                          0xe (size before relaxing)
 *fill*         0x000000004009a99f        0x1 
 .text.msg_alloc
                0x000000004009a9a0       0x15 zephyr/libzephyr.a(log_core.c.obj)
 *fill*         0x000000004009a9b5        0x3 
 .text.msg_free
                0x000000004009a9b8        0xf zephyr/libzephyr.a(log_core.c.obj)
 *fill*         0x000000004009a9c7        0x1 
 .text.msg_pending
                0x000000004009a9c8        0xc zephyr/libzephyr.a(log_core.c.obj)
                                         0x10 (size before relaxing)
 .text.enable_logger
                0x000000004009a9d4       0x3b zephyr/libzephyr.a(log_core.c.obj)
                                         0x43 (size before relaxing)
 *fill*         0x000000004009aa0f        0x1 
 .text.z_log_vprintk
                0x000000004009aa10       0x27 zephyr/libzephyr.a(log_core.c.obj)
                0x000000004009aa10                z_log_vprintk
 *fill*         0x000000004009aa37        0x1 
 .text.log_set_timestamp_func
                0x000000004009aa38       0x18 zephyr/libzephyr.a(log_core.c.obj)
                0x000000004009aa38                log_set_timestamp_func
 .text.z_log_notify_backend_enabled
                0x000000004009aa50       0x1e zephyr/libzephyr.a(log_core.c.obj)
                0x000000004009aa50                z_log_notify_backend_enabled
 *fill*         0x000000004009aa6e        0x2 
 .text.z_log_dropped
                0x000000004009aa70       0x48 zephyr/libzephyr.a(log_core.c.obj)
                                         0x4c (size before relaxing)
                0x000000004009aa70                z_log_dropped
 .text.z_log_notify_drop
                0x000000004009aab8        0xa zephyr/libzephyr.a(log_core.c.obj)
                                          0xe (size before relaxing)
 *fill*         0x000000004009aac2        0x2 
 .text.z_log_dropped_read_and_clear
                0x000000004009aac4       0x1d zephyr/libzephyr.a(log_core.c.obj)
                0x000000004009aac4                z_log_dropped_read_and_clear
 *fill*         0x000000004009aae1        0x3 
 .text.dropped_notify
                0x000000004009aae4       0x30 zephyr/libzephyr.a(log_core.c.obj)
                0x000000004009aae4                dropped_notify
 .text.z_log_dropped_pending
                0x000000004009ab14       0x13 zephyr/libzephyr.a(log_core.c.obj)
                0x000000004009ab14                z_log_dropped_pending
 *fill*         0x000000004009ab27        0x1 
 .text.z_log_msg_init
                0x000000004009ab28       0x18 zephyr/libzephyr.a(log_core.c.obj)
                0x000000004009ab28                z_log_msg_init
 .text.log_core_init
                0x000000004009ab40       0x47 zephyr/libzephyr.a(log_core.c.obj)
                                         0x4b (size before relaxing)
                0x000000004009ab40                log_core_init
 *fill*         0x000000004009ab87        0x1 
 .text.z_log_msg_alloc
                0x000000004009ab88       0x12 zephyr/libzephyr.a(log_core.c.obj)
                0x000000004009ab88                z_log_msg_alloc
 *fill*         0x000000004009ab9a        0x2 
 .text.z_log_msg_local_claim
                0x000000004009ab9c        0xd zephyr/libzephyr.a(log_core.c.obj)
                                         0x10 (size before relaxing)
                0x000000004009ab9c                z_log_msg_local_claim
 *fill*         0x000000004009aba9        0x3 
 .text.z_log_msg_claim
                0x000000004009abac        0xa zephyr/libzephyr.a(log_core.c.obj)
                                          0xd (size before relaxing)
                0x000000004009abac                z_log_msg_claim
 *fill*         0x000000004009abb6        0x2 
 .text.z_log_msg_free
                0x000000004009abb8       0x12 zephyr/libzephyr.a(log_core.c.obj)
                0x000000004009abb8                z_log_msg_free
 *fill*         0x000000004009abca        0x2 
 .text.z_log_msg_pending
                0x000000004009abcc        0xd zephyr/libzephyr.a(log_core.c.obj)
                                         0x10 (size before relaxing)
                0x000000004009abcc                z_log_msg_pending
 *fill*         0x000000004009abd9        0x3 
 .text.z_impl_log_process
                0x000000004009abdc       0xf2 zephyr/libzephyr.a(log_core.c.obj)
                                         0xfe (size before relaxing)
                0x000000004009abdc                z_impl_log_process
 *fill*         0x000000004009acce        0x2 
 .text.z_impl_log_panic
                0x000000004009acd0       0x48 zephyr/libzephyr.a(log_core.c.obj)
                0x000000004009acd0                z_impl_log_panic
 .text.z_log_msg_post_finalize
                0x000000004009ad18       0x6c zephyr/libzephyr.a(log_core.c.obj)
                                         0x6f (size before relaxing)
 *fill*         0x000000004009ad84        0x0 
 .text.msg_commit
                0x000000004009ad84       0x11 zephyr/libzephyr.a(log_core.c.obj)
                                         0x15 (size before relaxing)
 *fill*         0x000000004009ad95        0x3 
 .text.z_log_msg_commit
                0x000000004009ad98       0x17 zephyr/libzephyr.a(log_core.c.obj)
                                         0x1b (size before relaxing)
                0x000000004009ad98                z_log_msg_commit
 *fill*         0x000000004009adaf        0x1 
 .text.log_process_thread_func
                0x000000004009adb0       0x67 zephyr/libzephyr.a(log_core.c.obj)
                                         0x73 (size before relaxing)
 *fill*         0x000000004009ae17        0x1 
 .text.log_msg_generic_get_wlen
                0x000000004009ae18       0x2c zephyr/libzephyr.a(log_core.c.obj)
 .text.log_backend_init
                0x000000004009ae44       0x17 zephyr/libzephyr.a(log_core.c.obj)
 *fill*         0x000000004009ae5b        0x1 
 .text.dummy_timestamp
                0x000000004009ae5c        0x7 zephyr/libzephyr.a(log_core.c.obj)
 *fill*         0x000000004009ae63        0x1 
 .text.msg_filter_check
                0x000000004009ae64        0x7 zephyr/libzephyr.a(log_core.c.obj)
 *fill*         0x000000004009ae6b        0x0 
 *fill*         0x000000004009ae6b        0x0 
 *fill*         0x000000004009ae6b        0x0 
 *fill*         0x000000004009ae6b        0x0 
 *fill*         0x000000004009ae6b        0x0 
 *fill*         0x000000004009ae6b        0x0 
 *fill*         0x000000004009ae6b        0x0 
 *fill*         0x000000004009ae6b        0x0 
 *fill*         0x000000004009ae6b        0x0 
 *fill*         0x000000004009ae6b        0x0 
 *fill*         0x000000004009ae6b        0x0 
 *fill*         0x000000004009ae6b        0x0 
 *fill*         0x000000004009ae6b        0x0 
 *fill*         0x000000004009ae6b        0x0 
 *fill*         0x000000004009ae6b        0x0 
 *fill*         0x000000004009ae6b        0x0 
 *fill*         0x000000004009ae6b        0x0 
 *fill*         0x000000004009ae6b        0x0 
 *fill*         0x000000004009ae6b        0x0 
 *fill*         0x000000004009ae6b        0x0 
 *fill*         0x000000004009ae6b        0x0 
 *fill*         0x000000004009ae6b        0x0 
 *fill*         0x000000004009ae6b        0x0 
 *fill*         0x000000004009ae6b        0x0 
 *fill*         0x000000004009ae6b        0x0 
 *libzephyr.a:cbprintf_complete.*(SORT_BY_ALIGNMENT(.literal) SORT_BY_ALIGNMENT(.text) SORT_BY_ALIGNMENT(.literal.*) SORT_BY_ALIGNMENT(.text.*))
 *libzephyr.a:printk.*(SORT_BY_ALIGNMENT(.literal.printk) SORT_BY_ALIGNMENT(.literal.vprintk) SORT_BY_ALIGNMENT(.literal.char_out) SORT_BY_ALIGNMENT(.text.printk) SORT_BY_ALIGNMENT(.text.vprintk) SORT_BY_ALIGNMENT(.text.char_out))
 *fill*         0x000000004009ae6b        0x1 
 .text.vprintk  0x000000004009ae6c       0x16 zephyr/libzephyr.a(printk.c.obj)
                                         0x1a (size before relaxing)
                0x000000004009ae6c                vprintk
 *fill*         0x000000004009ae82        0x2 
 .text.printk   0x000000004009ae84       0x22 zephyr/libzephyr.a(printk.c.obj)
                                         0x26 (size before relaxing)
                0x000000004009ae84                printk
 *fill*         0x000000004009aea6        0x0 
 *fill*         0x000000004009aea6        0x0 
 *libzephyr.a:log_msg.*(SORT_BY_ALIGNMENT(.literal) SORT_BY_ALIGNMENT(.text) SORT_BY_ALIGNMENT(.literal.*) SORT_BY_ALIGNMENT(.text.*))
 *fill*         0x000000004009aea6        0x2 
 .text.z_cbprintf_cpy
                0x000000004009aea8       0x31 zephyr/libzephyr.a(log_msg.c.obj)
 *fill*         0x000000004009aed9        0x3 
 .text.cbprintf_package_copy
                0x000000004009aedc       0x30 zephyr/libzephyr.a(log_msg.c.obj)
 .text.z_log_msg_finalize
                0x000000004009af0c       0x33 zephyr/libzephyr.a(log_msg.c.obj)
                0x000000004009af0c                z_log_msg_finalize
 *fill*         0x000000004009af3f        0x1 
 .text.z_log_msg_simple_create
                0x000000004009af40       0x53 zephyr/libzephyr.a(log_msg.c.obj)
                                         0x57 (size before relaxing)