Archive member included to satisfy reference by file (symbol)

app/libapp.a(main.c.obj)      (--whole-archive)
zephyr/libzephyr.a(heap.c.obj)
                              (--whole-archive)
zephyr/libzephyr.a(cbprintf_packaged.c.obj)
                              (--whole-archive)
zephyr/libzephyr.a(clock.c.obj)
                              (--whole-archive)
zephyr/libzephyr.a(printk.c.obj)
                              (--whole-archive)
zephyr/libzephyr.a(sem.c.obj)
                              (--whole-archive)
zephyr/libzephyr.a(thread_entry.c.obj)
                              (--whole-archive)
zephyr/libzephyr.a(cbprintf_complete.c.obj)
                              (--whole-archive)
zephyr/libzephyr.a(assert.c.obj)
                              (--whole-archive)
zephyr/libzephyr.a(dec.c.obj)
                              (--whole-archive)
zephyr/libzephyr.a(hex.c.obj)
                              (--whole-archive)
zephyr/libzephyr.a(rb.c.obj)  (--whole-archive)
zephyr/libzephyr.a(timeutil.c.obj)
                              (--whole-archive)
zephyr/libzephyr.a(bitarray.c.obj)
                              (--whole-archive)
zephyr/libzephyr.a(ring_buffer.c.obj)
                              (--whole-archive)
zephyr/libzephyr.a(last_section_id.c.obj)
                              (--whole-archive)
zephyr/libzephyr.a(configs.c.obj)
                              (--whole-archive)
zephyr/libzephyr.a(vectors.S.obj)
                              (--whole-archive)
zephyr/libzephyr.a(soc_irq.S.obj)
                              (--whole-archive)
zephyr/libzephyr.a(soc.c.obj)
                              (--whole-archive)
zephyr/libzephyr.a(loader.c.obj)
                              (--whole-archive)
zephyr/libzephyr.a(hw_init.c.obj)
                              (--whole-archive)
zephyr/libzephyr.a(thread_info.c.obj)
                              (--whole-archive)
zephyr/libzephyr.a(tracing_none.c.obj)
                              (--whole-archive)
zephyr/libzephyr.a(esp_efuse_api.c.obj)
                              (--whole-archive)
zephyr/libzephyr.a(esp_efuse_utility.c.obj)
                              (--whole-archive)
zephyr/libzephyr.a(esp_efuse_table.c.obj)
                              (--whole-archive)
zephyr/libzephyr.a(esp_efuse_utility.c.obj)
                              (--whole-archive)
zephyr/libzephyr.a(esp_efuse_api_key.c.obj)
                              (--whole-archive)
zephyr/libzephyr.a(flash_ops.c.obj)
                              (--whole-archive)
zephyr/libzephyr.a(esp_flash_api.c.obj)
                              (--whole-archive)
zephyr/libzephyr.a(flash_mmap.c.obj)
                              (--whole-archive)
zephyr/libzephyr.a(flash_encrypt.c.obj)
                              (--whole-archive)
zephyr/libzephyr.a(esp_gpio_reserve.c.obj)
                              (--whole-archive)
zephyr/libzephyr.a(cache_hal.c.obj)
                              (--whole-archive)
zephyr/libzephyr.a(mmu_hal.c.obj)
                              (--whole-archive)
zephyr/libzephyr.a(spi_flash_encrypt_hal_iram.c.obj)
                              (--whole-archive)
zephyr/libzephyr.a(spi_flash_hal.c.obj)
                              (--whole-archive)
zephyr/libzephyr.a(spi_flash_hal_iram.c.obj)
                              (--whole-archive)
zephyr/libzephyr.a(spi_flash_hal_gpspi.c.obj)
                              (--whole-archive)
zephyr/libzephyr.a(esp_flash_spi_init.c.obj)
                              (--whole-archive)
zephyr/libzephyr.a(memspi_host_driver.c.obj)
                              (--whole-archive)
zephyr/libzephyr.a(spi_flash_chip_boya.c.obj)
                              (--whole-archive)
zephyr/libzephyr.a(spi_flash_chip_drivers.c.obj)
                              (--whole-archive)
zephyr/libzephyr.a(spi_flash_chip_gd.c.obj)
                              (--whole-archive)
zephyr/libzephyr.a(spi_flash_chip_generic.c.obj)
                              (--whole-archive)
zephyr/libzephyr.a(spi_flash_chip_issi.c.obj)
                              (--whole-archive)
zephyr/libzephyr.a(spi_flash_chip_mxic.c.obj)
                              (--whole-archive)
zephyr/libzephyr.a(spi_flash_chip_mxic_opi.c.obj)
                              (--whole-archive)
zephyr/libzephyr.a(spi_flash_chip_th.c.obj)
                              (--whole-archive)
zephyr/libzephyr.a(spi_flash_chip_winbond.c.obj)
                              (--whole-archive)
zephyr/libzephyr.a(spi_flash_os_func_noos.c.obj)
                              (--whole-archive)
zephyr/libzephyr.a(spi_flash_os_func_app.c.obj)
                              (--whole-archive)
zephyr/libzephyr.a(uart_hal.c.obj)
                              (--whole-archive)
zephyr/libzephyr.a(uart_hal_iram.c.obj)
                              (--whole-archive)
zephyr/libzephyr.a(bootloader_clock_init.c.obj)
                              (--whole-archive)
zephyr/libzephyr.a(flash_qio_mode.c.obj)
[...]
Memory Configuration

Name             Origin             Length             Attributes
FLASH            0x0000000000000000 0x00000000003fff00 r
iram0_0_seg      0x0000000040380000 0x000000000004ae00 xr
dram0_0_seg      0x000000003fc80000 0x000000000004ae00 rw
irom0_0_seg      0x0000000042000000 0x0000000000400000 xr
drom0_0_seg      0x000000003c000000 0x0000000000400000 r
rtc_iram_seg     0x0000000050000000 0x0000000000002000 xrw
IDT_LIST         0x000000003ebfe010 0x0000000000002000 rw
*default*        0x0000000000000000 0xffffffffffffffff

Linker script and memory map

                0x00000000420001a8                vfprintf = __l_vfprintf
                0x0000000000000000                vfscanf = __l_vfscanf
LOAD zephyr/CMakeFiles/zephyr_final.dir/misc/empty_file.c.obj
LOAD zephyr/CMakeFiles/zephyr_final.dir/isr_tables.c.obj
LOAD zephyr/CMakeFiles/offsets.dir/./arch/riscv/core/offsets/offsets.c.obj
LOAD app/libapp.a
LOAD zephyr/libzephyr.a
LOAD zephyr/arch/common/libarch__common.a
LOAD zephyr/arch/arch/riscv/core/libarch__riscv__core.a
LOAD zephyr/lib/libc/picolibc/liblib__libc__picolibc.a
LOAD zephyr/lib/libc/common/liblib__libc__common.a
LOAD zephyr/drivers/interrupt_controller/libdrivers__interrupt_controller.a
LOAD zephyr/drivers/clock_control/libdrivers__clock_control.a
LOAD zephyr/drivers/console/libdrivers__console.a
LOAD zephyr/drivers/gpio/libdrivers__gpio.a
LOAD zephyr/drivers/pinctrl/libdrivers__pinctrl.a
LOAD zephyr/drivers/serial/libdrivers__serial.a
LOAD zephyr/drivers/timer/libdrivers__timer.a
LOAD zephyr/kernel/libkernel.a
LOAD zephyr/arch/common/libisr_tables.a
LOAD c:/users/rene_/.zephyr_ide/toolchains/zephyr-sdk-0.17.2/riscv64-zephyr-elf/bin/../lib/gcc/riscv64-zephyr-elf/12.2.0\libgcc.a
LOAD c:\users\rene_\.zephyr_ide\toolchains\zephyr-sdk-0.17.2\riscv64-zephyr-elf\bin\../lib/gcc/../../picolibc/riscv64-zephyr-elf/lib/.\libc.a
LOAD c:/users/rene_/.zephyr_ide/toolchains/zephyr-sdk-0.17.2/riscv64-zephyr-elf/bin/../lib/gcc/riscv64-zephyr-elf/12.2.0\libgcc.a
                0x00000000403cae00                user_iram_end = 0x403cae00
                0x0000000040380000                user_iram_seg_org = 0x40380000
                0x000000003fc80000                user_dram_seg_org = 0x3fc80000
                0x000000003fccae00                user_dram_end = (user_iram_end - 0x700000)
                0x000000000004ae00                user_idram_size = (user_dram_end - user_dram_seg_org)
                0x000000000004ae00                user_iram_seg_len = user_idram_size
                0x000000000004ae00                user_dram_seg_len = user_idram_size
                0x0000000000000000                _rom_store_table = 0x0
                0x0000000000700000                _iram_dram_offset = 0x700000
                0x000000003fccc000                _heap_sentry = 0x3fccc000
                0x000000000003ff00                _libc_heap_size = (_heap_sentry - _end)

.rel.plt        0x0000000000000000        0x0
 *(SORT_BY_ALIGNMENT(.rel.plt))
                [!provide]                        PROVIDE (__rel_iplt_start = .)
 *(SORT_BY_ALIGNMENT(.rel.iplt))
                [!provide]                        PROVIDE (__rel_iplt_end = .)

.rela.plt       0x0000000000000000        0x0
 *(SORT_BY_ALIGNMENT(.rela.plt))
                [!provide]                        PROVIDE (__rela_iplt_start = .)
 *(SORT_BY_ALIGNMENT(.rela.iplt))
                [!provide]                        PROVIDE (__rela_iplt_end = .)

.rel.dyn
 *(SORT_BY_ALIGNMENT(.rel.*))

.rela.dyn       0x0000000000000000        0x0
 *(SORT_BY_ALIGNMENT(.rela.*))
 .rela.text.__start
                0x0000000000000000        0x0 zephyr/CMakeFiles/zephyr_final.dir/isr_tables.c.obj
 .rela.data.map
                0x0000000000000000        0x0 zephyr/CMakeFiles/zephyr_final.dir/isr_tables.c.obj
 .rela.srodata.libc_heap_size
                0x0000000000000000        0x0 zephyr/CMakeFiles/zephyr_final.dir/isr_tables.c.obj
 .rela.iram1.9  0x0000000000000000        0x0 zephyr/CMakeFiles/zephyr_final.dir/isr_tables.c.obj
 .rela.iram1.1  0x0000000000000000        0x0 zephyr/CMakeFiles/zephyr_final.dir/isr_tables.c.obj
 .rela.text.spi_flash_hal_init
                0x0000000000000000        0x0 zephyr/CMakeFiles/zephyr_final.dir/isr_tables.c.obj
 .rela.text.spi_flash_hal_supports_direct_write
                0x0000000000000000        0x0 zephyr/CMakeFiles/zephyr_final.dir/isr_tables.c.obj
 .rela.text.spi_flash_hal_supports_direct_read
                0x0000000000000000        0x0 zephyr/CMakeFiles/zephyr_final.dir/isr_tables.c.obj
 .rela.text.spi_flash_hal_setup_read_suspend
                0x0000000000000000        0x0 zephyr/CMakeFiles/zephyr_final.dir/isr_tables.c.obj
 .rela.text.spi_flash_hal_setup_auto_suspend_mode
                0x0000000000000000        0x0 zephyr/CMakeFiles/zephyr_final.dir/isr_tables.c.obj
 .rela.text.spi_flash_hal_setup_auto_resume_mode
                0x0000000000000000        0x0 zephyr/CMakeFiles/zephyr_final.dir/isr_tables.c.obj
 .rela.text.spi_flash_hal_disable_auto_suspend_mode
                0x0000000000000000        0x0 zephyr/CMakeFiles/zephyr_final.dir/isr_tables.c.obj
 .rela.text.spi_flash_hal_disable_auto_resume_mode
                0x0000000000000000        0x0 zephyr/CMakeFiles/zephyr_final.dir/isr_tables.c.obj
 .rela.text.spimem_flash_ll_get_source_freq_mhz
                0x0000000000000000        0x0 zephyr/CMakeFiles/zephyr_final.dir/isr_tables.c.obj
 .rela.text.esp_flash_init_default_chip
                0x0000000000000000        0x0 zephyr/CMakeFiles/zephyr_final.dir/isr_tables.c.obj
 .rela.text.memspi_host_flush_cache
                0x0000000000000000        0x0 zephyr/CMakeFiles/zephyr_final.dir/isr_tables.c.obj
 .rela.text.check_chip_validity
                0x0000000000000000        0x0 zephyr/CMakeFiles/zephyr_final.dir/isr_tables.c.obj
 .rela.text.config_wdt
                0x0000000000000000        0x0 zephyr/CMakeFiles/zephyr_final.dir/isr_tables.c.obj
 .rela.text.set_ocode_by_efuse
                0x0000000000000000        0x0 zephyr/CMakeFiles/zephyr_final.dir/isr_tables.c.obj
 .rela.text.get_dig_dbias_by_efuse
                0x0000000000000000        0x0 zephyr/CMakeFiles/zephyr_final.dir/isr_tables.c.obj
 .rela.text.get_rtc_dbias_by_efuse
                0x0000000000000000        0x0 zephyr/CMakeFiles/zephyr_final.dir/isr_tables.c.obj
 .rela.text.rtc_init
                0x0000000000000000        0x0 zephyr/CMakeFiles/zephyr_final.dir/isr_tables.c.obj
 .rela.text.sar_periph_ctrl_init
                0x0000000000000000        0x0 zephyr/CMakeFiles/zephyr_final.dir/isr_tables.c.obj
 .rela.text.s_reserve_irom_region
                0x0000000000000000        0x0 zephyr/CMakeFiles/zephyr_final.dir/isr_tables.c.obj
 .rela.text.s_reserve_drom_region
                0x0000000000000000        0x0 zephyr/CMakeFiles/zephyr_final.dir/isr_tables.c.obj
 .rela.iram1.0  0x0000000000000000        0x0 zephyr/CMakeFiles/zephyr_final.dir/isr_tables.c.obj
 .rela.text.systimer_hal_init
                0x0000000000000000        0x0 zephyr/CMakeFiles/zephyr_final.dir/isr_tables.c.obj
 .rela.iram1.7  0x0000000000000000        0x0 zephyr/CMakeFiles/zephyr_final.dir/isr_tables.c.obj
 .rela.text.spi_flash_resume
                0x0000000000000000        0x0 zephyr/CMakeFiles/zephyr_final.dir/isr_tables.c.obj
 .rela.text.update_flash_config
                0x0000000000000000        0x0 zephyr/CMakeFiles/zephyr_final.dir/isr_tables.c.obj
 .rela.text.flash_update_id
                0x0000000000000000        0x0 zephyr/CMakeFiles/zephyr_final.dir/isr_tables.c.obj
 .rela.text.z_tls_copy
                0x0000000000000000        0x0 zephyr/CMakeFiles/zephyr_final.dir/isr_tables.c.obj
 .rela.text.arch_tls_stack_setup
                0x0000000000000000        0x0 zephyr/CMakeFiles/zephyr_final.dir/isr_tables.c.obj
 .rela.text.walk_stackframe
                0x0000000000000000        0x0 zephyr/CMakeFiles/zephyr_final.dir/isr_tables.c.obj
 .rela.text.malloc_prepare
                0x0000000000000000        0x0 zephyr/CMakeFiles/zephyr_final.dir/isr_tables.c.obj
 .rela.text.gpio_esp32_pin_interrupt_configure
                0x0000000000000000        0x0 zephyr/CMakeFiles/zephyr_final.dir/isr_tables.c.obj
 .rela.text.esp32_pin_apply_config
                0x0000000000000000        0x0 zephyr/CMakeFiles/zephyr_final.dir/isr_tables.c.obj
 .rela.text.serial_esp32_usb_poll_in
                0x0000000000000000        0x0 zephyr/CMakeFiles/zephyr_final.dir/isr_tables.c.obj
 .rela.text.serial_esp32_usb_poll_out
                0x0000000000000000        0x0 zephyr/CMakeFiles/zephyr_final.dir/isr_tables.c.obj
 .rela.text.z_device_state_init
                0x0000000000000000        0x0 zephyr/CMakeFiles/zephyr_final.dir/isr_tables.c.obj
 .rela.text.z_init_static_threads
                0x0000000000000000        0x0 zephyr/CMakeFiles/zephyr_final.dir/isr_tables.c.obj
 .rela.text.z_bss_zero
                0x0000000000000000        0x0 zephyr/CMakeFiles/zephyr_final.dir/isr_tables.c.obj
 .rela.rodata.levels.0
                0x0000000000000000        0x0 zephyr/CMakeFiles/zephyr_final.dir/isr_tables.c.obj
 .rela.text.statics_init
                0x0000000000000000        0x0 zephyr/CMakeFiles/zephyr_final.dir/isr_tables.c.obj

.rtc.text       0x0000000050000000        0x0 load address 0x0000000000000000
                0x0000000050000000                . = ALIGN (0x4)
 *(SORT_BY_ALIGNMENT(.rtc.literal) SORT_BY_ALIGNMENT(.rtc.literal.*))
 *(SORT_BY_ALIGNMENT(.rtc.text) SORT_BY_ALIGNMENT(.rtc.text.*))
                0x0000000050000000                . = ALIGN (0x4)

.rtc.force_fast
                0x0000000050000000        0x0 load address 0x0000000000000000
                0x0000000050000000                . = ALIGN (0x4)
 *(SORT_BY_ALIGNMENT(.rtc.force_fast) SORT_BY_ALIGNMENT(.rtc.force_fast.*))
                0x0000000050000000                . = ALIGN (0x4)

.rtc.data       0x0000000050000000        0x0 load address 0x0000000000000000
                0x0000000050000000                . = ALIGN (0x4)
                0x0000000050000000                _rtc_data_start = ABSOLUTE (.)
 *(SORT_BY_ALIGNMENT(.rtc.data) SORT_BY_ALIGNMENT(.rtc.data.*))
 *(SORT_BY_ALIGNMENT(.rtc.rodata) SORT_BY_ALIGNMENT(.rtc.rodata.*))
                0x0000000050000000                . = ALIGN (0x4)

.rtc.bss        0x0000000050000000        0x0 load address 0x0000000000000000
                0x0000000050000000                _rtc_bss_start = ABSOLUTE (.)
 *(SORT_BY_ALIGNMENT(.rtc.bss) SORT_BY_ALIGNMENT(.rtc.bss.*))
                0x0000000050000000                _rtc_bss_end = ABSOLUTE (.)

.rtc_noinit     0x0000000050000000        0x0 load address 0x0000000000000000
                0x0000000050000000                . = ALIGN (0x4)
 *(SORT_BY_ALIGNMENT(.rtc_noinit) SORT_BY_ALIGNMENT(.rtc_noinit.*))
                0x0000000050000000                . = ALIGN (0x4)

.rtc.force_slow
                0x0000000050000000        0x0 load address 0x0000000000000000
                0x0000000050000000                . = ALIGN (0x4)
 *(SORT_BY_ALIGNMENT(.rtc.force_slow) SORT_BY_ALIGNMENT(.rtc.force_slow.*))
                0x0000000050000000                . = ALIGN (0x4)
                0x0000000050000000                _rtc_force_slow_end = ABSOLUTE (.)
                0x0000000000000000                _rtc_slow_length = (_rtc_force_slow_end - _rtc_data_start)

.iram0.text     0x0000000040380000     0x7f1c load address 0x0000000000000000
                0x0000000040380000                _iram_start = ABSOLUTE (.)
                0x0000000040380000                _init_start = ABSOLUTE (.)
 *(SORT_BY_ALIGNMENT(.exception_vectors.text))
 .exception_vectors.text
                0x0000000040380000       0x80 zephyr/libzephyr.a(vectors.S.obj)
                0x0000000040380000                _vector_table
                0x0000000040380100                . = ALIGN (0x100)
 *fill*         0x0000000040380080       0x80 
                0x0000000040380100                _invalid_pc_placeholder = ABSOLUTE (.)
 *(SORT_BY_ALIGNMENT(.exception.entry*))
 .exception.entry._isr_wrapper
                0x0000000040380100      0x144 zephyr/arch/arch/riscv/core/libarch__riscv__core.a(isr.S.obj)
                0x0000000040380100                _isr_wrapper
                0x0000000040380208                z_riscv_thread_start
 *(SORT_BY_ALIGNMENT(.exception.other*))
 .exception.other.__soc_handle_irq
                0x0000000040380244        0x2 zephyr/libzephyr.a(soc_irq.S.obj)
                0x0000000040380244                __soc_handle_irq
                0x0000000040380248                . = ALIGN (0x4)
 *fill*         0x0000000040380246        0x2 
 *(SORT_BY_ALIGNMENT(.entry.text))
 *(SORT_BY_ALIGNMENT(.init.literal))
 *(.init)
                0x0000000040380248                . = ALIGN (0x4)
                0x0000000040380248                _init_end = ABSOLUTE (.)
                0x0000000040380248                _iram_text_start = ABSOLUTE (.)
 *(SORT_BY_ALIGNMENT(.iram1) SORT_BY_ALIGNMENT(.iram1.*))
 .iram1.0       0x0000000040380248       0x1c zephyr/libzephyr.a(soc.c.obj)
                0x0000000040380248                __esp_platform_app_start
 .iram1.2       0x0000000040380264       0x30 zephyr/libzephyr.a(soc.c.obj)
                0x0000000040380264                arch_printk_char_out
 .iram1.2       0x0000000040380294        0xa zephyr/libzephyr.a(flash_ops.c.obj)
                0x0000000040380294                spi_flash_guard_set
 .iram1.4       0x000000004038029e       0x5c zephyr/libzephyr.a(flash_ops.c.obj)
                0x000000004038029e                esp_mspi_pin_init
 .iram1.3       0x00000000403802fa       0x28 zephyr/libzephyr.a(esp_flash_api.c.obj)
 .iram1.4       0x0000000040380322       0x22 zephyr/libzephyr.a(esp_flash_api.c.obj)
 .iram1.6       0x0000000040380344       0x54 zephyr/libzephyr.a(esp_flash_api.c.obj)
 .iram1.7       0x0000000040380398        0xc zephyr/libzephyr.a(esp_flash_api.c.obj)
                0x0000000040380398                esp_flash_chip_driver_initialized
 .iram1.5       0x00000000403803a4       0x2e zephyr/libzephyr.a(esp_flash_api.c.obj)
 .iram1.12      0x00000000403803d2       0xa6 zephyr/libzephyr.a(esp_flash_api.c.obj)
 .iram1.10      0x0000000040380478       0x80 zephyr/libzephyr.a(esp_flash_api.c.obj)
 .iram1.13      0x00000000403804f8       0x64 zephyr/libzephyr.a(esp_flash_api.c.obj)
                0x00000000403804f8                esp_flash_get_physical_size
 .iram1.9       0x000000004038055c      0x1b8 zephyr/libzephyr.a(esp_flash_api.c.obj)
                0x000000004038055c                esp_flash_init_main
 .iram1.0       0x0000000040380714       0x50 zephyr/libzephyr.a(flash_mmap.c.obj)
 .iram1.1       0x0000000040380764       0x74 zephyr/libzephyr.a(flash_mmap.c.obj)
                0x0000000040380764                spi_flash_check_and_flush_cache
 .iram1.2       0x00000000403807d8       0x16 zephyr/libzephyr.a(spi_flash_os_func_noos.c.obj)
 .iram1.1       0x00000000403807ee       0x12 zephyr/libzephyr.a(spi_flash_os_func_noos.c.obj)
 .iram1.0       0x0000000040380800       0x12 zephyr/libzephyr.a(spi_flash_os_func_noos.c.obj)
 .iram1.9       0x0000000040380812        0x4 zephyr/libzephyr.a(spi_flash_os_func_app.c.obj)
 .iram1.7       0x0000000040380816       0x46 zephyr/libzephyr.a(spi_flash_os_func_app.c.obj)
 .iram1.5       0x000000004038085c       0x2a zephyr/libzephyr.a(spi_flash_os_func_app.c.obj)
 .iram1.4       0x0000000040380886       0x1a zephyr/libzephyr.a(spi_flash_os_func_app.c.obj)
 .iram1.8       0x00000000403808a0       0x10 zephyr/libzephyr.a(spi_flash_os_func_app.c.obj)
 .iram1.6       0x00000000403808b0       0x16 zephyr/libzephyr.a(spi_flash_os_func_app.c.obj)
 .iram1.0       0x00000000403808c6        0xc zephyr/libzephyr.a(spi_flash_os_func_app.c.obj)
 .iram1.3       0x00000000403808d2       0x10 zephyr/libzephyr.a(spi_flash_os_func_app.c.obj)
 .iram1.1       0x00000000403808e2        0xc zephyr/libzephyr.a(spi_flash_os_func_app.c.obj)
 .iram1.2       0x00000000403808ee       0x10 zephyr/libzephyr.a(spi_flash_os_func_app.c.obj)
 .iram1.1       0x00000000403808fe       0x24 zephyr/libzephyr.a(esp_rom_sys.c.obj)
                0x00000000403808fe                esp_rom_install_uart_printf
 .iram1.2       0x0000000040380922       0x48 zephyr/libzephyr.a(esp_clk.c.obj)
                0x0000000040380922                esp_clk_apb_freq
 .iram1.2       0x000000004038096a       0x20 zephyr/libzephyr.a(regi2c_ctrl.c.obj)
                0x000000004038096a                regi2c_ctrl_read_reg_mask
 .iram1.3       0x000000004038098a       0x20 zephyr/libzephyr.a(regi2c_ctrl.c.obj)
                0x000000004038098a                regi2c_ctrl_write_reg
 .iram1.4       0x00000000403809aa       0x20 zephyr/libzephyr.a(regi2c_ctrl.c.obj)
                0x00000000403809aa                regi2c_ctrl_write_reg_mask
 .iram1.1       0x00000000403809ca       0x7a zephyr/libzephyr.a(esp_mmu_map.c.obj)
                0x00000000403809ca                esp_mmu_paddr_find_caps
 .iram1.0       0x0000000040380a44       0xca zephyr/libzephyr.a(esp_rom_uart.c.obj)
                0x0000000040380a44                esp_rom_uart_set_clock_baudrate
 .iram1.0       0x0000000040380b0e       0x1c zephyr/libzephyr.a(efuse_hal.c.obj)
                0x0000000040380b0e                efuse_hal_chip_revision
 .iram1.0       0x0000000040380b2a       0x10 zephyr/libzephyr.a(efuse_hal.c.obj)
                0x0000000040380b2a                efuse_hal_get_major_chip_version
 .iram1.1       0x0000000040380b3a       0x1a zephyr/libzephyr.a(efuse_hal.c.obj)
                0x0000000040380b3a                efuse_hal_get_minor_chip_version
 .iram1.3       0x0000000040380b54       0x10 zephyr/libzephyr.a(cache_utils.c.obj)
 .iram1.4       0x0000000040380b64       0x10 zephyr/libzephyr.a(cache_utils.c.obj)
 .iram1.0       0x0000000040380b74       0x22 zephyr/libzephyr.a(cache_utils.c.obj)
                0x0000000040380b74                spi_flash_disable_interrupts_caches_and_other_cpu
 .iram1.1       0x0000000040380b96       0x24 zephyr/libzephyr.a(cache_utils.c.obj)
                0x0000000040380b96                spi_flash_enable_interrupts_caches_and_other_cpu
 .iram1.6       0x0000000040380bba       0x6c zephyr/libzephyr.a(bootloader_flash.c.obj)
 .iram1.1       0x0000000040380c26      0x1a6 zephyr/libzephyr.a(bootloader_flash.c.obj)
                0x0000000040380c26                bootloader_flash_execute_command_common
 .iram1.2       0x0000000040380dcc       0x18 zephyr/libzephyr.a(bootloader_flash.c.obj)
                0x0000000040380dcc                bootloader_execute_flash_command
 .iram1.0       0x0000000040380de4      0x160 zephyr/libzephyr.a(bootloader_flash.c.obj)
                0x0000000040380de4                bootloader_flash_unlock
 .iram1.3       0x0000000040380f44       0x2e zephyr/libzephyr.a(bootloader_flash.c.obj)
                0x0000000040380f44                bootloader_flash_read_sfdp
 .iram1.4       0x0000000040380f72       0x34 zephyr/libzephyr.a(bootloader_flash.c.obj)
                0x0000000040380f72                bootloader_read_flash_id
 .iram1.7       0x0000000040380fa6       0xd0 zephyr/libzephyr.a(bootloader_flash.c.obj)
                0x0000000040380fa6                bootloader_flash_xmc_startup
 .iram1.0       0x0000000040381076       0x4c zephyr/drivers/interrupt_controller/libdrivers__interrupt_controller.a(intc_esp32.c.obj)
 .iram1.3       0x00000000403810c2       0xc0 zephyr/drivers/interrupt_controller/libdrivers__interrupt_controller.a(intc_esp32.c.obj)
                0x00000000403810c2                esp_intr_disable
 .iram1.1       0x0000000040381182       0x40 zephyr/drivers/gpio/libdrivers__gpio.a(gpio_esp32.c.obj)
 .iram1.2       0x00000000403811c2       0x14 zephyr/drivers/gpio/libdrivers__gpio.a(gpio_esp32.c.obj)
 .iram1.0       0x00000000403811d6      0x2bc zephyr/drivers/gpio/libdrivers__gpio.a(gpio_esp32.c.obj)
 *(SORT_BY_ALIGNMENT(.iram0.literal) SORT_BY_ALIGNMENT(.iram.literal) SORT_BY_ALIGNMENT(.iram.text.literal) SORT_BY_ALIGNMENT(.iram0.text) SORT_BY_ALIGNMENT(.iram.text))
 *libzephyr.a:panic.*(SORT_BY_ALIGNMENT(.literal) SORT_BY_ALIGNMENT(.text) SORT_BY_ALIGNMENT(.literal.*) SORT_BY_ALIGNMENT(.text.*))
 *libzephyr.a:loader.*(SORT_BY_ALIGNMENT(.literal) SORT_BY_ALIGNMENT(.text) SORT_BY_ALIGNMENT(.literal.*) SORT_BY_ALIGNMENT(.text.*))
 .text.map_rom_segments
                0x0000000040381492      0x382 zephyr/libzephyr.a(loader.c.obj)
                0x0000000040381492                map_rom_segments
 .text.__start  0x0000000040381814      0x10c zephyr/libzephyr.a(loader.c.obj)
                0x0000000040381814                __start
 *libzephyr.a:flash_init.*(SORT_BY_ALIGNMENT(.literal) SORT_BY_ALIGNMENT(.text) SORT_BY_ALIGNMENT(.literal.*) SORT_BY_ALIGNMENT(.text.*))
 .text.esp_flash_config
                0x0000000040381920       0x4c zephyr/libzephyr.a(flash_init.c.obj)
                0x0000000040381920                esp_flash_config
 *libzephyr.a:soc_flash_init.*(SORT_BY_ALIGNMENT(.literal) SORT_BY_ALIGNMENT(.text) SORT_BY_ALIGNMENT(.literal.*) SORT_BY_ALIGNMENT(.text.*))
 .text.spi_flash_resume
                0x000000004038196c       0x28 zephyr/libzephyr.a(soc_flash_init.c.obj)
 .text.print_flash_info
                0x0000000040381994      0x140 zephyr/libzephyr.a(soc_flash_init.c.obj)
 .text.update_flash_config
                0x0000000040381ad4       0x72 zephyr/libzephyr.a(soc_flash_init.c.obj)
 .text.flash_update_id
                0x0000000040381b46       0x1c zephyr/libzephyr.a(soc_flash_init.c.obj)
                0x0000000040381b46                flash_update_id
 .text.flash_cs_timing_config
                0x0000000040381b62       0x3a zephyr/libzephyr.a(soc_flash_init.c.obj)
                0x0000000040381b62                flash_cs_timing_config
 .text.flash_set_dummy_out
                0x0000000040381b9c       0x1c zephyr/libzephyr.a(soc_flash_init.c.obj)
                0x0000000040381b9c                flash_set_dummy_out
 .text.configure_spi_pins
                0x0000000040381bb8       0xc2 zephyr/libzephyr.a(soc_flash_init.c.obj)
                0x0000000040381bb8                configure_spi_pins
 .text.flash_dummy_config
                0x0000000040381c7a       0x10 zephyr/libzephyr.a(soc_flash_init.c.obj)
                0x0000000040381c7a                flash_dummy_config
 .text.init_flash_configure
                0x0000000040381c8a       0x16 zephyr/libzephyr.a(soc_flash_init.c.obj)
 .text.init_spi_flash
                0x0000000040381ca0       0x2c zephyr/libzephyr.a(soc_flash_init.c.obj)
                0x0000000040381ca0                init_spi_flash
 *libzephyr.a:console_init.*(SORT_BY_ALIGNMENT(.literal) SORT_BY_ALIGNMENT(.text) SORT_BY_ALIGNMENT(.literal.*) SORT_BY_ALIGNMENT(.text.*))
 .text.esp_console_init
                0x0000000040381ccc       0x38 zephyr/libzephyr.a(console_init.c.obj)
                0x0000000040381ccc                esp_console_init
 *libzephyr.a:soc_init.*(SORT_BY_ALIGNMENT(.literal) SORT_BY_ALIGNMENT(.text) SORT_BY_ALIGNMENT(.literal.*) SORT_BY_ALIGNMENT(.text.*))
 .text.check_chip_validity
                0x0000000040381d04      0x12e zephyr/libzephyr.a(soc_init.c.obj)
 .text.print_banner
                0x0000000040381e32       0x4e zephyr/libzephyr.a(soc_init.c.obj)
                0x0000000040381e32                print_banner
 .text.read_bootloader_header
                0x0000000040381e80       0x40 zephyr/libzephyr.a(soc_init.c.obj)
                0x0000000040381e80                read_bootloader_header
 .text.config_wdt
                0x0000000040381ec0       0x4c zephyr/libzephyr.a(soc_init.c.obj)
                0x0000000040381ec0                config_wdt
 .text.check_bootloader_validity
                0x0000000040381f0c       0x5a zephyr/libzephyr.a(soc_init.c.obj)
                0x0000000040381f0c                check_bootloader_validity
 .text.soc_hw_init
                0x0000000040381f66       0x3a zephyr/libzephyr.a(soc_init.c.obj)
                0x0000000040381f66                soc_hw_init
 .text.ana_super_wdt_reset_config
                0x0000000040381fa0       0x38 zephyr/libzephyr.a(soc_init.c.obj)
                0x0000000040381fa0                ana_super_wdt_reset_config
 .text.ana_bod_reset_config
                0x0000000040381fd8       0x36 zephyr/libzephyr.a(soc_init.c.obj)
                0x0000000040381fd8                ana_bod_reset_config
 .text.ana_clock_glitch_reset_config
                0x000000004038200e       0x2e zephyr/libzephyr.a(soc_init.c.obj)
                0x000000004038200e                ana_clock_glitch_reset_config
 .text.ana_reset_config
                0x000000004038203c       0x3a zephyr/libzephyr.a(soc_init.c.obj)
                0x000000004038203c                ana_reset_config
 .text.super_wdt_auto_feed
                0x0000000040382076       0x24 zephyr/libzephyr.a(soc_init.c.obj)
                0x0000000040382076                super_wdt_auto_feed
 .text.wdt_reset_cpu0_info_enable
                0x000000004038209a       0x1e zephyr/libzephyr.a(soc_init.c.obj)
                0x000000004038209a                wdt_reset_cpu0_info_enable
 .text.check_wdt_reset
                0x00000000403820b8       0x52 zephyr/libzephyr.a(soc_init.c.obj)
                0x00000000403820b8                check_wdt_reset
 *libzephyr.a:hw_init.*(SORT_BY_ALIGNMENT(.literal) SORT_BY_ALIGNMENT(.text) SORT_BY_ALIGNMENT(.literal.*) SORT_BY_ALIGNMENT(.text.*))
 .text.hardware_init
                0x000000004038210a       0x78 zephyr/libzephyr.a(hw_init.c.obj)
                0x000000004038210a                hardware_init
 *libzephyr.a:soc_random.*(SORT_BY_ALIGNMENT(.literal) SORT_BY_ALIGNMENT(.text) SORT_BY_ALIGNMENT(.literal.*) SORT_BY_ALIGNMENT(.text.*))
 .text.soc_random_enable
                0x0000000040382182      0x172 zephyr/libzephyr.a(soc_random.c.obj)
                0x0000000040382182                soc_random_enable
 .text.soc_random_disable
                0x00000000403822f4       0x76 zephyr/libzephyr.a(soc_random.c.obj)
                0x00000000403822f4                soc_random_disable
 *libarch__riscv__core.a:(SORT_BY_ALIGNMENT(.literal) SORT_BY_ALIGNMENT(.text) SORT_BY_ALIGNMENT(.literal.*) SORT_BY_ALIGNMENT(.text.*))
 *fill*         0x000000004038236a        0x2 
 .text.z_riscv_switch
                0x000000004038236c       0x72 zephyr/arch/arch/riscv/core/libarch__riscv__core.a(switch.S.obj)
                0x000000004038236c                z_riscv_switch
 .text.arch_cpu_idle
                0x00000000403823de       0x24 zephyr/arch/arch/riscv/core/libarch__riscv__core.a(cpu_idle.c.obj)
                0x00000000403823de                arch_cpu_idle
 .text.bad_stack_pointer
                0x0000000040382402        0x4 zephyr/arch/arch/riscv/core/libarch__riscv__core.a(fatal.c.obj)
 .text.z_riscv_get_sp_before_exc
                0x0000000040382406        0x6 zephyr/arch/arch/riscv/core/libarch__riscv__core.a(fatal.c.obj)
                0x0000000040382406                z_riscv_get_sp_before_exc
 .text.z_riscv_fatal_error_csf
                0x000000004038240c       0x20 zephyr/arch/arch/riscv/core/libarch__riscv__core.a(fatal.c.obj)
                0x000000004038240c                z_riscv_fatal_error_csf
 .text.z_riscv_fatal_error
                0x000000004038242c        0x8 zephyr/arch/arch/riscv/core/libarch__riscv__core.a(fatal.c.obj)
                0x000000004038242c                z_riscv_fatal_error
 .text.z_riscv_fault
                0x0000000040382434       0x12 zephyr/arch/arch/riscv/core/libarch__riscv__core.a(fatal.c.obj)
                0x0000000040382434                z_riscv_fault
 .text.z_irq_spurious
                0x0000000040382446        0xe zephyr/arch/arch/riscv/core/libarch__riscv__core.a(irq_manage.c.obj)
                0x0000000040382446                z_irq_spurious
 .text.arch_irq_connect_dynamic
                0x0000000040382454       0x1e zephyr/arch/arch/riscv/core/libarch__riscv__core.a(irq_manage.c.obj)
                0x0000000040382454                arch_irq_connect_dynamic
 .text.arch_new_thread
                0x0000000040382472       0x34 zephyr/arch/arch/riscv/core/libarch__riscv__core.a(thread.c.obj)
                0x0000000040382472                arch_new_thread
 .text.z_tls_copy
                0x00000000403824a6       0x3e zephyr/arch/arch/riscv/core/libarch__riscv__core.a(tls.c.obj)
 .text.arch_tls_stack_setup
                0x00000000403824e4       0x30 zephyr/arch/arch/riscv/core/libarch__riscv__core.a(tls.c.obj)
                0x00000000403824e4                arch_tls_stack_setup
 .text.in_stack_bound
                0x0000000040382514       0x2a zephyr/arch/arch/riscv/core/libarch__riscv__core.a(stacktrace.c.obj)
 .text.in_fatal_stack_bound
                0x000000004038253e       0x46 zephyr/arch/arch/riscv/core/libarch__riscv__core.a(stacktrace.c.obj)
 .text.print_trace_address
                0x0000000040382584        0x4 zephyr/arch/arch/riscv/core/libarch__riscv__core.a(stacktrace.c.obj)
 .text.walk_stackframe
                0x0000000040382588       0xba zephyr/arch/arch/riscv/core/libarch__riscv__core.a(stacktrace.c.obj)
 .text.z_riscv_unwind_stack
                0x0000000040382642       0x2e zephyr/arch/arch/riscv/core/libarch__riscv__core.a(stacktrace.c.obj)
                0x0000000040382642                z_riscv_unwind_stack
 *libkernel.a:(SORT_BY_ALIGNMENT(.literal) SORT_BY_ALIGNMENT(.text) SORT_BY_ALIGNMENT(.literal.*) SORT_BY_ALIGNMENT(.text.*))
 .text.z_device_state_init
                0x0000000040382670       0x1c zephyr/kernel/libkernel.a(device.c.obj)
                0x0000000040382670                z_device_state_init
 .text.z_impl_device_is_ready
                0x000000004038268c       0x22 zephyr/kernel/libkernel.a(device.c.obj)
                0x000000004038268c                z_impl_device_is_ready
 .text.arch_system_halt
                0x00000000403826ae        0x6 zephyr/kernel/libkernel.a(fatal.c.obj)
                0x00000000403826ae                arch_system_halt
 .text.k_sys_fatal_error_handler
                0x00000000403826b4        0x6 zephyr/kernel/libkernel.a(fatal.c.obj)
                0x00000000403826b4                k_sys_fatal_error_handler
 .text.z_fatal_error
                0x00000000403826ba       0x2e zephyr/kernel/libkernel.a(fatal.c.obj)
                0x00000000403826ba                z_fatal_error
 .text.do_device_init
                0x00000000403826e8       0x46 zephyr/kernel/libkernel.a(init.c.obj)
 .text.z_sys_init_run_level
                0x000000004038272e       0x4a zephyr/kernel/libkernel.a(init.c.obj)
 .text.init_idle_thread
                0x0000000040382778       0x6a zephyr/kernel/libkernel.a(init.c.obj)
 .text.thread_schedule_new
                0x00000000403827e2       0x28 zephyr/kernel/libkernel.a(init.c.obj)
 .text.z_init_static_threads
                0x000000004038280a       0x80 zephyr/kernel/libkernel.a(init.c.obj)
 .text.bg_thread_main
                0x000000004038288a       0x3c zephyr/kernel/libkernel.a(init.c.obj)
 .text.z_swap_unlocked
                0x00000000403828c6       0x58 zephyr/kernel/libkernel.a(init.c.obj)
 .text.switch_to_main_thread
                0x000000004038291e        0x6 zephyr/kernel/libkernel.a(init.c.obj)
 .text.z_early_memset
                0x0000000040382924       0x12 zephyr/kernel/libkernel.a(init.c.obj)
                0x0000000040382924                z_early_memset
 .text.z_bss_zero
                0x0000000040382936       0x26 zephyr/kernel/libkernel.a(init.c.obj)
                0x0000000040382936                z_bss_zero
 .text.z_init_cpu
                0x000000004038295c       0x5e zephyr/kernel/libkernel.a(init.c.obj)
                0x000000004038295c                z_init_cpu
 .text.prepare_multithreading
                0x00000000403829ba       0x76 zephyr/kernel/libkernel.a(init.c.obj)
 .text.z_cstart
                0x0000000040382a30       0x2a zephyr/kernel/libkernel.a(init.c.obj)
                0x0000000040382a30                z_cstart
 .text.idle     0x0000000040382a5a        0xe zephyr/kernel/libkernel.a(idle.c.obj)
                0x0000000040382a5a                idle
 .text.arch_spin_relax
                0x0000000040382a68        0x4 zephyr/kernel/libkernel.a(idle.c.obj)
                0x0000000040382a68                arch_spin_relax
 .text.setup_thread_stack
                0x0000000040382a6c       0x42 zephyr/kernel/libkernel.a(thread.c.obj)
 .text.z_init_thread_base
                0x0000000040382aae       0x1e zephyr/kernel/libkernel.a(thread.c.obj)
                0x0000000040382aae                z_init_thread_base
 .text.z_setup_new_thread
                0x0000000040382acc       0xc8 zephyr/kernel/libkernel.a(thread.c.obj)
                0x0000000040382acc                z_setup_new_thread
 .text.z_dummy_thread_init
                0x0000000040382b94       0x30 zephyr/kernel/libkernel.a(thread.c.obj)
                0x0000000040382b94                z_dummy_thread_init
 .text.thread_active_elsewhere
                0x0000000040382bc4        0x4 zephyr/kernel/libkernel.a(sched.c.obj)
 .text.ready_thread
                0x0000000040382bc8      0x100 zephyr/kernel/libkernel.a(sched.c.obj)
 .text.unready_thread
                0x0000000040382cc8       0x94 zephyr/kernel/libkernel.a(sched.c.obj)
 .text.add_to_waitq_locked
                0x0000000040382d5c       0x72 zephyr/kernel/libkernel.a(sched.c.obj)
 .text.z_abort_thread_timeout
                0x0000000040382dce       0x10 zephyr/kernel/libkernel.a(sched.c.obj)
 .text.unpend_all
                0x0000000040382dde       0x60 zephyr/kernel/libkernel.a(sched.c.obj)
 .text.thread_halt_spin
                0x0000000040382e3e      0x176 zephyr/kernel/libkernel.a(sched.c.obj)
 .text.move_thread_to_end_of_prio_q
                0x0000000040382fb4      0x112 zephyr/kernel/libkernel.a(sched.c.obj)
                0x0000000040382fb4                move_thread_to_end_of_prio_q
 .text.z_ready_thread
                0x00000000403830c6       0x38 zephyr/kernel/libkernel.a(sched.c.obj)
                0x00000000403830c6                z_ready_thread
 .text.z_unpend_thread_no_timeout
                0x00000000403830fe       0x3a zephyr/kernel/libkernel.a(sched.c.obj)
                0x00000000403830fe                z_unpend_thread_no_timeout
 .text.z_sched_wake_thread
                0x0000000040383138       0x66 zephyr/kernel/libkernel.a(sched.c.obj)
                0x0000000040383138                z_sched_wake_thread
 .text.z_thread_timeout
                0x000000004038319e       0x10 zephyr/kernel/libkernel.a(sched.c.obj)
                0x000000004038319e                z_thread_timeout
 .text.z_unpend_thread
                0x00000000403831ae       0x1a zephyr/kernel/libkernel.a(sched.c.obj)
                0x00000000403831ae                z_unpend_thread
 .text.k_sched_lock
                0x00000000403831c8       0x2a zephyr/kernel/libkernel.a(sched.c.obj)
                0x00000000403831c8                k_sched_lock
 .text.z_swap_next_thread
                0x00000000403831f2        0xc zephyr/kernel/libkernel.a(sched.c.obj)
                0x00000000403831f2                z_swap_next_thread
 .text.z_swap_irqlock
                0x00000000403831fe       0x62 zephyr/kernel/libkernel.a(sched.c.obj)
 .text.z_reschedule_irqlock
                0x0000000040383260       0x32 zephyr/kernel/libkernel.a(sched.c.obj)
                0x0000000040383260                z_reschedule_irqlock
 .text.k_sched_unlock
                0x0000000040383292       0x90 zephyr/kernel/libkernel.a(sched.c.obj)
                0x0000000040383292                k_sched_unlock
 .text.z_swap   0x0000000040383322       0x6e zephyr/kernel/libkernel.a(sched.c.obj)
 .text.z_reschedule
                0x0000000040383390       0x34 zephyr/kernel/libkernel.a(sched.c.obj)
                0x0000000040383390                z_reschedule
 .text.z_get_next_switch_handle
                0x00000000403833c4       0x18 zephyr/kernel/libkernel.a(sched.c.obj)
                0x00000000403833c4                z_get_next_switch_handle
 .text.z_unpend_all
                0x00000000403833dc       0x42 zephyr/kernel/libkernel.a(sched.c.obj)
                0x00000000403833dc                z_unpend_all
 .text.init_ready_q
                0x000000004038341e        0xa zephyr/kernel/libkernel.a(sched.c.obj)
                0x000000004038341e                init_ready_q
 .text.z_sched_init
                0x0000000040383428       0x14 zephyr/kernel/libkernel.a(sched.c.obj)
                0x0000000040383428                z_sched_init
 .text.z_impl_k_yield
                0x000000004038343c       0xde zephyr/kernel/libkernel.a(sched.c.obj)
                0x000000004038343c                z_impl_k_yield
 .text.z_tick_sleep
                0x000000004038351a       0x98 zephyr/kernel/libkernel.a(sched.c.obj)
 .text.z_impl_k_sleep
                0x00000000403835b2       0x50 zephyr/kernel/libkernel.a(sched.c.obj)
                0x00000000403835b2                z_impl_k_sleep
 .text.z_impl_k_wakeup
                0x0000000040383602       0x4a zephyr/kernel/libkernel.a(sched.c.obj)
                0x0000000040383602                z_impl_k_wakeup
 .text.z_impl_k_sched_current_thread_query
                0x000000004038364c        0xc zephyr/kernel/libkernel.a(sched.c.obj)
                0x000000004038364c                z_impl_k_sched_current_thread_query
 .text.z_thread_abort
                0x0000000040383658      0x1be zephyr/kernel/libkernel.a(sched.c.obj)
                0x0000000040383658                z_thread_abort
 .text.z_impl_k_thread_abort
                0x0000000040383816        0xe zephyr/kernel/libkernel.a(sched.c.obj)
                0x0000000040383816                z_impl_k_thread_abort
 .text.slice_timeout
                0x0000000040383824       0x2c zephyr/kernel/libkernel.a(timeslicing.c.obj)
 .text.thread_is_sliceable
                0x0000000040383850       0x4e zephyr/kernel/libkernel.a(timeslicing.c.obj)
                0x0000000040383850                thread_is_sliceable
 .text.z_reset_time_slice
                0x000000004038389e       0x68 zephyr/kernel/libkernel.a(timeslicing.c.obj)
                0x000000004038389e                z_reset_time_slice
 .text.z_time_slice
                0x0000000040383906       0x58 zephyr/kernel/libkernel.a(timeslicing.c.obj)
                0x0000000040383906                z_time_slice
 .text.z_thread_monitor_exit
                0x000000004038395e       0x42 zephyr/kernel/libkernel.a(thread_monitor.c.obj)
                0x000000004038395e                z_thread_monitor_exit
 .text.first    0x00000000403839a0       0x10 zephyr/kernel/libkernel.a(timeout.c.obj)
 .text.next     0x00000000403839b0       0x14 zephyr/kernel/libkernel.a(timeout.c.obj)
 .text.remove_timeout
                0x00000000403839c4       0x3c zephyr/kernel/libkernel.a(timeout.c.obj)
 .text.next_timeout
                0x0000000040383a00       0x4c zephyr/kernel/libkernel.a(timeout.c.obj)
 .text.elapsed  0x0000000040383a4c       0x20 zephyr/kernel/libkernel.a(timeout.c.obj)
 .text.z_add_timeout
                0x0000000040383a6c      0x164 zephyr/kernel/libkernel.a(timeout.c.obj)
                0x0000000040383a6c                z_add_timeout
 .text.z_abort_timeout
                0x0000000040383bd0       0x68 zephyr/kernel/libkernel.a(timeout.c.obj)
                0x0000000040383bd0                z_abort_timeout
 .text.sys_clock_announce
                0x0000000040383c38      0x10e zephyr/kernel/libkernel.a(timeout.c.obj)
                0x0000000040383c38                sys_clock_announce
 .text.sys_clock_tick_get
                0x0000000040383d46       0x46 zephyr/kernel/libkernel.a(timeout.c.obj)
                0x0000000040383d46                sys_clock_tick_get
 .text.sys_clock_tick_get_32
                0x0000000040383d8c        0xe zephyr/kernel/libkernel.a(timeout.c.obj)
                0x0000000040383d8c                sys_clock_tick_get_32
 .text.z_impl_k_uptime_ticks
                0x0000000040383d9a        0xe zephyr/kernel/libkernel.a(timeout.c.obj)
                0x0000000040383d9a                z_impl_k_uptime_ticks
 .text.z_alloc_helper
                0x0000000040383da8       0x40 zephyr/kernel/libkernel.a(mempool.c.obj)
 .text.k_free   0x0000000040383de8       0x18 zephyr/kernel/libkernel.a(mempool.c.obj)
                0x0000000040383de8                k_free
 .text.k_malloc
                0x0000000040383e00       0x22 zephyr/kernel/libkernel.a(mempool.c.obj)
                0x0000000040383e00                k_malloc
 .text.k_thread_system_pool_assign
                0x0000000040383e22        0xe zephyr/kernel/libkernel.a(mempool.c.obj)
                0x0000000040383e22                k_thread_system_pool_assign
 .text.boot_banner
                0x0000000040383e30       0x14 zephyr/kernel/libkernel.a(banner.c.obj)
                0x0000000040383e30                boot_banner
 .text.k_heap_init
                0x0000000040383e44       0x1a zephyr/kernel/libkernel.a(kheap.c.obj)
                0x0000000040383e44                k_heap_init
 .text.statics_init
                0x0000000040383e5e       0x32 zephyr/kernel/libkernel.a(kheap.c.obj)
 .text.k_heap_free
                0x0000000040383e90       0x42 zephyr/kernel/libkernel.a(kheap.c.obj)
                0x0000000040383e90                k_heap_free
 *libgcc.a:lib2funcs.*(SORT_BY_ALIGNMENT(.literal) SORT_BY_ALIGNMENT(.text) SORT_BY_ALIGNMENT(.literal.*) SORT_BY_ALIGNMENT(.text.*))
 *libdrivers__flash.a:flash_esp32.*(SORT_BY_ALIGNMENT(.literal) SORT_BY_ALIGNMENT(.text) SORT_BY_ALIGNMENT(.literal.*) SORT_BY_ALIGNMENT(.text.*))
 *libzephyr.a:log_noos.*(SORT_BY_ALIGNMENT(.literal) SORT_BY_ALIGNMENT(.text) SORT_BY_ALIGNMENT(.literal.*) SORT_BY_ALIGNMENT(.text.*))
 .text.esp_log_impl_lock
                0x0000000040383ed2       0x22 zephyr/libzephyr.a(log_noos.c.obj)
                0x0000000040383ed2                esp_log_impl_lock
 .text.esp_log_impl_lock_timeout
                0x0000000040383ef4       0x10 zephyr/libzephyr.a(log_noos.c.obj)
                0x0000000040383ef4                esp_log_impl_lock_timeout
 .text.esp_log_impl_unlock
                0x0000000040383f04       0x24 zephyr/libzephyr.a(log_noos.c.obj)
                0x0000000040383f04                esp_log_impl_unlock
 .text.esp_log_early_timestamp
                0x0000000040383f28       0x26 zephyr/libzephyr.a(log_noos.c.obj)
                0x0000000040383f28                esp_log_early_timestamp
                0x0000000040383f28                esp_log_timestamp
 *libdrivers__timer.a:esp32c3_sys_timer.*(SORT_BY_ALIGNMENT(.literal) SORT_BY_ALIGNMENT(.text) SORT_BY_ALIGNMENT(.literal.*) SORT_BY_ALIGNMENT(.text.*))
 *libzephyr.a:log_core.*(SORT_BY_ALIGNMENT(.literal) SORT_BY_ALIGNMENT(.text) SORT_BY_ALIGNMENT(.literal.*) SORT_BY_ALIGNMENT(.text.*))
 *libzephyr.a:cbprintf_complete.*(SORT_BY_ALIGNMENT(.literal) SORT_BY_ALIGNMENT(.text) SORT_BY_ALIGNMENT(.literal.*) SORT_BY_ALIGNMENT(.text.*))
 *libzephyr.a:printk.*(SORT_BY_ALIGNMENT(.literal.printk) SORT_BY_ALIGNMENT(.literal.vprintk) SORT_BY_ALIGNMENT(.literal.char_out) SORT_BY_ALIGNMENT(.text.printk) SORT_BY_ALIGNMENT(.text.vprintk) SORT_BY_ALIGNMENT(.text.char_out))
 .text.char_out
                0x0000000040383f4e       0x14 zephyr/libzephyr.a(printk.c.obj)
 .text.vprintk  0x0000000040383f62       0x32 zephyr/libzephyr.a(printk.c.obj)
                0x0000000040383f62                vprintk
 .text.printk   0x0000000040383f94       0x20 zephyr/libzephyr.a(printk.c.obj)
                0x0000000040383f94                printk
 *libzephyr.a:log_msg.*(SORT_BY_ALIGNMENT(.literal) SORT_BY_ALIGNMENT(.text) SORT_BY_ALIGNMENT(.literal.*) SORT_BY_ALIGNMENT(.text.*))
 *libzephyr.a:log_list.*(SORT_BY_ALIGNMENT(.literal) SORT_BY_ALIGNMENT(.text) SORT_BY_ALIGNMENT(.literal.*) SORT_BY_ALIGNMENT(.text.*))
 *libdrivers__console.a:uart_console.*(SORT_BY_ALIGNMENT(.literal.console_out) SORT_BY_ALIGNMENT(.text.console_out))
 .text.console_out
                0x0000000040383fb4       0x44 zephyr/drivers/console/libdrivers__console.a(uart_console.c.obj)
 *libzephyr.a:log_output.*(SORT_BY_ALIGNMENT(.literal) SORT_BY_ALIGNMENT(.text) SORT_BY_ALIGNMENT(.literal.*) SORT_BY_ALIGNMENT(.text.*))
 *libzephyr.a:log_backend_uart.*(SORT_BY_ALIGNMENT(.literal) SORT_BY_ALIGNMENT(.text) SORT_BY_ALIGNMENT(.literal.*) SORT_BY_ALIGNMENT(.text.*))
 *libzephyr.a:rtc_*.*(SORT_BY_ALIGNMENT(.literal) SORT_BY_ALIGNMENT(.text) SORT_BY_ALIGNMENT(.literal.*) SORT_BY_ALIGNMENT(.text.*))
 .text.set_ocode_by_efuse
                0x0000000040383ff8       0x4a zephyr/libzephyr.a(rtc_init.c.obj)
 .text.get_dig_dbias_by_efuse
                0x0000000040384042       0x22 zephyr/libzephyr.a(rtc_init.c.obj)
 .text.calibrate_ocode
                0x0000000040384064       0xf8 zephyr/libzephyr.a(rtc_init.c.obj)
 .text.get_rtc_dbias_by_efuse
                0x000000004038415c       0xe6 zephyr/libzephyr.a(rtc_init.c.obj)
                0x000000004038415c                get_rtc_dbias_by_efuse
 .text.set_rtc_dig_dbias
                0x0000000040384242       0x70 zephyr/libzephyr.a(rtc_init.c.obj)
 .text.rtc_init
                0x00000000403842b2      0x422 zephyr/libzephyr.a(rtc_init.c.obj)
                0x00000000403842b2                rtc_init
 .text.rtc_clk_bbpll_disable
                0x00000000403846d4       0x16 zephyr/libzephyr.a(rtc_clk.c.obj)
 .text.rtc_clk_bbpll_enable
                0x00000000403846ea        0xe zephyr/libzephyr.a(rtc_clk.c.obj)
 .text.rtc_clk_bbpll_configure
                0x00000000403846f8      0x15a zephyr/libzephyr.a(rtc_clk.c.obj)
 .text.rtc_clk_32k_enable
                0x0000000040384852       0x84 zephyr/libzephyr.a(rtc_clk.c.obj)
                0x0000000040384852                rtc_clk_32k_enable
 .text.rtc_clk_32k_enable_external
                0x00000000403848d6       0x28 zephyr/libzephyr.a(rtc_clk.c.obj)
                0x00000000403848d6                rtc_clk_32k_enable_external
 .text.rtc_clk_8m_enable
                0x00000000403848fe       0x74 zephyr/libzephyr.a(rtc_clk.c.obj)
                0x00000000403848fe                rtc_clk_8m_enable
 .text.rtc_clk_slow_src_set
                0x0000000040384972       0x8a zephyr/libzephyr.a(rtc_clk.c.obj)
                0x0000000040384972                rtc_clk_slow_src_set
 .text.rtc_clk_slow_src_get
                0x00000000403849fc       0x1a zephyr/libzephyr.a(rtc_clk.c.obj)
                0x00000000403849fc                rtc_clk_slow_src_get
 .text.rtc_clk_fast_src_set
                0x0000000040384a16       0x44 zephyr/libzephyr.a(rtc_clk.c.obj)
                0x0000000040384a16                rtc_clk_fast_src_set
 .text.rtc_clk_fast_src_get
                0x0000000040384a5a       0x12 zephyr/libzephyr.a(rtc_clk.c.obj)
                0x0000000040384a5a                rtc_clk_fast_src_get
 .text.rtc_clk_xtal_freq_get
                0x0000000040384a6c       0x5c zephyr/libzephyr.a(rtc_clk.c.obj)
                0x0000000040384a6c                rtc_clk_xtal_freq_get
                0x0000000040384a6c                rtc_get_xtal
 .text.rtc_clk_cpu_freq_mhz_to_config
                0x0000000040384ac8       0x6c zephyr/libzephyr.a(rtc_clk.c.obj)
                0x0000000040384ac8                rtc_clk_cpu_freq_mhz_to_config
 .text.rtc_clk_cpu_freq_get_config
                0x0000000040384b34      0x10a zephyr/libzephyr.a(rtc_clk.c.obj)
                0x0000000040384b34                rtc_clk_cpu_freq_get_config
 .text.rtc_clk_xtal_freq_update
                0x0000000040384c3e       0x2c zephyr/libzephyr.a(rtc_clk.c.obj)
                0x0000000040384c3e                rtc_clk_xtal_freq_update
 .text.rtc_clk_apb_freq_update
                0x0000000040384c6a       0x16 zephyr/libzephyr.a(rtc_clk.c.obj)
                0x0000000040384c6a                rtc_clk_apb_freq_update
 .text.rtc_clk_cpu_freq_to_xtal
                0x0000000040384c80       0x56 zephyr/libzephyr.a(rtc_clk.c.obj)
 .text.rtc_clk_cpu_set_to_default_config
                0x0000000040384cd6       0x14 zephyr/libzephyr.a(rtc_clk.c.obj)
                0x0000000040384cd6                rtc_clk_cpu_set_to_default_config
 .text.rtc_clk_cpu_freq_set_xtal
                0x0000000040384cea       0x12 zephyr/libzephyr.a(rtc_clk.c.obj)
                0x0000000040384cea                rtc_clk_cpu_freq_set_xtal
 .text.rtc_clk_cpu_freq_to_pll_mhz
                0x0000000040384cfc       0x74 zephyr/libzephyr.a(rtc_clk.c.obj)
 .text.rtc_clk_cpu_freq_to_8m
                0x0000000040384d70       0x40 zephyr/libzephyr.a(rtc_clk.c.obj)
 .text.rtc_clk_cpu_freq_set_config
                0x0000000040384db0       0x94 zephyr/libzephyr.a(rtc_clk.c.obj)
                0x0000000040384db0                rtc_clk_cpu_freq_set_config
 .text.rtc_clk_apb_freq_get
                0x0000000040384e44       0x2c zephyr/libzephyr.a(rtc_clk.c.obj)
                0x0000000040384e44                rtc_clk_apb_freq_get
 .text.rtc_clk_divider_set
                0x0000000040384e70       0x32 zephyr/libzephyr.a(rtc_clk.c.obj)
                0x0000000040384e70                rtc_clk_divider_set
 .text.rtc_clk_8m_divider_set
                0x0000000040384ea2       0x26 zephyr/libzephyr.a(rtc_clk.c.obj)
                0x0000000040384ea2                rtc_clk_8m_divider_set
 .text.rtc_clk_init
                0x0000000040384ec8      0x146 zephyr/libzephyr.a(rtc_clk_init.c.obj)
                0x0000000040384ec8                rtc_clk_init
 .text.rtc_clk_cal_32k_valid
                0x000000004038500e       0x98 zephyr/libzephyr.a(rtc_time.c.obj)
 .text.rtc_clk_cal_internal
                0x00000000403850a6      0x21e zephyr/libzephyr.a(rtc_time.c.obj)
                0x00000000403850a6                rtc_clk_cal_internal
 .text.rtc_clk_cal
                0x00000000403852c4       0x88 zephyr/libzephyr.a(rtc_time.c.obj)
                0x00000000403852c4                rtc_clk_cal
 .text.rtc_time_us_to_slowclk
                0x000000004038534c       0x94 zephyr/libzephyr.a(rtc_time.c.obj)
                0x000000004038534c                rtc_time_us_to_slowclk
 .text.rtc_time_get
                0x00000000403853e0       0x14 zephyr/libzephyr.a(rtc_time.c.obj)
                0x00000000403853e0                rtc_time_get
 .text.rtc_clk_freq_cal
                0x00000000403853f4       0x22 zephyr/libzephyr.a(rtc_time.c.obj)
                0x00000000403853f4                rtc_clk_freq_cal
 .text.rtc_sleep_pu
                0x0000000040385416      0x134 zephyr/libzephyr.a(rtc_sleep.c.obj)
                0x0000000040385416                rtc_sleep_pu
 *libzephyr.a:periph_ctrl.*(SORT_BY_ALIGNMENT(.literal) SORT_BY_ALIGNMENT(.text) SORT_BY_ALIGNMENT(.literal.*) SORT_BY_ALIGNMENT(.text.*))
 .text.periph_ll_get_clk_en_mask
                0x000000004038554a       0xaa zephyr/libzephyr.a(periph_ctrl.c.obj)
 .text.periph_ll_get_rst_en_mask
                0x00000000403855f4       0xa6 zephyr/libzephyr.a(periph_ctrl.c.obj)
 .text.periph_ll_get_clk_en_reg
                0x000000004038569a       0x42 zephyr/libzephyr.a(periph_ctrl.c.obj)
 .text.periph_ll_get_rst_en_reg
                0x00000000403856dc       0x42 zephyr/libzephyr.a(periph_ctrl.c.obj)
 .text.periph_ll_enable_clk_clear_rst
                0x000000004038571e       0x50 zephyr/libzephyr.a(periph_ctrl.c.obj)
 .text.periph_ll_disable_clk_set_rst
                0x000000004038576e       0x50 zephyr/libzephyr.a(periph_ctrl.c.obj)
 .text.periph_module_enable
                0x00000000403857be       0x58 zephyr/libzephyr.a(periph_ctrl.c.obj)
                0x00000000403857be                periph_module_enable
 .text.periph_module_disable
                0x0000000040385816       0x46 zephyr/libzephyr.a(periph_ctrl.c.obj)
                0x0000000040385816                periph_module_disable
 *libzephyr.a:regi2c_ctrl.*(SORT_BY_ALIGNMENT(.literal) SORT_BY_ALIGNMENT(.text) SORT_BY_ALIGNMENT(.literal.*) SORT_BY_ALIGNMENT(.text.*))
 *libgcov.a:(SORT_BY_ALIGNMENT(.literal) SORT_BY_ALIGNMENT(.text) SORT_BY_ALIGNMENT(.literal.*) SORT_BY_ALIGNMENT(.text.*))
 *libphy.a:(SORT_BY_ALIGNMENT(.phyiram) SORT_BY_ALIGNMENT(.phyiram.*))
 *librtc.a:(SORT_BY_ALIGNMENT(.literal) SORT_BY_ALIGNMENT(.text) SORT_BY_ALIGNMENT(.literal.*) SORT_BY_ALIGNMENT(.text.*))
 *libzephyr.a:efuse_hal.*(SORT_BY_ALIGNMENT(.literal) SORT_BY_ALIGNMENT(.text) SORT_BY_ALIGNMENT(.literal.*) SORT_BY_ALIGNMENT(.text.*))
 *libzephyr.a:mmu_hal.*(SORT_BY_ALIGNMENT(.literal) SORT_BY_ALIGNMENT(.text) SORT_BY_ALIGNMENT(.literal.*) SORT_BY_ALIGNMENT(.text.*))
 .text.mmu_ll_find_entry_id_based_on_map_value
                0x000000004038585c       0x42 zephyr/libzephyr.a(mmu_hal.c.obj)
 .text.mmu_hal_unmap_all
                0x000000004038589e       0x22 zephyr/libzephyr.a(mmu_hal.c.obj)
                0x000000004038589e                mmu_hal_unmap_all
 .text.mmu_hal_init
                0x00000000403858c0       0x16 zephyr/libzephyr.a(mmu_hal.c.obj)
                0x00000000403858c0                mmu_hal_init
 .text.mmu_hal_pages_to_bytes
                0x00000000403858d6        0x6 zephyr/libzephyr.a(mmu_hal.c.obj)
                0x00000000403858d6                mmu_hal_pages_to_bytes
 .text.mmu_hal_map_region
                0x00000000403858dc       0x6c zephyr/libzephyr.a(mmu_hal.c.obj)
                0x00000000403858dc                mmu_hal_map_region
 .text.mmu_hal_paddr_to_vaddr
                0x0000000040385948       0x66 zephyr/libzephyr.a(mmu_hal.c.obj)
                0x0000000040385948                mmu_hal_paddr_to_vaddr
 .text.mmu_hal_check_valid_ext_vaddr_region
                0x00000000403859ae       0x60 zephyr/libzephyr.a(mmu_hal.c.obj)
                0x00000000403859ae                mmu_hal_check_valid_ext_vaddr_region
 *libzephyr.a:spi_flash_hal_iram.*(SORT_BY_ALIGNMENT(.literal) SORT_BY_ALIGNMENT(.literal.*) SORT_BY_ALIGNMENT(.text) SORT_BY_ALIGNMENT(.text.*))
 .text.spimem_flash_ll_set_read_mode
                0x0000000040385a0e       0x78 zephyr/libzephyr.a(spi_flash_hal_iram.c.obj)
 .text.spimem_flash_ll_set_buffer_data
                0x0000000040385a86       0x66 zephyr/libzephyr.a(spi_flash_hal_iram.c.obj)
 .text.spimem_flash_ll_get_buffer_data
                0x0000000040385aec       0x80 zephyr/libzephyr.a(spi_flash_hal_iram.c.obj)
 .text.spi_flash_hal_poll_cmd_done
                0x0000000040385b6c        0x8 zephyr/libzephyr.a(spi_flash_hal_iram.c.obj)
                0x0000000040385b6c                spi_flash_hal_poll_cmd_done
 .text.spi_flash_hal_configure_host_io_mode
                0x0000000040385b74      0x130 zephyr/libzephyr.a(spi_flash_hal_iram.c.obj)
                0x0000000040385b74                spi_flash_hal_configure_host_io_mode
 .text.spi_flash_hal_common_command
                0x0000000040385ca4      0x108 zephyr/libzephyr.a(spi_flash_hal_iram.c.obj)
                0x0000000040385ca4                spi_flash_hal_common_command
 .text.spi_flash_hal_read
                0x0000000040385dac       0x76 zephyr/libzephyr.a(spi_flash_hal_iram.c.obj)
                0x0000000040385dac                spi_flash_hal_read
 .text.spi_flash_hal_erase_chip
                0x0000000040385e22       0x24 zephyr/libzephyr.a(spi_flash_hal_iram.c.obj)
                0x0000000040385e22                spi_flash_hal_erase_chip
 .text.spi_flash_hal_erase_sector
                0x0000000040385e46       0x4c zephyr/libzephyr.a(spi_flash_hal_iram.c.obj)
                0x0000000040385e46                spi_flash_hal_erase_sector
 .text.spi_flash_hal_erase_block
                0x0000000040385e92       0x4a zephyr/libzephyr.a(spi_flash_hal_iram.c.obj)
                0x0000000040385e92                spi_flash_hal_erase_block
 .text.spi_flash_hal_program_page
                0x0000000040385edc       0x6a zephyr/libzephyr.a(spi_flash_hal_iram.c.obj)
                0x0000000040385edc                spi_flash_hal_program_page
 .text.spi_flash_hal_set_write_protect
                0x0000000040385f46       0x2c zephyr/libzephyr.a(spi_flash_hal_iram.c.obj)
                0x0000000040385f46                spi_flash_hal_set_write_protect
 .text.spi_flash_hal_check_status
                0x0000000040385f72       0x18 zephyr/libzephyr.a(spi_flash_hal_iram.c.obj)
                0x0000000040385f72                spi_flash_hal_check_status
 .text.spi_flash_hal_setup_read_suspend
                0x0000000040385f8a       0xdc zephyr/libzephyr.a(spi_flash_hal_iram.c.obj)
                0x0000000040385f8a                spi_flash_hal_setup_read_suspend
 .text.spi_flash_hal_setup_auto_suspend_mode
                0x0000000040386066       0x6e zephyr/libzephyr.a(spi_flash_hal_iram.c.obj)
                0x0000000040386066                spi_flash_hal_setup_auto_suspend_mode
 .text.spi_flash_hal_setup_auto_resume_mode
                0x00000000403860d4       0x3a zephyr/libzephyr.a(spi_flash_hal_iram.c.obj)
                0x00000000403860d4                spi_flash_hal_setup_auto_resume_mode
 .text.spi_flash_hal_disable_auto_suspend_mode
                0x000000004038610e       0x70 zephyr/libzephyr.a(spi_flash_hal_iram.c.obj)
                0x000000004038610e                spi_flash_hal_disable_auto_suspend_mode
 .text.spi_flash_hal_disable_auto_resume_mode
                0x000000004038617e       0x3c zephyr/libzephyr.a(spi_flash_hal_iram.c.obj)
                0x000000004038617e                spi_flash_hal_disable_auto_resume_mode
 .text.spi_flash_hal_device_config
                0x00000000403861ba       0xa8 zephyr/libzephyr.a(spi_flash_hal_iram.c.obj)
                0x00000000403861ba                spi_flash_hal_device_config
 .text.spi_flash_hal_resume
                0x0000000040386262       0x10 zephyr/libzephyr.a(spi_flash_hal_iram.c.obj)
                0x0000000040386262                spi_flash_hal_resume
 .text.spi_flash_hal_suspend
                0x0000000040386272       0x10 zephyr/libzephyr.a(spi_flash_hal_iram.c.obj)
                0x0000000040386272                spi_flash_hal_suspend
 *libzephyr.a:spi_flash_encrypt_hal_iram.*(SORT_BY_ALIGNMENT(.literal) SORT_BY_ALIGNMENT(.text) SORT_BY_ALIGNMENT(.literal.*) SORT_BY_ALIGNMENT(.text.*))
 .text.spi_flash_encryption_hal_enable
                0x0000000040386282       0x16 zephyr/libzephyr.a(spi_flash_encrypt_hal_iram.c.obj)
                0x0000000040386282                spi_flash_encryption_hal_enable
 .text.spi_flash_encryption_hal_disable
                0x0000000040386298        0xc zephyr/libzephyr.a(spi_flash_encrypt_hal_iram.c.obj)
                0x0000000040386298                spi_flash_encryption_hal_disable
 .text.spi_flash_encryption_hal_prepare
                0x00000000403862a4       0x2c zephyr/libzephyr.a(spi_flash_encrypt_hal_iram.c.obj)
                0x00000000403862a4                spi_flash_encryption_hal_prepare
 .text.spi_flash_encryption_hal_done
                0x00000000403862d0       0x22 zephyr/libzephyr.a(spi_flash_encrypt_hal_iram.c.obj)
                0x00000000403862d0                spi_flash_encryption_hal_done
 .text.spi_flash_encryption_hal_destroy
                0x00000000403862f2        0xa zephyr/libzephyr.a(spi_flash_encrypt_hal_iram.c.obj)
                0x00000000403862f2                spi_flash_encryption_hal_destroy
 .text.spi_flash_encryption_hal_check
                0x00000000403862fc        0xa zephyr/libzephyr.a(spi_flash_encrypt_hal_iram.c.obj)
                0x00000000403862fc                spi_flash_encryption_hal_check
 *libzephyr.a:cache_hal.*(SORT_BY_ALIGNMENT(.literal) SORT_BY_ALIGNMENT(.text) SORT_BY_ALIGNMENT(.literal.*) SORT_BY_ALIGNMENT(.text.*))
 .text.cache_hal_init
                0x0000000040386306       0x3a zephyr/libzephyr.a(cache_hal.c.obj)
                0x0000000040386306                cache_hal_init
 .text.cache_hal_disable
                0x0000000040386340       0x12 zephyr/libzephyr.a(cache_hal.c.obj)
                0x0000000040386340                cache_hal_disable
 .text.cache_hal_enable
                0x0000000040386352       0x1c zephyr/libzephyr.a(cache_hal.c.obj)
                0x0000000040386352                cache_hal_enable
 .text.cache_hal_suspend
                0x000000004038636e       0x12 zephyr/libzephyr.a(cache_hal.c.obj)
                0x000000004038636e                cache_hal_suspend
 .text.cache_hal_resume
                0x0000000040386380       0x1c zephyr/libzephyr.a(cache_hal.c.obj)
                0x0000000040386380                cache_hal_resume
 .text.cache_hal_invalidate_addr
                0x000000004038639c       0x2e zephyr/libzephyr.a(cache_hal.c.obj)
                0x000000004038639c                cache_hal_invalidate_addr
 *libzephyr.a:ledc_hal_iram.*(SORT_BY_ALIGNMENT(.literal) SORT_BY_ALIGNMENT(.text) SORT_BY_ALIGNMENT(.literal.*) SORT_BY_ALIGNMENT(.text.*))
 *libzephyr.a:i2c_hal_iram.*(SORT_BY_ALIGNMENT(.literal) SORT_BY_ALIGNMENT(.text) SORT_BY_ALIGNMENT(.literal.*) SORT_BY_ALIGNMENT(.text.*))
 *libzephyr.a:wdt_hal_iram.*(SORT_BY_ALIGNMENT(.literal) SORT_BY_ALIGNMENT(.text) SORT_BY_ALIGNMENT(.literal.*) SORT_BY_ALIGNMENT(.text.*))
 .text.wdt_hal_write_protect_disable
                0x00000000403863ca       0x22 zephyr/libzephyr.a(wdt_hal_iram.c.obj)
                0x00000000403863ca                wdt_hal_write_protect_disable
 .text.wdt_hal_write_protect_enable
                0x00000000403863ec       0x14 zephyr/libzephyr.a(wdt_hal_iram.c.obj)
                0x00000000403863ec                wdt_hal_write_protect_enable
 .text.wdt_hal_set_flashboot_en
                0x0000000040386400       0x3a zephyr/libzephyr.a(wdt_hal_iram.c.obj)
                0x0000000040386400                wdt_hal_set_flashboot_en
 *libzephyr.a:systimer_hal.*(SORT_BY_ALIGNMENT(.literal) SORT_BY_ALIGNMENT(.text) SORT_BY_ALIGNMENT(.literal.*) SORT_BY_ALIGNMENT(.text.*))
 .text.systimer_hal_init
                0x000000004038643a       0x16 zephyr/libzephyr.a(systimer_hal.c.obj)
                0x000000004038643a                systimer_hal_init
 .text.systimer_hal_set_tick_rate_ops
                0x0000000040386450        0xa zephyr/libzephyr.a(systimer_hal.c.obj)
                0x0000000040386450                systimer_hal_set_tick_rate_ops
 .text.systimer_hal_get_counter_value
                0x000000004038645a       0x4e zephyr/libzephyr.a(systimer_hal.c.obj)
                0x000000004038645a                systimer_hal_get_counter_value
 .text.systimer_hal_enable_counter
                0x00000000403864a8       0x14 zephyr/libzephyr.a(systimer_hal.c.obj)
                0x00000000403864a8                systimer_hal_enable_counter
 .text.systimer_hal_select_alarm_mode
                0x00000000403864bc       0x34 zephyr/libzephyr.a(systimer_hal.c.obj)
                0x00000000403864bc                systimer_hal_select_alarm_mode
 .text.systimer_hal_connect_alarm_counter
                0x00000000403864f0       0x1a zephyr/libzephyr.a(systimer_hal.c.obj)
                0x00000000403864f0                systimer_hal_connect_alarm_counter
 .text.systimer_hal_counter_can_stall_by_cpu
                0x000000004038650a       0x3a zephyr/libzephyr.a(systimer_hal.c.obj)
                0x000000004038650a                systimer_hal_counter_can_stall_by_cpu
 *libzephyr.a:spi_flash_hal_gpspi.*(SORT_BY_ALIGNMENT(.literal) SORT_BY_ALIGNMENT(.literal.*) SORT_BY_ALIGNMENT(.text) SORT_BY_ALIGNMENT(.text.*))
 .text.gpspi_flash_ll_set_read_mode
                0x0000000040386544       0xa0 zephyr/libzephyr.a(spi_flash_hal_gpspi.c.obj)
 .text.gpspi_flash_ll_set_buffer_data
                0x00000000403865e4       0x66 zephyr/libzephyr.a(spi_flash_hal_gpspi.c.obj)
 .text.gpspi_flash_ll_get_buffer_data
                0x000000004038664a       0x80 zephyr/libzephyr.a(spi_flash_hal_gpspi.c.obj)
 .text.spi_flash_hal_gpspi_poll_cmd_done
                0x00000000403866ca        0xc zephyr/libzephyr.a(spi_flash_hal_gpspi.c.obj)
                0x00000000403866ca                spi_flash_hal_gpspi_poll_cmd_done
 .text.spi_flash_hal_gpspi_device_config
                0x00000000403866d6       0xd2 zephyr/libzephyr.a(spi_flash_hal_gpspi.c.obj)
                0x00000000403866d6                spi_flash_hal_gpspi_device_config
 .text.spi_flash_hal_gpspi_configure_host_io_mode
                0x00000000403867a8      0x124 zephyr/libzephyr.a(spi_flash_hal_gpspi.c.obj)
                0x00000000403867a8                spi_flash_hal_gpspi_configure_host_io_mode
 .text.spi_flash_hal_gpspi_common_command
                0x00000000403868cc      0x148 zephyr/libzephyr.a(spi_flash_hal_gpspi.c.obj)
                0x00000000403868cc                spi_flash_hal_gpspi_common_command
 .text.spi_flash_hal_gpspi_read
                0x0000000040386a14       0xb6 zephyr/libzephyr.a(spi_flash_hal_gpspi.c.obj)
                0x0000000040386a14                spi_flash_hal_gpspi_read
 .text.spi_flash_hal_gpspi_supports_direct_write
                0x0000000040386aca        0x4 zephyr/libzephyr.a(spi_flash_hal_gpspi.c.obj)
                0x0000000040386aca                spi_flash_hal_gpspi_supports_direct_write
 .text.spi_flash_hal_gpspi_supports_direct_read
                0x0000000040386ace        0x4 zephyr/libzephyr.a(spi_flash_hal_gpspi.c.obj)
                0x0000000040386ace                spi_flash_hal_gpspi_supports_direct_read
 .text.spi_flash_hal_gpspi_check_status
                0x0000000040386ad2        0xe zephyr/libzephyr.a(spi_flash_hal_gpspi.c.obj)
                0x0000000040386ad2                spi_flash_hal_gpspi_check_status
 *libzephyr.a:lldesc.*(SORT_BY_ALIGNMENT(.literal) SORT_BY_ALIGNMENT(.literal.*) SORT_BY_ALIGNMENT(.text) SORT_BY_ALIGNMENT(.text.*))
 *(SORT_BY_ALIGNMENT(.literal.esp_log_write) SORT_BY_ALIGNMENT(.text.esp_log_write))
 .text.esp_log_write
                0x0000000040386ae0       0x20 zephyr/libzephyr.a(log.c.obj)
                0x0000000040386ae0                esp_log_write
 *(SORT_BY_ALIGNMENT(.literal.esp_log_timestamp) SORT_BY_ALIGNMENT(.text.esp_log_timestamp))
 *(SORT_BY_ALIGNMENT(.literal.esp_log_early_timestamp) SORT_BY_ALIGNMENT(.text.esp_log_early_timestamp))
 *(SORT_BY_ALIGNMENT(.literal.esp_log_impl_lock) SORT_BY_ALIGNMENT(.text.esp_log_impl_lock))
 *(SORT_BY_ALIGNMENT(.literal.esp_log_impl_lock_timeout) SORT_BY_ALIGNMENT(.text.esp_log_impl_lock_timeout))
 *(SORT_BY_ALIGNMENT(.literal.esp_log_impl_unlock) SORT_BY_ALIGNMENT(.text.esp_log_impl_unlock))
 *libzephyr.a:spi_flash_chip_boya.*(SORT_BY_ALIGNMENT(.literal) SORT_BY_ALIGNMENT(.literal.*) SORT_BY_ALIGNMENT(.text) SORT_BY_ALIGNMENT(.text.*))
 .text.spi_flash_chip_boya_probe
                0x0000000040386b00       0x2a zephyr/libzephyr.a(spi_flash_chip_boya.c.obj)
                0x0000000040386b00                spi_flash_chip_boya_probe
 .text.spi_flash_chip_boya_get_caps
                0x0000000040386b2a        0x4 zephyr/libzephyr.a(spi_flash_chip_boya.c.obj)
                0x0000000040386b2a                spi_flash_chip_boya_get_caps
 *libzephyr.a:spi_flash_chip_gd.*(SORT_BY_ALIGNMENT(.literal) SORT_BY_ALIGNMENT(.literal.*) SORT_BY_ALIGNMENT(.text) SORT_BY_ALIGNMENT(.text.*))
 .text.spi_flash_chip_gd_get_caps
                0x0000000040386b2e       0x16 zephyr/libzephyr.a(spi_flash_chip_gd.c.obj)
                0x0000000040386b2e                spi_flash_chip_gd_get_caps
 .text.spi_flash_chip_gd_detect_size
                0x0000000040386b44       0x2e zephyr/libzephyr.a(spi_flash_chip_gd.c.obj)
                0x0000000040386b44                spi_flash_chip_gd_detect_size
 .text.spi_flash_chip_gd_probe
                0x0000000040386b72       0x34 zephyr/libzephyr.a(spi_flash_chip_gd.c.obj)
                0x0000000040386b72                spi_flash_chip_gd_probe
 .text.spi_flash_chip_gd_set_io_mode
                0x0000000040386ba6       0x54 zephyr/libzephyr.a(spi_flash_chip_gd.c.obj)
                0x0000000040386ba6                spi_flash_chip_gd_set_io_mode
 .text.spi_flash_chip_gd_get_io_mode
                0x0000000040386bfa       0x20 zephyr/libzephyr.a(spi_flash_chip_gd.c.obj)
                0x0000000040386bfa                spi_flash_chip_gd_get_io_mode
 *libzephyr.a:spi_flash_chip_generic.*(SORT_BY_ALIGNMENT(.literal) SORT_BY_ALIGNMENT(.literal.*) SORT_BY_ALIGNMENT(.text) SORT_BY_ALIGNMENT(.text.*))
 .text.spi_flash_chip_generic_detect_size
                0x0000000040386c1a       0x3a zephyr/libzephyr.a(spi_flash_chip_generic.c.obj)
                0x0000000040386c1a                spi_flash_chip_generic_detect_size
 .text.spi_flash_chip_generic_probe
                0x0000000040386c54        0x4 zephyr/libzephyr.a(spi_flash_chip_generic.c.obj)
                0x0000000040386c54                spi_flash_chip_generic_probe
 .text.spi_flash_chip_generic_reset
                0x0000000040386c58       0x60 zephyr/libzephyr.a(spi_flash_chip_generic.c.obj)
                0x0000000040386c58                spi_flash_chip_generic_reset
 .text.spi_flash_chip_generic_erase_chip
                0x0000000040386cb8       0x82 zephyr/libzephyr.a(spi_flash_chip_generic.c.obj)
                0x0000000040386cb8                spi_flash_chip_generic_erase_chip
 .text.spi_flash_chip_generic_erase_sector
                0x0000000040386d3a       0x8a zephyr/libzephyr.a(spi_flash_chip_generic.c.obj)
                0x0000000040386d3a                spi_flash_chip_generic_erase_sector
 .text.spi_flash_chip_generic_erase_block
                0x0000000040386dc4       0x8a zephyr/libzephyr.a(spi_flash_chip_generic.c.obj)
                0x0000000040386dc4                spi_flash_chip_generic_erase_block
 .text.spi_flash_chip_generic_page_program
                0x0000000040386e4e       0x6c zephyr/libzephyr.a(spi_flash_chip_generic.c.obj)
                0x0000000040386e4e                spi_flash_chip_generic_page_program
 .text.spi_flash_chip_generic_set_write_protect
                0x0000000040386eba       0x4e zephyr/libzephyr.a(spi_flash_chip_generic.c.obj)
                0x0000000040386eba                spi_flash_chip_generic_set_write_protect
 .text.spi_flash_chip_generic_read_reg
                0x0000000040386f08       0x14 zephyr/libzephyr.a(spi_flash_chip_generic.c.obj)
                0x0000000040386f08                spi_flash_chip_generic_read_reg
 .text.spi_flash_chip_generic_wait_idle
                0x0000000040386f1c       0xae zephyr/libzephyr.a(spi_flash_chip_generic.c.obj)
                0x0000000040386f1c                spi_flash_chip_generic_wait_idle
 .text.spi_flash_chip_generic_config_host_io_mode
                0x0000000040386fca      0x13e zephyr/libzephyr.a(spi_flash_chip_generic.c.obj)
                0x0000000040386fca                spi_flash_chip_generic_config_host_io_mode
 .text.spi_flash_chip_generic_write_encrypted
                0x0000000040387108       0xea zephyr/libzephyr.a(spi_flash_chip_generic.c.obj)
                0x0000000040387108                spi_flash_chip_generic_write_encrypted
 .text.spi_flash_chip_generic_get_caps
                0x00000000403871f2       0x94 zephyr/libzephyr.a(spi_flash_chip_generic.c.obj)
                0x00000000403871f2                spi_flash_chip_generic_get_caps
 .text.spi_flash_common_read_qe_sr
                0x0000000040387286       0x3c zephyr/libzephyr.a(spi_flash_chip_generic.c.obj)
 .text.spi_flash_common_write_qe_sr
                0x00000000403872c2       0x32 zephyr/libzephyr.a(spi_flash_chip_generic.c.obj)
 .text.spi_flash_common_read_status_16b_rdsr_rdsr2
                0x00000000403872f4       0x46 zephyr/libzephyr.a(spi_flash_chip_generic.c.obj)
                0x00000000403872f4                spi_flash_common_read_status_16b_rdsr_rdsr2
 .text.spi_flash_common_write_status_16b_wrsr
                0x000000004038733a       0x14 zephyr/libzephyr.a(spi_flash_chip_generic.c.obj)
                0x000000004038733a                spi_flash_common_write_status_16b_wrsr
 .text.spi_flash_chip_generic_suspend_cmd_conf
                0x000000004038734e       0x36 zephyr/libzephyr.a(spi_flash_chip_generic.c.obj)
                0x000000004038734e                spi_flash_chip_generic_suspend_cmd_conf
 .text.spi_flash_chip_generic_read
                0x0000000040387384       0xd6 zephyr/libzephyr.a(spi_flash_chip_generic.c.obj)
                0x0000000040387384                spi_flash_chip_generic_read
 .text.spi_flash_chip_generic_write
                0x000000004038745a       0xb6 zephyr/libzephyr.a(spi_flash_chip_generic.c.obj)
                0x000000004038745a                spi_flash_chip_generic_write
 .text.spi_flash_chip_generic_get_write_protect
                0x0000000040387510       0x32 zephyr/libzephyr.a(spi_flash_chip_generic.c.obj)
                0x0000000040387510                spi_flash_chip_generic_get_write_protect
 .text.spi_flash_chip_generic_yield
                0x0000000040387542       0x4a zephyr/libzephyr.a(spi_flash_chip_generic.c.obj)
                0x0000000040387542                spi_flash_chip_generic_yield
 .text.spi_flash_chip_generic_read_unique_id
                0x000000004038758c       0xa8 zephyr/libzephyr.a(spi_flash_chip_generic.c.obj)
                0x000000004038758c                spi_flash_chip_generic_read_unique_id
 .text.spi_flash_chip_generic_read_unique_id_none
                0x0000000040387634        0x6 zephyr/libzephyr.a(spi_flash_chip_generic.c.obj)
                0x0000000040387634                spi_flash_chip_generic_read_unique_id_none
 .text.spi_flash_common_read_status_8b_rdsr2
                0x000000004038763a       0x16 zephyr/libzephyr.a(spi_flash_chip_generic.c.obj)
                0x000000004038763a                spi_flash_common_read_status_8b_rdsr2
 .text.spi_flash_chip_generic_get_io_mode
                0x0000000040387650       0x20 zephyr/libzephyr.a(spi_flash_chip_generic.c.obj)
                0x0000000040387650                spi_flash_chip_generic_get_io_mode
 .text.spi_flash_common_read_status_8b_rdsr
                0x0000000040387670       0x14 zephyr/libzephyr.a(spi_flash_chip_generic.c.obj)
                0x0000000040387670                spi_flash_common_read_status_8b_rdsr
 .text.spi_flash_common_write_status_8b_wrsr
                0x0000000040387684       0x14 zephyr/libzephyr.a(spi_flash_chip_generic.c.obj)
                0x0000000040387684                spi_flash_common_write_status_8b_wrsr
 .text.spi_flash_common_write_status_8b_wrsr2
                0x0000000040387698       0x16 zephyr/libzephyr.a(spi_flash_chip_generic.c.obj)
                0x0000000040387698                spi_flash_common_write_status_8b_wrsr2
 .text.spi_flash_common_set_io_mode
                0x00000000403876ae       0xbe zephyr/libzephyr.a(spi_flash_chip_generic.c.obj)
                0x00000000403876ae                spi_flash_common_set_io_mode
 .text.spi_flash_chip_generic_set_io_mode
                0x000000004038776c       0x22 zephyr/libzephyr.a(spi_flash_chip_generic.c.obj)
                0x000000004038776c                spi_flash_chip_generic_set_io_mode
 *libzephyr.a:spi_flash_chip_issi.*(SORT_BY_ALIGNMENT(.literal) SORT_BY_ALIGNMENT(.literal.*) SORT_BY_ALIGNMENT(.text) SORT_BY_ALIGNMENT(.text.*))
 .text.spi_flash_chip_issi_probe
                0x000000004038778e       0x2a zephyr/libzephyr.a(spi_flash_chip_issi.c.obj)
                0x000000004038778e                spi_flash_chip_issi_probe
 .text.spi_flash_chip_issi_get_caps
                0x00000000403877b8        0x4 zephyr/libzephyr.a(spi_flash_chip_issi.c.obj)
                0x00000000403877b8                spi_flash_chip_issi_get_caps
 .text.spi_flash_chip_issi_set_io_mode
                0x00000000403877bc       0x22 zephyr/libzephyr.a(spi_flash_chip_issi.c.obj)
                0x00000000403877bc                spi_flash_chip_issi_set_io_mode
 .text.spi_flash_chip_issi_get_io_mode
                0x00000000403877de       0x20 zephyr/libzephyr.a(spi_flash_chip_issi.c.obj)
                0x00000000403877de                spi_flash_chip_issi_get_io_mode
 *libzephyr.a:spi_flash_chip_mxic.*(SORT_BY_ALIGNMENT(.literal) SORT_BY_ALIGNMENT(.literal.*) SORT_BY_ALIGNMENT(.text) SORT_BY_ALIGNMENT(.text.*))
 .text.spi_flash_chip_mxic_probe
                0x00000000403877fe       0x22 zephyr/libzephyr.a(spi_flash_chip_mxic.c.obj)
                0x00000000403877fe                spi_flash_chip_mxic_probe
 .text.spi_flash_chip_mxic_detect_size
                0x0000000040387820       0x46 zephyr/libzephyr.a(spi_flash_chip_mxic.c.obj)
                0x0000000040387820                spi_flash_chip_mxic_detect_size
 .text.spi_flash_chip_mxic_get_caps
                0x0000000040387866        0x4 zephyr/libzephyr.a(spi_flash_chip_mxic.c.obj)
                0x0000000040387866                spi_flash_chip_mxic_get_caps
 *libzephyr.a:spi_flash_chip_mxic_opi.*(SORT_BY_ALIGNMENT(.literal) SORT_BY_ALIGNMENT(.literal.*) SORT_BY_ALIGNMENT(.text) SORT_BY_ALIGNMENT(.text.*))
 *libzephyr.a:spi_flash_chip_th.*(SORT_BY_ALIGNMENT(.literal) SORT_BY_ALIGNMENT(.literal.*) SORT_BY_ALIGNMENT(.text) SORT_BY_ALIGNMENT(.text.*))
 .text.spi_flash_chip_th_probe
                0x000000004038786a       0x2a zephyr/libzephyr.a(spi_flash_chip_th.c.obj)
                0x000000004038786a                spi_flash_chip_th_probe
 .text.spi_flash_chip_th_get_caps
                0x0000000040387894        0x4 zephyr/libzephyr.a(spi_flash_chip_th.c.obj)
                0x0000000040387894                spi_flash_chip_th_get_caps
 *libzephyr.a:spi_flash_chip_winbond.*(SORT_BY_ALIGNMENT(.literal) SORT_BY_ALIGNMENT(.literal.*) SORT_BY_ALIGNMENT(.text) SORT_BY_ALIGNMENT(.text.*))
 .text.spi_flash_chip_winbond_probe
                0x0000000040387898       0x14 zephyr/libzephyr.a(spi_flash_chip_winbond.c.obj)
                0x0000000040387898                spi_flash_chip_winbond_probe
 .text.spi_flash_chip_winbond_get_caps
                0x00000000403878ac       0x16 zephyr/libzephyr.a(spi_flash_chip_winbond.c.obj)
                0x00000000403878ac                spi_flash_chip_winbond_get_caps
 .text.spi_flash_command_winbond_program_4B
                0x00000000403878c2       0x50 zephyr/libzephyr.a(spi_flash_chip_winbond.c.obj)
 .text.spi_flash_chip_winbond_page_program
                0x0000000040387912       0x4a zephyr/libzephyr.a(spi_flash_chip_winbond.c.obj)
                0x0000000040387912                spi_flash_chip_winbond_page_program
 .text.spi_flash_command_winbond_erase_sector_4B
                0x000000004038795c       0x4e zephyr/libzephyr.a(spi_flash_chip_winbond.c.obj)
 .text.spi_flash_chip_winbond_erase_sector
                0x00000000403879aa       0x58 zephyr/libzephyr.a(spi_flash_chip_winbond.c.obj)
                0x00000000403879aa                spi_flash_chip_winbond_erase_sector
 .text.spi_flash_command_erase_block_4B
                0x0000000040387a02       0x4e zephyr/libzephyr.a(spi_flash_chip_winbond.c.obj)
 .text.spi_flash_chip_winbond_erase_block
                0x0000000040387a50       0x58 zephyr/libzephyr.a(spi_flash_chip_winbond.c.obj)
                0x0000000040387a50                spi_flash_chip_winbond_erase_block
 .text.spi_flash_chip_winbond_read
                0x0000000040387aa8       0xe6 zephyr/libzephyr.a(spi_flash_chip_winbond.c.obj)
                0x0000000040387aa8                spi_flash_chip_winbond_read
 *libzephyr.a:memspi_host_driver.*(SORT_BY_ALIGNMENT(.literal) SORT_BY_ALIGNMENT(.literal.*) SORT_BY_ALIGNMENT(.text) SORT_BY_ALIGNMENT(.text.*))
 .text.memspi_host_read_status_hs
                0x0000000040387b8e       0x40 zephyr/libzephyr.a(memspi_host_driver.c.obj)
                0x0000000040387b8e                memspi_host_read_status_hs
 .text.memspi_host_erase_chip
                0x0000000040387bce       0x28 zephyr/libzephyr.a(memspi_host_driver.c.obj)
                0x0000000040387bce                memspi_host_erase_chip
 .text.memspi_host_set_write_protect
                0x0000000040387bf6       0x2e zephyr/libzephyr.a(memspi_host_driver.c.obj)
                0x0000000040387bf6                memspi_host_set_write_protect
 .text.memspi_host_write_data_slicer
                0x0000000040387c24       0x4e zephyr/libzephyr.a(memspi_host_driver.c.obj)
                0x0000000040387c24                memspi_host_write_data_slicer
 .text.memspi_host_read_data_slicer
                0x0000000040387c72       0x42 zephyr/libzephyr.a(memspi_host_driver.c.obj)
                0x0000000040387c72                memspi_host_read_data_slicer
 .text.memspi_host_read_id_hs
                0x0000000040387cb4       0x86 zephyr/libzephyr.a(memspi_host_driver.c.obj)
                0x0000000040387cb4                memspi_host_read_id_hs
 .text.memspi_host_flush_cache
                0x0000000040387d3a       0x28 zephyr/libzephyr.a(memspi_host_driver.c.obj)
                0x0000000040387d3a                memspi_host_flush_cache
 .text.memspi_host_erase_sector
                0x0000000040387d62       0x40 zephyr/libzephyr.a(memspi_host_driver.c.obj)
                0x0000000040387d62                memspi_host_erase_sector
 .text.memspi_host_erase_block
                0x0000000040387da2       0x40 zephyr/libzephyr.a(memspi_host_driver.c.obj)
                0x0000000040387da2                memspi_host_erase_block
 .text.memspi_host_program_page
                0x0000000040387de2       0x48 zephyr/libzephyr.a(memspi_host_driver.c.obj)
                0x0000000040387de2                memspi_host_program_page
 .text.memspi_host_init_pointers
                0x0000000040387e2a       0x38 zephyr/libzephyr.a(memspi_host_driver.c.obj)
                0x0000000040387e2a                memspi_host_init_pointers
 *libzephyr.a:flash_brownout_hook.*(SORT_BY_ALIGNMENT(.literal) SORT_BY_ALIGNMENT(.literal.*) SORT_BY_ALIGNMENT(.text) SORT_BY_ALIGNMENT(.text.*))
 *libzephyr.a:spi_flash_wrap.*(SORT_BY_ALIGNMENT(.literal) SORT_BY_ALIGNMENT(.literal.*) SORT_BY_ALIGNMENT(.text) SORT_BY_ALIGNMENT(.text.*))
 *libzephyr.a:flash_ops.*(SORT_BY_ALIGNMENT(.literal) SORT_BY_ALIGNMENT(.text) SORT_BY_ALIGNMENT(.literal.*) SORT_BY_ALIGNMENT(.text.*))
 .text.esp_mspi_get_io
                0x0000000040387e62       0x76 zephyr/libzephyr.a(flash_ops.c.obj)
                0x0000000040387e62                esp_mspi_get_io
 *libzephyr.a:esp_err.*(SORT_BY_ALIGNMENT(.literal) SORT_BY_ALIGNMENT(.literal.*) SORT_BY_ALIGNMENT(.text) SORT_BY_ALIGNMENT(.text.*))
 *(SORT_BY_ALIGNMENT(.literal.esp_system_abort) SORT_BY_ALIGNMENT(.text.esp_system_abort))
 *(SORT_BY_ALIGNMENT(.literal.esp_cpu_stall) SORT_BY_ALIGNMENT(.text.esp_cpu_stall))
 *(SORT_BY_ALIGNMENT(.literal.esp_cpu_unstall) SORT_BY_ALIGNMENT(.text.esp_cpu_unstall))
 *(SORT_BY_ALIGNMENT(.literal.esp_cpu_reset) SORT_BY_ALIGNMENT(.text.esp_cpu_reset))
 *(SORT_BY_ALIGNMENT(.literal.esp_cpu_wait_for_intr) SORT_BY_ALIGNMENT(.text.esp_cpu_wait_for_intr))
 *(SORT_BY_ALIGNMENT(.literal.esp_cpu_compare_and_set) SORT_BY_ALIGNMENT(.text.esp_cpu_compare_and_set))
 *(SORT_BY_ALIGNMENT(.literal.esp_gpio_reserve_pins) SORT_BY_ALIGNMENT(.text.esp_gpio_reserve_pins))
 .text.esp_gpio_reserve_pins
                0x0000000040387ed8       0x18 zephyr/libzephyr.a(esp_gpio_reserve.c.obj)
                0x0000000040387ed8                esp_gpio_reserve_pins
 *(SORT_BY_ALIGNMENT(.literal.esp_gpio_is_pin_reserved) SORT_BY_ALIGNMENT(.text.esp_gpio_is_pin_reserved))
 *(SORT_BY_ALIGNMENT(.literal.rtc_vddsdio_get_config) SORT_BY_ALIGNMENT(.text.rtc_vddsdio_get_config))
 *(SORT_BY_ALIGNMENT(.literal.rtc_vddsdio_set_config) SORT_BY_ALIGNMENT(.text.rtc_vddsdio_set_config))
 *libzephyr.a:esp_memory_utils.*(SORT_BY_ALIGNMENT(.literal) SORT_BY_ALIGNMENT(.literal.*) SORT_BY_ALIGNMENT(.text) SORT_BY_ALIGNMENT(.text.*))
 *libzephyr.a:rtc_clk.*(SORT_BY_ALIGNMENT(.literal) SORT_BY_ALIGNMENT(.literal.*) SORT_BY_ALIGNMENT(.text) SORT_BY_ALIGNMENT(.text.*))
 *libzephyr.a:rtc_clk_init.*(SORT_BY_ALIGNMENT(.literal) SORT_BY_ALIGNMENT(.literal.*) SORT_BY_ALIGNMENT(.text) SORT_BY_ALIGNMENT(.text.*))
 *libzephyr.a:rtc_time.*(SORT_BY_ALIGNMENT(.literal) SORT_BY_ALIGNMENT(.literal.*) SORT_BY_ALIGNMENT(.text) SORT_BY_ALIGNMENT(.text.*))
 *libzephyr.a:rtc_sleep.*(SORT_BY_ALIGNMENT(.literal) SORT_BY_ALIGNMENT(.literal.*) SORT_BY_ALIGNMENT(.text) SORT_BY_ALIGNMENT(.text.*))
 *libzephyr.a:systimer.*(SORT_BY_ALIGNMENT(.literal) SORT_BY_ALIGNMENT(.literal.*) SORT_BY_ALIGNMENT(.text) SORT_BY_ALIGNMENT(.text.*))
 .text.systimer_ticks_to_us
                0x0000000040387ef0        0xc zephyr/libzephyr.a(systimer.c.obj)
                0x0000000040387ef0                systimer_ticks_to_us
 .text.systimer_us_to_ticks
                0x0000000040387efc        0xc zephyr/libzephyr.a(systimer.c.obj)
                0x0000000040387efc                systimer_us_to_ticks
 *(SORT_BY_ALIGNMENT(.literal.sar_periph_ctrl_power_enable) SORT_BY_ALIGNMENT(.text.sar_periph_ctrl_power_enable))
 *(SORT_BY_ALIGNMENT(.literal.GPIO_HOLD_MASK) SORT_BY_ALIGNMENT(.text.GPIO_HOLD_MASK))
 *libzephyr.a:esp_rom_spiflash.*(SORT_BY_ALIGNMENT(.literal) SORT_BY_ALIGNMENT(.literal.*) SORT_BY_ALIGNMENT(.text) SORT_BY_ALIGNMENT(.text.*))
 *libzephyr.a:esp_rom_systimer.*(SORT_BY_ALIGNMENT(.literal) SORT_BY_ALIGNMENT(.literal.*) SORT_BY_ALIGNMENT(.text) SORT_BY_ALIGNMENT(.text.*))
 *libzephyr.a:esp_rom_wdt.*(SORT_BY_ALIGNMENT(.literal) SORT_BY_ALIGNMENT(.literal.*) SORT_BY_ALIGNMENT(.text) SORT_BY_ALIGNMENT(.text.*))
 *libzephyr.a:esp_cache.*(SORT_BY_ALIGNMENT(.literal) SORT_BY_ALIGNMENT(.literal.*) SORT_BY_ALIGNMENT(.text) SORT_BY_ALIGNMENT(.text.*))
 *libzephyr.a:cache_utils.*(SORT_BY_ALIGNMENT(.literal) SORT_BY_ALIGNMENT(.text) SORT_BY_ALIGNMENT(.literal.*) SORT_BY_ALIGNMENT(.text.*))
 .text.spi_flash_init_lock
                0x0000000040387f08        0x2 zephyr/libzephyr.a(cache_utils.c.obj)
                0x0000000040387f08                spi_flash_init_lock
 *libzephyr.a:bootloader_random*.*(SORT_BY_ALIGNMENT(.literal.bootloader_random_disable) SORT_BY_ALIGNMENT(.text.bootloader_random_disable))
 *libzephyr.a:bootloader_random*.*(SORT_BY_ALIGNMENT(.literal.bootloader_random_enable) SORT_BY_ALIGNMENT(.text.bootloader_random_enable))
                0x0000000040387f1c                . = (ALIGN (0x4) + 0x10)
 *fill*         0x0000000040387f0a       0x12 

.loader.text    0x0000000040387f1c      0x774 load address 0x0000000000007f1c
                0x0000000040387f1c                . = ALIGN (0x4)
                0x0000000040387f1c                _loader_text_start = ABSOLUTE (.)
 *libzephyr.a:bootloader_clock_init.*(SORT_BY_ALIGNMENT(.literal) SORT_BY_ALIGNMENT(.text) SORT_BY_ALIGNMENT(.literal.*) SORT_BY_ALIGNMENT(.text.*))
 .text.bootloader_clock_configure
                0x0000000040387f1c       0xdc zephyr/libzephyr.a(bootloader_clock_init.c.obj)
                0x0000000040387f1c                bootloader_clock_configure
 *libzephyr.a:bootloader_wdt.*(SORT_BY_ALIGNMENT(.literal) SORT_BY_ALIGNMENT(.text) SORT_BY_ALIGNMENT(.literal.*) SORT_BY_ALIGNMENT(.text.*))
 *libzephyr.a:bootloader_flash.*(SORT_BY_ALIGNMENT(.literal) SORT_BY_ALIGNMENT(.text) SORT_BY_ALIGNMENT(.literal.*) SORT_BY_ALIGNMENT(.text.*))
 .text.spi_to_esp_err
                0x0000000040387ff8       0x20 zephyr/libzephyr.a(bootloader_flash.c.obj)
 .text.bootloader_flash_read_allow_decrypt
                0x0000000040388018       0x88 zephyr/libzephyr.a(bootloader_flash.c.obj)
 .text.bootloader_flash_read_no_decrypt
                0x00000000403880a0       0x3c zephyr/libzephyr.a(bootloader_flash.c.obj)
 .text.esp_rom_flash_read
                0x00000000403880dc       0xba zephyr/libzephyr.a(bootloader_flash.c.obj)
                0x00000000403880dc                esp_rom_flash_read
 .text.bootloader_enable_wp
                0x0000000040388196       0x16 zephyr/libzephyr.a(bootloader_flash.c.obj)
                0x0000000040388196                bootloader_enable_wp
 *libzephyr.a:bootloader_clock_loader.*(SORT_BY_ALIGNMENT(.literal) SORT_BY_ALIGNMENT(.text) SORT_BY_ALIGNMENT(.literal.*) SORT_BY_ALIGNMENT(.text.*))
 *libzephyr.a:bootloader_panic.*(SORT_BY_ALIGNMENT(.literal) SORT_BY_ALIGNMENT(.text) SORT_BY_ALIGNMENT(.literal.*) SORT_BY_ALIGNMENT(.text.*))
 *libzephyr.a:bootloader_random.*(SORT_BY_ALIGNMENT(.literal) SORT_BY_ALIGNMENT(.text) SORT_BY_ALIGNMENT(.literal.*) SORT_BY_ALIGNMENT(.text.*))
 *libzephyr.a:bootloader_efuse.*(SORT_BY_ALIGNMENT(.literal) SORT_BY_ALIGNMENT(.text) SORT_BY_ALIGNMENT(.literal.*) SORT_BY_ALIGNMENT(.text.*))
 *libzephyr.a:bootloader_utility.*(SORT_BY_ALIGNMENT(.literal) SORT_BY_ALIGNMENT(.text) SORT_BY_ALIGNMENT(.literal.*) SORT_BY_ALIGNMENT(.text.*))
 *libzephyr.a:bootloader_sha.*(SORT_BY_ALIGNMENT(.literal) SORT_BY_ALIGNMENT(.text) SORT_BY_ALIGNMENT(.literal.*) SORT_BY_ALIGNMENT(.text.*))
 *libzephyr.a:esp_image_format.*(SORT_BY_ALIGNMENT(.literal) SORT_BY_ALIGNMENT(.text) SORT_BY_ALIGNMENT(.literal.*) SORT_BY_ALIGNMENT(.text.*))
 *libzephyr.a:flash_encrypt.*(SORT_BY_ALIGNMENT(.literal) SORT_BY_ALIGNMENT(.text) SORT_BY_ALIGNMENT(.literal.*) SORT_BY_ALIGNMENT(.text.*))
 *libzephyr.a:flash_encryption_secure_features.*(SORT_BY_ALIGNMENT(.literal) SORT_BY_ALIGNMENT(.text) SORT_BY_ALIGNMENT(.literal.*) SORT_BY_ALIGNMENT(.text.*))
 *libzephyr.a:flash_partitions.*(SORT_BY_ALIGNMENT(.literal) SORT_BY_ALIGNMENT(.text) SORT_BY_ALIGNMENT(.literal.*) SORT_BY_ALIGNMENT(.text.*))
 *libzephyr.a:flash_qio_mode.*(SORT_BY_ALIGNMENT(.literal) SORT_BY_ALIGNMENT(.text) SORT_BY_ALIGNMENT(.literal.*) SORT_BY_ALIGNMENT(.text.*))
 *libzephyr.a:spi_flash_hal.*(SORT_BY_ALIGNMENT(.literal) SORT_BY_ALIGNMENT(.literal.*) SORT_BY_ALIGNMENT(.text) SORT_BY_ALIGNMENT(.text.*))
 .text.gpspi_flash_ll_calculate_clock_reg
                0x00000000403881ac       0x2c zephyr/libzephyr.a(spi_flash_hal.c.obj)
 .text.spimem_flash_ll_calculate_clock_reg
                0x00000000403881d8       0x2c zephyr/libzephyr.a(spi_flash_hal.c.obj)
 .text.get_flash_clock_divider
                0x0000000040388204      0x10a zephyr/libzephyr.a(spi_flash_hal.c.obj)
 .text.spi_flash_cal_clock
                0x000000004038830e       0x20 zephyr/libzephyr.a(spi_flash_hal.c.obj)
 .text.spi_flash_hal_init
                0x000000004038832e       0xec zephyr/libzephyr.a(spi_flash_hal.c.obj)
                0x000000004038832e                spi_flash_hal_init
 .text.spi_flash_hal_supports_direct_write
                0x000000004038841a       0x12 zephyr/libzephyr.a(spi_flash_hal.c.obj)
                0x000000004038841a                spi_flash_hal_supports_direct_write
 .text.spi_flash_hal_supports_direct_read
                0x000000004038842c       0x12 zephyr/libzephyr.a(spi_flash_hal.c.obj)
                0x000000004038842c                spi_flash_hal_supports_direct_read
 *libzephyr.a:spi_flash_hal_common.*(SORT_BY_ALIGNMENT(.literal) SORT_BY_ALIGNMENT(.literal.*) SORT_BY_ALIGNMENT(.text) SORT_BY_ALIGNMENT(.text.*))
 *libzephyr.a:esp_flash_api.*(SORT_BY_ALIGNMENT(.literal) SORT_BY_ALIGNMENT(.text) SORT_BY_ALIGNMENT(.literal.*) SORT_BY_ALIGNMENT(.text.*))
 .text.esp_flash_read_chip_id
                0x000000004038843e       0x10 zephyr/libzephyr.a(esp_flash_api.c.obj)
                0x000000004038843e                esp_flash_read_chip_id
 *libzephyr.a:esp_flash_spi_init.*(SORT_BY_ALIGNMENT(.literal) SORT_BY_ALIGNMENT(.text) SORT_BY_ALIGNMENT(.literal.*) SORT_BY_ALIGNMENT(.text.*))
 .text.spimem_flash_ll_get_source_freq_mhz
                0x000000004038844e       0x3a zephyr/libzephyr.a(esp_flash_spi_init.c.obj)
 .text.esp_flash_init_default_chip
                0x0000000040388488       0xd2 zephyr/libzephyr.a(esp_flash_spi_init.c.obj)
                0x0000000040388488                esp_flash_init_default_chip
 .text.esp_flash_app_init
                0x000000004038855a       0x22 zephyr/libzephyr.a(esp_flash_spi_init.c.obj)
                0x000000004038855a                esp_flash_app_init
 *libzephyr.a:esp_efuse_table.*(SORT_BY_ALIGNMENT(.literal) SORT_BY_ALIGNMENT(.text) SORT_BY_ALIGNMENT(.literal.*) SORT_BY_ALIGNMENT(.text.*))
 *libzephyr.a:esp_efuse_fields.*(SORT_BY_ALIGNMENT(.literal) SORT_BY_ALIGNMENT(.text) SORT_BY_ALIGNMENT(.literal.*) SORT_BY_ALIGNMENT(.text.*))
 *libzephyr.a:esp_efuse_api.*(SORT_BY_ALIGNMENT(.literal) SORT_BY_ALIGNMENT(.text) SORT_BY_ALIGNMENT(.literal.*) SORT_BY_ALIGNMENT(.text.*))
 *libzephyr.a:esp_efuse_utility.*(SORT_BY_ALIGNMENT(.literal) SORT_BY_ALIGNMENT(.text) SORT_BY_ALIGNMENT(.literal.*) SORT_BY_ALIGNMENT(.text.*))
 *libzephyr.a:esp_efuse_api_key_esp32xx.*(SORT_BY_ALIGNMENT(.literal) SORT_BY_ALIGNMENT(.text) SORT_BY_ALIGNMENT(.literal.*) SORT_BY_ALIGNMENT(.text.*))
 *libzephyr.a:secure_boot.*(SORT_BY_ALIGNMENT(.literal) SORT_BY_ALIGNMENT(.text) SORT_BY_ALIGNMENT(.literal.*) SORT_BY_ALIGNMENT(.text.*))
 *libzephyr.a:secure_boot_secure_features.*(SORT_BY_ALIGNMENT(.literal) SORT_BY_ALIGNMENT(.text) SORT_BY_ALIGNMENT(.literal.*) SORT_BY_ALIGNMENT(.text.*))
 *libzephyr.a:secure_boot_signatures_bootloader.*(SORT_BY_ALIGNMENT(.literal) SORT_BY_ALIGNMENT(.text) SORT_BY_ALIGNMENT(.literal.*) SORT_BY_ALIGNMENT(.text.*))
 *libzephyr.a:cpu_region_protect.*(SORT_BY_ALIGNMENT(.literal) SORT_BY_ALIGNMENT(.text) SORT_BY_ALIGNMENT(.literal.*) SORT_BY_ALIGNMENT(.text.*))
 .text.esp_cpu_configure_region_protection
                0x000000004038857c       0xfa zephyr/libzephyr.a(cpu_region_protect.c.obj)
                0x000000004038857c                esp_cpu_configure_region_protection
 *libzephyr.a:esp_gpio_reserve.*(SORT_BY_ALIGNMENT(.literal) SORT_BY_ALIGNMENT(.text) SORT_BY_ALIGNMENT(.literal.*) SORT_BY_ALIGNMENT(.text.*))
                0x0000000040388690                . = (ALIGN (0x10) + 0x10)
 *fill*         0x0000000040388676       0x1a 
                0x0000000040388690                _loader_text_end = ABSOLUTE (.)

.iram0.text_end
                0x0000000040388690        0x0 load address 0x0000000000008690
                0x0000000040388690                . = ALIGN (0x10)
                0x0000000040388690                _iram_text_end = ABSOLUTE (.)

.iram0.data     0x0000000040388690        0x0 load address 0x0000000000008690
                0x0000000040388690                . = ALIGN (0x10)
 *(SORT_BY_ALIGNMENT(.iram.data))
 *(SORT_BY_ALIGNMENT(.iram.data*))

.iram0.bss      0x0000000040388690        0x0 load address 0x0000000000008690
                0x0000000040388690                . = ALIGN (0x10)
 *(SORT_BY_ALIGNMENT(.iram.bss))
 *(SORT_BY_ALIGNMENT(.iram.bss*))
                0x0000000040388690                . = ALIGN (0x10)
                0x0000000040388690                _iram_end = ABSOLUTE (.)
